Archive member included to satisfy reference by file (symbol)

c:/program files (x86)/gnu tools arm embedded/7 2018-q2-update/bin/../lib/gcc/arm-none-eabi/7.3.1/../../../../arm-none-eabi/lib/thumb/v7e-m/fpv4-sp/hard\libm.a(lib_a-s_cos.o)
                              ./vue/util/kiss_fft.o (cos)
c:/program files (x86)/gnu tools arm embedded/7 2018-q2-update/bin/../lib/gcc/arm-none-eabi/7.3.1/../../../../arm-none-eabi/lib/thumb/v7e-m/fpv4-sp/hard\libm.a(lib_a-s_floor.o)
                              ./vue/util/kiss_fft.o (floor)
c:/program files (x86)/gnu tools arm embedded/7 2018-q2-update/bin/../lib/gcc/arm-none-eabi/7.3.1/../../../../arm-none-eabi/lib/thumb/v7e-m/fpv4-sp/hard\libm.a(lib_a-s_sin.o)
                              ./vue/util/kiss_fft.o (sin)
c:/program files (x86)/gnu tools arm embedded/7 2018-q2-update/bin/../lib/gcc/arm-none-eabi/7.3.1/../../../../arm-none-eabi/lib/thumb/v7e-m/fpv4-sp/hard\libm.a(lib_a-w_sqrt.o)
                              ./vue/util/kiss_fft.o (sqrt)
c:/program files (x86)/gnu tools arm embedded/7 2018-q2-update/bin/../lib/gcc/arm-none-eabi/7.3.1/../../../../arm-none-eabi/lib/thumb/v7e-m/fpv4-sp/hard\libm.a(lib_a-e_rem_pio2.o)
                              c:/program files (x86)/gnu tools arm embedded/7 2018-q2-update/bin/../lib/gcc/arm-none-eabi/7.3.1/../../../../arm-none-eabi/lib/thumb/v7e-m/fpv4-sp/hard\libm.a(lib_a-s_cos.o) (__ieee754_rem_pio2)
c:/program files (x86)/gnu tools arm embedded/7 2018-q2-update/bin/../lib/gcc/arm-none-eabi/7.3.1/../../../../arm-none-eabi/lib/thumb/v7e-m/fpv4-sp/hard\libm.a(lib_a-e_sqrt.o)
                              c:/program files (x86)/gnu tools arm embedded/7 2018-q2-update/bin/../lib/gcc/arm-none-eabi/7.3.1/../../../../arm-none-eabi/lib/thumb/v7e-m/fpv4-sp/hard\libm.a(lib_a-w_sqrt.o) (__ieee754_sqrt)
c:/program files (x86)/gnu tools arm embedded/7 2018-q2-update/bin/../lib/gcc/arm-none-eabi/7.3.1/../../../../arm-none-eabi/lib/thumb/v7e-m/fpv4-sp/hard\libm.a(lib_a-k_cos.o)
                              c:/program files (x86)/gnu tools arm embedded/7 2018-q2-update/bin/../lib/gcc/arm-none-eabi/7.3.1/../../../../arm-none-eabi/lib/thumb/v7e-m/fpv4-sp/hard\libm.a(lib_a-s_cos.o) (__kernel_cos)
c:/program files (x86)/gnu tools arm embedded/7 2018-q2-update/bin/../lib/gcc/arm-none-eabi/7.3.1/../../../../arm-none-eabi/lib/thumb/v7e-m/fpv4-sp/hard\libm.a(lib_a-k_rem_pio2.o)
                              c:/program files (x86)/gnu tools arm embedded/7 2018-q2-update/bin/../lib/gcc/arm-none-eabi/7.3.1/../../../../arm-none-eabi/lib/thumb/v7e-m/fpv4-sp/hard\libm.a(lib_a-e_rem_pio2.o) (__kernel_rem_pio2)
c:/program files (x86)/gnu tools arm embedded/7 2018-q2-update/bin/../lib/gcc/arm-none-eabi/7.3.1/../../../../arm-none-eabi/lib/thumb/v7e-m/fpv4-sp/hard\libm.a(lib_a-k_sin.o)
                              c:/program files (x86)/gnu tools arm embedded/7 2018-q2-update/bin/../lib/gcc/arm-none-eabi/7.3.1/../../../../arm-none-eabi/lib/thumb/v7e-m/fpv4-sp/hard\libm.a(lib_a-s_cos.o) (__kernel_sin)
c:/program files (x86)/gnu tools arm embedded/7 2018-q2-update/bin/../lib/gcc/arm-none-eabi/7.3.1/../../../../arm-none-eabi/lib/thumb/v7e-m/fpv4-sp/hard\libm.a(lib_a-s_fabs.o)
                              c:/program files (x86)/gnu tools arm embedded/7 2018-q2-update/bin/../lib/gcc/arm-none-eabi/7.3.1/../../../../arm-none-eabi/lib/thumb/v7e-m/fpv4-sp/hard\libm.a(lib_a-e_rem_pio2.o) (fabs)
c:/program files (x86)/gnu tools arm embedded/7 2018-q2-update/bin/../lib/gcc/arm-none-eabi/7.3.1/../../../../arm-none-eabi/lib/thumb/v7e-m/fpv4-sp/hard\libm.a(lib_a-s_lib_ver.o)
                              c:/program files (x86)/gnu tools arm embedded/7 2018-q2-update/bin/../lib/gcc/arm-none-eabi/7.3.1/../../../../arm-none-eabi/lib/thumb/v7e-m/fpv4-sp/hard\libm.a(lib_a-w_sqrt.o) (__fdlib_version)
c:/program files (x86)/gnu tools arm embedded/7 2018-q2-update/bin/../lib/gcc/arm-none-eabi/7.3.1/../../../../arm-none-eabi/lib/thumb/v7e-m/fpv4-sp/hard\libm.a(lib_a-s_matherr.o)
                              c:/program files (x86)/gnu tools arm embedded/7 2018-q2-update/bin/../lib/gcc/arm-none-eabi/7.3.1/../../../../arm-none-eabi/lib/thumb/v7e-m/fpv4-sp/hard\libm.a(lib_a-w_sqrt.o) (matherr)
c:/program files (x86)/gnu tools arm embedded/7 2018-q2-update/bin/../lib/gcc/arm-none-eabi/7.3.1/../../../../arm-none-eabi/lib/thumb/v7e-m/fpv4-sp/hard\libm.a(lib_a-s_scalbn.o)
                              c:/program files (x86)/gnu tools arm embedded/7 2018-q2-update/bin/../lib/gcc/arm-none-eabi/7.3.1/../../../../arm-none-eabi/lib/thumb/v7e-m/fpv4-sp/hard\libm.a(lib_a-k_rem_pio2.o) (scalbn)
c:/program files (x86)/gnu tools arm embedded/7 2018-q2-update/bin/../lib/gcc/arm-none-eabi/7.3.1/../../../../arm-none-eabi/lib/thumb/v7e-m/fpv4-sp/hard\libm.a(lib_a-s_copysign.o)
[...]
Memory Configuration

Name             Origin             Length             Attributes
m_interrupts     0x1ffe0000         0x00000240         xr
m_text           0x1ffe0240         0x0002fdc0         xr
m_data           0x20010000         0x00010000         rw
m_data2          0x80000000         0x01000000         rw
*default*        0x00000000         0xffffffff

Linker script and memory map

LOAD c:/program files (x86)/gnu tools arm embedded/7 2018-q2-update/bin/../lib/gcc/arm-none-eabi/7.3.1/thumb/v7e-m/fpv4-sp/hard/crti.o
LOAD c:/program files (x86)/gnu tools arm embedded/7 2018-q2-update/bin/../lib/gcc/arm-none-eabi/7.3.1/thumb/v7e-m/fpv4-sp/hard/crtbegin.o
LOAD c:/program files (x86)/gnu tools arm embedded/7 2018-q2-update/bin/../lib/gcc/arm-none-eabi/7.3.1/../../../../arm-none-eabi/lib/thumb/v7e-m/fpv4-sp/hard/crt0.o
LOAD ./vue/util/Delay.o
LOAD ./vue/util/kfc.o
LOAD ./vue/util/kiss_fastfir.o
LOAD ./vue/util/kiss_fft.o
LOAD ./vue/util/kiss_fftnd.o
LOAD ./vue/util/kiss_fftndr.o
LOAD ./vue/util/kiss_fftr.o
LOAD ./vue/ipcTask/IpcInterface.o
LOAD ./vue/ipcTask/IpcTask.o
LOAD ./vue/deviceTask/DeviceInterface.o
LOAD ./vue/deviceTask/DeviceTask.o
LOAD ./vue/device/ADCSensor.o
LOAD ./vue/device/ActivePressureSensor.o
LOAD ./vue/device/DigitalIO.o
LOAD ./vue/device/I2CSensor.o
LOAD ./vue/device/MotorController.o
LOAD ./vue/device/RS485Sensor.o
LOAD ./vue/controller/CMVController.o
LOAD ./vue/controller/ExhController.o
LOAD ./vue/controller/FlowController.o
LOAD ./vue/controller/HFOController.o
LOAD ./vue/controller/HFOServo.o
LOAD ./vue/controller/NCPAPController.o
LOAD ./vue/controller/VCVController.o
LOAD ./vue/board/board.o
LOAD ./vue/board/clock_config.o
LOAD ./vue/board/i2c.o
LOAD ./vue/board/pin_mux.o
LOAD ./vue/board/spi.o
LOAD ./vue/board/uart.o
LOAD ./vue/main.o
LOAD ./rtos/freertos/Source/portable/low_power_tickless/fsl_tickless_gpt.o
LOAD ./rtos/freertos/Source/portable/MemMang/heap_4.o
LOAD ./rtos/freertos/Source/portable/GCC/ARM_CM4F/fsl_tickless_systick.o
LOAD ./rtos/freertos/Source/portable/GCC/ARM_CM4F/port.o
LOAD ./rtos/freertos/Source/croutine.o
LOAD ./rtos/freertos/Source/event_groups.o
LOAD ./rtos/freertos/Source/list.o
LOAD ./rtos/freertos/Source/queue.o
LOAD ./rtos/freertos/Source/tasks.o
LOAD ./rtos/freertos/Source/timers.o
LOAD ./rpmsg_lite/lib/virtio/virtqueue.o
LOAD ./rpmsg_lite/lib/rpmsg_lite/porting/platform/imx8mq_m4/rpmsg_platform.o
LOAD ./rpmsg_lite/lib/rpmsg_lite/porting/environment/rpmsg_env_freertos.o
LOAD ./rpmsg_lite/lib/rpmsg_lite/rpmsg_lite.o
LOAD ./rpmsg_lite/lib/rpmsg_lite/rpmsg_ns.o
LOAD ./rpmsg_lite/lib/rpmsg_lite/rpmsg_queue.o
LOAD ./rpmsg_lite/lib/common/llist.o
LOAD ./devices/MIMX8MQ6/utilities/str/fsl_str.o
LOAD ./devices/MIMX8MQ6/utilities/log/fsl_log.o
LOAD ./devices/MIMX8MQ6/utilities/io/fsl_io.o
LOAD ./devices/MIMX8MQ6/utilities/fsl_assert.o
LOAD ./devices/MIMX8MQ6/utilities/fsl_debug_console.o
LOAD ./devices/MIMX8MQ6/utilities/fsl_sbrk.o
LOAD ./devices/MIMX8MQ6/gcc/startup_MIMX8MQ6_cm4.o
LOAD ./devices/MIMX8MQ6/drivers/fsl_clock.o
LOAD ./devices/MIMX8MQ6/drivers/fsl_common.o
LOAD ./devices/MIMX8MQ6/drivers/fsl_ecspi.o
LOAD ./devices/MIMX8MQ6/drivers/fsl_ecspi_freertos.o
LOAD ./devices/MIMX8MQ6/drivers/fsl_gpio.o
LOAD ./devices/MIMX8MQ6/drivers/fsl_gpt.o
LOAD ./devices/MIMX8MQ6/drivers/fsl_i2c.o
LOAD ./devices/MIMX8MQ6/drivers/fsl_i2c_freertos.o
LOAD ./devices/MIMX8MQ6/drivers/fsl_mu.o
LOAD ./devices/MIMX8MQ6/drivers/fsl_pwm.o
LOAD ./devices/MIMX8MQ6/drivers/fsl_qspi.o
LOAD ./devices/MIMX8MQ6/drivers/fsl_rdc.o
LOAD ./devices/MIMX8MQ6/drivers/fsl_rdc_sema42.o
LOAD ./devices/MIMX8MQ6/drivers/fsl_sai.o
LOAD ./devices/MIMX8MQ6/drivers/fsl_sema4.o
LOAD ./devices/MIMX8MQ6/drivers/fsl_tmu.o
LOAD ./devices/MIMX8MQ6/drivers/fsl_uart.o
LOAD ./devices/MIMX8MQ6/drivers/fsl_uart_freertos.o
LOAD ./devices/MIMX8MQ6/drivers/fsl_wdog.o
LOAD ./devices/MIMX8MQ6/system_MIMX8MQ6_cm4.o
LOAD ./.metadata/.plugins/org.eclipse.cdt.make.core/specs.o
LOAD c:/program files (x86)/gnu tools arm embedded/7 2018-q2-update/bin/../lib/gcc/arm-none-eabi/7.3.1/../../../../arm-none-eabi/lib/thumb/v7e-m/fpv4-sp/hard\libm.a
START GROUP
LOAD c:/program files (x86)/gnu tools arm embedded/7 2018-q2-update/bin/../lib/gcc/arm-none-eabi/7.3.1/thumb/v7e-m/fpv4-sp/hard\libgcc.a
LOAD c:/program files (x86)/gnu tools arm embedded/7 2018-q2-update/bin/../lib/gcc/arm-none-eabi/7.3.1/../../../../arm-none-eabi/lib/thumb/v7e-m/fpv4-sp/hard\libg_nano.a
LOAD c:/program files (x86)/gnu tools arm embedded/7 2018-q2-update/bin/../lib/gcc/arm-none-eabi/7.3.1/../../../../arm-none-eabi/lib/thumb/v7e-m/fpv4-sp/hard\libc_nano.a
END GROUP
START GROUP
LOAD c:/program files (x86)/gnu tools arm embedded/7 2018-q2-update/bin/../lib/gcc/arm-none-eabi/7.3.1/thumb/v7e-m/fpv4-sp/hard\libgcc.a
LOAD c:/program files (x86)/gnu tools arm embedded/7 2018-q2-update/bin/../lib/gcc/arm-none-eabi/7.3.1/../../../../arm-none-eabi/lib/thumb/v7e-m/fpv4-sp/hard\libc_nano.a
LOAD c:/program files (x86)/gnu tools arm embedded/7 2018-q2-update/bin/../lib/gcc/arm-none-eabi/7.3.1/../../../../arm-none-eabi/lib/thumb/v7e-m/fpv4-sp/hard\libnosys.a
END GROUP
START GROUP
LOAD c:/program files (x86)/gnu tools arm embedded/7 2018-q2-update/bin/../lib/gcc/arm-none-eabi/7.3.1/thumb/v7e-m/fpv4-sp/hard\libgcc.a
LOAD c:/program files (x86)/gnu tools arm embedded/7 2018-q2-update/bin/../lib/gcc/arm-none-eabi/7.3.1/../../../../arm-none-eabi/lib/thumb/v7e-m/fpv4-sp/hard\libc_nano.a
LOAD c:/program files (x86)/gnu tools arm embedded/7 2018-q2-update/bin/../lib/gcc/arm-none-eabi/7.3.1/../../../../arm-none-eabi/lib/thumb/v7e-m/fpv4-sp/hard\libnosys.a
END GROUP
LOAD c:/program files (x86)/gnu tools arm embedded/7 2018-q2-update/bin/../lib/gcc/arm-none-eabi/7.3.1/thumb/v7e-m/fpv4-sp/hard/crtend.o
LOAD c:/program files (x86)/gnu tools arm embedded/7 2018-q2-update/bin/../lib/gcc/arm-none-eabi/7.3.1/thumb/v7e-m/fpv4-sp/hard/crtn.o
                0x00000400                HEAP_SIZE = DEFINED (__heap_size__)?__heap_size__:0x400
                0x00000400                STACK_SIZE = DEFINED (__stack_size__)?__stack_size__:0x400

.interrupts     0x1ffe0000      0x240
                0x1ffe0000                __VECTOR_TABLE = .
                0x1ffe0000                . = ALIGN (0x4)
 *(.isr_vector)
 .isr_vector    0x1ffe0000      0x240 ./devices/MIMX8MQ6/gcc/startup_MIMX8MQ6_cm4.o
                0x1ffe0000                __isr_vector
                0x1ffe0240                . = ALIGN (0x4)

.text           0x1ffe0240     0xa768
                0x1ffe0240                . = ALIGN (0x4)
 *(.text)
 .text          0x1ffe0240       0x40 c:/program files (x86)/gnu tools arm embedded/7 2018-q2-update/bin/../lib/gcc/arm-none-eabi/7.3.1/thumb/v7e-m/fpv4-sp/hard/crtbegin.o
 .text          0x1ffe0280       0x74 c:/program files (x86)/gnu tools arm embedded/7 2018-q2-update/bin/../lib/gcc/arm-none-eabi/7.3.1/../../../../arm-none-eabi/lib/thumb/v7e-m/fpv4-sp/hard/crt0.o
                0x1ffe0280                _start
                0x1ffe0280                _mainCRTStartup
 .text          0x1ffe02f4      0x15c ./devices/MIMX8MQ6/gcc/startup_MIMX8MQ6_cm4.o
                0x1ffe02f4                Reset_Handler
                0x1ffe033c                LCDIF_IRQHandler
                0x1ffe033c                Reserved120_IRQHandler
                0x1ffe033c                SRC_IRQHandler
                0x1ffe033c                CAAM_Job_Ring2_IRQHandler
                0x1ffe033c                GPIO2_Combined_0_15_IRQHandler
                0x1ffe033c                GPIO1_INT2_IRQHandler
                0x1ffe033c                PWM1_IRQHandler
                0x1ffe033c                CSI2_IRQHandler
                0x1ffe033c                Reserved114_IRQHandler
                0x1ffe033c                WDOG3_IRQHandler
                0x1ffe033c                GPT6_IRQHandler
                0x1ffe033c                PCIE_CTRL2_IRQ0_IRQHandler
                0x1ffe033c                CAAM_ERROR_IRQHandler
                0x1ffe033c                GPIO1_INT7_IRQHandler
                0x1ffe033c                PCIE_CTRL1_IRQ0_IRQHandler
                0x1ffe033c                QOS_IRQHandler
                0x1ffe033c                HS0_IRQHandler
                0x1ffe033c                GPIO5_Combined_0_15_IRQHandler
                0x1ffe033c                MIPI_DSI_IRQHandler
                0x1ffe033c                USB1_IRQHandler
                0x1ffe033c                PCIE_CTRL2_IRQ1_IRQHandler
                0x1ffe033c                ENET_1588_DriverIRQHandler
                0x1ffe033c                SNVS_IRQHandler
                0x1ffe033c                CCM2_IRQHandler
                0x1ffe033c                HDMI_IRQHandler
                0x1ffe033c                SRC_Combined_IRQHandler
                0x1ffe033c                GPIO4_Combined_16_31_IRQHandler
                0x1ffe033c                VPUDMA_DriverIRQHandler
                0x1ffe033c                GPIO4_Combined_0_15_IRQHandler
                0x1ffe033c                PERFMON1_IRQHandler
                0x1ffe033c                SCTR_IRQ0_IRQHandler
                0x1ffe033c                PWM3_IRQHandler
                0x1ffe033c                BusFault_Handler
                0x1ffe033c                UsageFault_Handler
                0x1ffe033c                WDOG1_IRQHandler
                0x1ffe033c                DAP_IRQHandler
                0x1ffe033c                TEMPMON_LOW_IRQHandler
                0x1ffe033c                GPT1_IRQHandler
                0x1ffe033c                DefaultISR
                0x1ffe033c                Reserved34_IRQHandler
                0x1ffe033c                SDMA2_DriverIRQHandler
                0x1ffe033c                GPT3_IRQHandler
                0x1ffe033c                SNVS_Security_IRQHandler
                0x1ffe033c                GPT5_IRQHandler
                0x1ffe033c                HS1_IRQHandler
                0x1ffe033c                USDHC1_DriverIRQHandler
                0x1ffe033c                GPIO1_INT0_IRQHandler
                0x1ffe033c                RTIC_IRQHandler
                0x1ffe033c                Reserved33_IRQHandler
                0x1ffe033c                I2S5_DriverIRQHandler
                0x1ffe033c                CSU_IRQHandler
                0x1ffe033c                GPU_IRQHandler
                0x1ffe033c                GPT2_IRQHandler
                0x1ffe033c                SPDIF1_DriverIRQHandler
                0x1ffe033c                ENET_MAC0_Rx_Tx_Done2_DriverIRQHandler
                0x1ffe033c                SPDIF2_DriverIRQHandler
                0x1ffe033c                SDMA1_DriverIRQHandler
                0x1ffe033c                ENET_DriverIRQHandler
                0x1ffe033c                MIPI_CSI1_IRQHandler
                0x1ffe033c                PCIE_CTRL2_IRQHandler
                0x1ffe033c                HEVC_IRQHandler
                0x1ffe033c                GPIO1_Combined_16_31_IRQHandler
                0x1ffe033c                DebugMon_Handler
                0x1ffe033c                CCM1_IRQHandler
                0x1ffe033c                CPU_CTI_Trigger_IRQHandler
                0x1ffe033c                GPIO2_Combined_16_31_IRQHandler
                0x1ffe033c                PERFMON2_IRQHandler
                0x1ffe033c                QSPI_DriverIRQHandler
                0x1ffe033c                GPIO3_Combined_16_31_IRQHandler
                0x1ffe033c                CSI1_IRQHandler
                0x1ffe033c                RDC_IRQHandler
                0x1ffe033c                WDOG2_IRQHandler
                0x1ffe033c                GPIO1_INT5_IRQHandler
                0x1ffe033c                APBHDMA_DriverIRQHandler
                0x1ffe033c                Reserved126_IRQHandler
                0x1ffe033c                PCIE_CTRL1_IRQ2_IRQHandler
                0x1ffe033c                PWM2_IRQHandler
                0x1ffe033c                GPIO1_INT6_IRQHandler
                0x1ffe033c                SNVS_Consolidated_IRQHandler
                0x1ffe033c                GPR_IRQ_IRQHandler
                0x1ffe033c                PCIE_CTRL1_IRQ1_IRQHandler
                0x1ffe033c                Reserved117_IRQHandler
                0x1ffe033c                GPC_IRQHandler
                0x1ffe033c                PCIE_CTRL1_IRQ3_IRQHandler
                0x1ffe033c                GPIO3_Combined_0_15_IRQHandler
                0x1ffe033c                Reserved118_IRQHandler
                0x1ffe033c                Reserved125_IRQHandler
                0x1ffe033c                VP9_IRQHandler
                0x1ffe033c                SCTR_IRQ1_IRQHandler
                0x1ffe033c                Reserved127_IRQHandler
                0x1ffe033c                GPMI_IRQHandler
                0x1ffe033c                GPIO5_Combined_16_31_IRQHandler
                0x1ffe033c                CPU_PerformanceUnit_IRQHandler
                0x1ffe033c                Reserved32_IRQHandler
                0x1ffe033c                PCIE_CTRL2_IRQ2_IRQHandler
                0x1ffe033c                ENET_MAC0_Rx_Tx_Done1_DriverIRQHandler
                0x1ffe033c                PWM4_IRQHandler
                0x1ffe033c                GPIO1_Combined_0_15_IRQHandler
                0x1ffe033c                MU_A53_IRQHandler
                0x1ffe033c                GPIO1_INT1_IRQHandler
                0x1ffe033c                CAAM_Job_Ring0_IRQHandler
                0x1ffe033c                PCIE_CTRL1_IRQHandler
                0x1ffe033c                GPIO1_INT4_IRQHandler
                0x1ffe033c                PCIE_CTRL2_IRQ3_IRQHandler
                0x1ffe033c                MIPI_CSI2_IRQHandler
                0x1ffe033c                CAAM_Job_Ring1_IRQHandler
                0x1ffe033c                USDHC2_DriverIRQHandler
                0x1ffe033c                I2S4_DriverIRQHandler
                0x1ffe033c                MemManage_Handler
                0x1ffe033c                GPT4_IRQHandler
                0x1ffe033c                DDC_IRQHandler
                0x1ffe033c                Reserved115_IRQHandler
                0x1ffe033c                GPIO1_INT3_IRQHandler
                0x1ffe033c                USB2_IRQHandler
                0x1ffe033c                H264_IRQHandler
                0x1ffe033c                BCH_IRQHandler
                0x1ffe033c                TZASC1_IRQHandler
                0x1ffe033c                Reserved142_IRQHandler
                0x1ffe0340                NMI_Handler
                0x1ffe0344                HardFault_Handler
                0x1ffe0354                SDMA1_IRQHandler
                0x1ffe0358                SPDIF1_IRQHandler
                0x1ffe035c                VPUDMA_IRQHandler
                0x1ffe0360                APBHDMA_IRQHandler
                0x1ffe0364                SPDIF2_IRQHandler
                0x1ffe0368                USDHC1_IRQHandler
                0x1ffe036c                USDHC2_IRQHandler
                0x1ffe0370                UART1_IRQHandler
                0x1ffe0374                UART2_IRQHandler
                0x1ffe0378                UART3_IRQHandler
                0x1ffe037c                UART4_IRQHandler
                0x1ffe0380                ECSPI1_IRQHandler
                0x1ffe0384                ECSPI2_IRQHandler
                0x1ffe0388                ECSPI3_IRQHandler
                0x1ffe038c                I2C1_IRQHandler
                0x1ffe0390                I2C2_IRQHandler
                0x1ffe0394                I2C3_IRQHandler
                0x1ffe0398                I2C4_IRQHandler
                0x1ffe039c                I2S3_IRQHandler
                0x1ffe03a0                I2S5_IRQHandler
                0x1ffe03a4                I2S1_IRQHandler
                0x1ffe03a8                I2S2_IRQHandler
                0x1ffe03ac                I2S4_IRQHandler
                0x1ffe03b0                SDMA2_IRQHandler
                0x1ffe03b4                QSPI_IRQHandler
                0x1ffe03b8                ENET_MAC0_Rx_Tx_Done1_IRQHandler
                0x1ffe03bc                ENET_MAC0_Rx_Tx_Done2_IRQHandler
                0x1ffe03c0                ENET_IRQHandler
                0x1ffe03c4                ENET_1588_IRQHandler
 .text          0x1ffe0450      0x378 c:/program files (x86)/gnu tools arm embedded/7 2018-q2-update/bin/../lib/gcc/arm-none-eabi/7.3.1/thumb/v7e-m/fpv4-sp/hard\libgcc.a(_arm_addsubdf3.o)
                0x1ffe0450                __aeabi_drsub
                0x1ffe0458                __aeabi_dsub
                0x1ffe0458                __subdf3
                0x1ffe045c                __aeabi_dadd
                0x1ffe045c                __adddf3
                0x1ffe06d4                __floatunsidf
                0x1ffe06d4                __aeabi_ui2d
                0x1ffe06f4                __floatsidf
                0x1ffe06f4                __aeabi_i2d
                0x1ffe0718                __aeabi_f2d
                0x1ffe0718                __extendsfdf2
                0x1ffe075c                __floatundidf
                0x1ffe075c                __aeabi_ul2d
                0x1ffe076c                __floatdidf
                0x1ffe076c                __aeabi_l2d
 .text          0x1ffe07c8       0x30 c:/program files (x86)/gnu tools arm embedded/7 2018-q2-update/bin/../lib/gcc/arm-none-eabi/7.3.1/thumb/v7e-m/fpv4-sp/hard\libgcc.a(_aeabi_uldivmod.o)
                0x1ffe07c8                __aeabi_uldivmod
 .text          0x1ffe07f8      0x2cc c:/program files (x86)/gnu tools arm embedded/7 2018-q2-update/bin/../lib/gcc/arm-none-eabi/7.3.1/thumb/v7e-m/fpv4-sp/hard\libgcc.a(_udivmoddi4.o)
                0x1ffe07f8                __udivmoddi4
 .text          0x1ffe0ac4        0x4 c:/program files (x86)/gnu tools arm embedded/7 2018-q2-update/bin/../lib/gcc/arm-none-eabi/7.3.1/thumb/v7e-m/fpv4-sp/hard\libgcc.a(_dvmd_tls.o)
                0x1ffe0ac4                __aeabi_idiv0
                0x1ffe0ac4                __aeabi_ldiv0
 .text          0x1ffe0ac8       0x10 c:/program files (x86)/gnu tools arm embedded/7 2018-q2-update/bin/../lib/gcc/arm-none-eabi/7.3.1/../../../../arm-none-eabi/lib/thumb/v7e-m/fpv4-sp/hard\libg_nano.a(lib_a-strlen.o)
                0x1ffe0ac8                strlen
 *(.text*)
 .text.ipcIf_sendRealTimeMsg
                0x1ffe0ad8       0x30 ./vue/ipcTask/IpcInterface.o
                0x1ffe0ad8                ipcIf_sendRealTimeMsg
 .text.ipcIf_sendCommandMsg
                0x1ffe0b08       0x30 ./vue/ipcTask/IpcInterface.o
                0x1ffe0b08                ipcIf_sendCommandMsg
 .text.devIf_IsA53AppReady
                0x1ffe0b38       0x18 ./vue/deviceTask/DeviceInterface.o
                0x1ffe0b38                devIf_IsA53AppReady
 .text.devIf_IsA53OSReady
                0x1ffe0b50       0x18 ./vue/deviceTask/DeviceInterface.o
                0x1ffe0b50                devIf_IsA53OSReady
 .text.devIf_HandleMsgQueueRecv
                0x1ffe0b68      0x9c0 ./vue/deviceTask/DeviceInterface.o
                0x1ffe0b68                devIf_HandleMsgQueueRecv
 .text.devIf_InitDevice
                0x1ffe1528       0x24 ./vue/deviceTask/DeviceInterface.o
                0x1ffe1528                devIf_InitDevice
 .text.devIf_CreateQueue
                0x1ffe154c       0x30 ./vue/deviceTask/DeviceInterface.o
                0x1ffe154c                devIf_CreateQueue
 .text.devIf_UpdateMonitorStruct
                0x1ffe157c      0x220 ./vue/deviceTask/DeviceInterface.o
                0x1ffe157c                devIf_UpdateMonitorStruct
 .text.devIf_sendReadyMessage
                0x1ffe179c       0x24 ./vue/deviceTask/DeviceInterface.o
                0x1ffe179c                devIf_sendReadyMessage
 .text.devTsk_loop
                0x1ffe17c0       0xa4 ./vue/deviceTask/DeviceTask.o
 .text.devTsk_Create
                0x1ffe1864       0x44 ./vue/deviceTask/DeviceTask.o
                0x1ffe1864                devTsk_Create
 .text.DigitalIO_Init
                0x1ffe18a8       0x48 ./vue/device/DigitalIO.o
                0x1ffe18a8                DigitalIO_Init
 .text.DigitalIO_SetState
                0x1ffe18f0      0x27c ./vue/device/DigitalIO.o
                0x1ffe18f0                DigitalIO_SetState
 .text.RS485ProxySensor_Init
                0x1ffe1b6c       0x40 ./vue/device/RS485Sensor.o
                0x1ffe1b6c                RS485ProxySensor_Init
 .text.CLOCK_GetRootPreDivider
                0x1ffe1bac       0x20 ./vue/board/board.o
 .text.CLOCK_GetRootPostDivider
                0x1ffe1bcc       0x1e ./vue/board/board.o
 .text.CLOCK_ControlGate
                0x1ffe1bea       0x1e ./vue/board/board.o
 .text.RDC_SetMasterDomainAssignment
                0x1ffe1c08       0x44 ./vue/board/board.o
 .text.BOARD_InitDebugConsole
                0x1ffe1c4c       0x60 ./vue/board/board.o
                0x1ffe1c4c                BOARD_InitDebugConsole
 .text.BOARD_InitMemory
                0x1ffe1cac      0x130 ./vue/board/board.o
                0x1ffe1cac                BOARD_InitMemory
 .text.BOARD_RdcInit
                0x1ffe1ddc       0x9c ./vue/board/board.o
                0x1ffe1ddc                BOARD_RdcInit
 .text.CLOCK_SetRootMux
                0x1ffe1e78       0x2c ./vue/board/clock_config.o
 .text.BOARD_BootClockRUN
                0x1ffe1ea4       0xf0 ./vue/board/clock_config.o
                0x1ffe1ea4                BOARD_BootClockRUN
 .text.IOMUXC_SetPinMux
                0x1ffe1f94       0x3e ./vue/board/pin_mux.o
 .text.IOMUXC_SetPinConfig
                0x1ffe1fd2       0x26 ./vue/board/pin_mux.o
 .text.BOARD_InitPins
                0x1ffe1ff8      0x204 ./vue/board/pin_mux.o
                0x1ffe1ff8                BOARD_InitPins
 .text.__NVIC_SetPriority
                0x1ffe21fc       0x54 ./vue/board/uart.o
 .text.CLOCK_GetRootPreDivider
                0x1ffe2250       0x20 ./vue/board/uart.o
 .text.CLOCK_GetRootPostDivider
                0x1ffe2270       0x1e ./vue/board/uart.o
 *fill*         0x1ffe228e        0x2 
 .text.uart_Init
                0x1ffe2290       0xfc ./vue/board/uart.o
                0x1ffe2290                uart_Init
 .text.uart_Write
                0x1ffe238c       0xb8 ./vue/board/uart.o
                0x1ffe238c                uart_Write
 .text.main     0x1ffe2444       0x38 ./vue/main.o
                0x1ffe2444                main
 .text.vPortSetupTimerInterrupt
                0x1ffe247c       0x40 ./rtos/freertos/Source/portable/low_power_tickless/fsl_tickless_gpt.o
                0x1ffe247c                vPortSetupTimerInterrupt
 .text.pvPortMalloc
                0x1ffe24bc      0x184 ./rtos/freertos/Source/portable/MemMang/heap_4.o
                0x1ffe24bc                pvPortMalloc
 .text.vPortFree
                0x1ffe2640       0xb0 ./rtos/freertos/Source/portable/MemMang/heap_4.o
                0x1ffe2640                vPortFree
 .text.prvHeapInit
                0x1ffe26f0       0xc4 ./rtos/freertos/Source/portable/MemMang/heap_4.o
 .text.prvInsertBlockIntoFreeList
                0x1ffe27b4       0xb4 ./rtos/freertos/Source/portable/MemMang/heap_4.o
 .text.pxPortInitialiseStack
                0x1ffe2868       0x68 ./rtos/freertos/Source/portable/GCC/ARM_CM4F/port.o
                0x1ffe2868                pxPortInitialiseStack
 .text.prvTaskExitError
                0x1ffe28d0       0x3c ./rtos/freertos/Source/portable/GCC/ARM_CM4F/port.o
 *fill*         0x1ffe290c        0x4 
 .text.SVC_Handler
                0x1ffe2910       0x28 ./rtos/freertos/Source/portable/GCC/ARM_CM4F/port.o
                0x1ffe2910                SVC_Handler
 .text.prvPortStartFirstTask
                0x1ffe2938       0x20 ./rtos/freertos/Source/portable/GCC/ARM_CM4F/port.o
 .text.xPortStartScheduler
                0x1ffe2958      0x118 ./rtos/freertos/Source/portable/GCC/ARM_CM4F/port.o
                0x1ffe2958                xPortStartScheduler
 .text.vPortEnterCritical
                0x1ffe2a70       0x5c ./rtos/freertos/Source/portable/GCC/ARM_CM4F/port.o
                0x1ffe2a70                vPortEnterCritical
 .text.vPortExitCritical
                0x1ffe2acc       0x50 ./rtos/freertos/Source/portable/GCC/ARM_CM4F/port.o
                0x1ffe2acc                vPortExitCritical
 *fill*         0x1ffe2b1c        0x4 
 .text.PendSV_Handler
                0x1ffe2b20       0x68 ./rtos/freertos/Source/portable/GCC/ARM_CM4F/port.o
                0x1ffe2b20                PendSV_Handler
 .text.SysTick_Handler
                0x1ffe2b88       0x40 ./rtos/freertos/Source/portable/GCC/ARM_CM4F/port.o
                0x1ffe2b88                SysTick_Handler
 .text.vPortEnableVFP
                0x1ffe2bc8       0x14 ./rtos/freertos/Source/portable/GCC/ARM_CM4F/port.o
 .text.vPortValidateInterruptPriority
                0x1ffe2bdc       0x7c ./rtos/freertos/Source/portable/GCC/ARM_CM4F/port.o
                0x1ffe2bdc                vPortValidateInterruptPriority
 .text.xEventGroupCreate
                0x1ffe2c58       0x2e ./rtos/freertos/Source/event_groups.o
                0x1ffe2c58                xEventGroupCreate
 *fill*         0x1ffe2c86        0x2 
 .text.xEventGroupWaitBits
                0x1ffe2c88      0x190 ./rtos/freertos/Source/event_groups.o
                0x1ffe2c88                xEventGroupWaitBits
 .text.xEventGroupSetBits
                0x1ffe2e18      0x112 ./rtos/freertos/Source/event_groups.o
                0x1ffe2e18                xEventGroupSetBits
 .text.vEventGroupDelete
                0x1ffe2f2a       0x60 ./rtos/freertos/Source/event_groups.o
                0x1ffe2f2a                vEventGroupDelete
 .text.vEventGroupSetBitsCallback
                0x1ffe2f8a       0x1a ./rtos/freertos/Source/event_groups.o
                0x1ffe2f8a                vEventGroupSetBitsCallback
 .text.prvTestWaitCondition
                0x1ffe2fa4       0x44 ./rtos/freertos/Source/event_groups.o
 .text.xEventGroupSetBitsFromISR
                0x1ffe2fe8       0x28 ./rtos/freertos/Source/event_groups.o
                0x1ffe2fe8                xEventGroupSetBitsFromISR
 .text.vListInitialise
                0x1ffe3010       0x40 ./rtos/freertos/Source/list.o
                0x1ffe3010                vListInitialise
 .text.vListInitialiseItem
                0x1ffe3050       0x1a ./rtos/freertos/Source/list.o
                0x1ffe3050                vListInitialiseItem
 .text.vListInsertEnd
                0x1ffe306a       0x48 ./rtos/freertos/Source/list.o
                0x1ffe306a                vListInsertEnd
 .text.vListInsert
                0x1ffe30b2       0x72 ./rtos/freertos/Source/list.o
                0x1ffe30b2                vListInsert
 .text.uxListRemove
                0x1ffe3124       0x54 ./rtos/freertos/Source/list.o
                0x1ffe3124                uxListRemove
 .text.xQueueGenericReset
                0x1ffe3178       0xd0 ./rtos/freertos/Source/queue.o
                0x1ffe3178                xQueueGenericReset
 .text.xQueueGenericCreate
                0x1ffe3248       0x72 ./rtos/freertos/Source/queue.o
                0x1ffe3248                xQueueGenericCreate
 .text.prvInitialiseNewQueue
                0x1ffe32ba       0x46 ./rtos/freertos/Source/queue.o
 .text.prvInitialiseMutex
                0x1ffe3300       0x34 ./rtos/freertos/Source/queue.o
 .text.xQueueCreateMutex
                0x1ffe3334       0x30 ./rtos/freertos/Source/queue.o
                0x1ffe3334                xQueueCreateMutex
 .text.xQueueGenericSend
                0x1ffe3364      0x1f4 ./rtos/freertos/Source/queue.o
                0x1ffe3364                xQueueGenericSend
 .text.xQueueGenericSendFromISR
                0x1ffe3558      0x128 ./rtos/freertos/Source/queue.o
                0x1ffe3558                xQueueGenericSendFromISR
 .text.xQueueGenericReceive
                0x1ffe3680      0x224 ./rtos/freertos/Source/queue.o
                0x1ffe3680                xQueueGenericReceive
 .text.vQueueDelete
                0x1ffe38a4       0x3a ./rtos/freertos/Source/queue.o
                0x1ffe38a4                vQueueDelete
 .text.prvCopyDataToQueue
                0x1ffe38de       0xd4 ./rtos/freertos/Source/queue.o
 .text.prvCopyDataFromQueue
                0x1ffe39b2       0x4c ./rtos/freertos/Source/queue.o
 .text.prvUnlockQueue
                0x1ffe39fe       0xa4 ./rtos/freertos/Source/queue.o
 .text.prvIsQueueEmpty
                0x1ffe3aa2       0x2c ./rtos/freertos/Source/queue.o
 .text.prvIsQueueFull
                0x1ffe3ace       0x30 ./rtos/freertos/Source/queue.o
 *fill*         0x1ffe3afe        0x2 
 .text.vQueueAddToRegistry
                0x1ffe3b00       0x50 ./rtos/freertos/Source/queue.o
                0x1ffe3b00                vQueueAddToRegistry
 .text.vQueueUnregisterQueue
                0x1ffe3b50       0x54 ./rtos/freertos/Source/queue.o
                0x1ffe3b50                vQueueUnregisterQueue
 .text.vQueueWaitForMessageRestricted
                0x1ffe3ba4       0x68 ./rtos/freertos/Source/queue.o
                0x1ffe3ba4                vQueueWaitForMessageRestricted
 .text.xTaskCreate
                0x1ffe3c0c       0x82 ./rtos/freertos/Source/tasks.o
                0x1ffe3c0c                xTaskCreate
 .text.prvInitialiseNewTask
                0x1ffe3c8e      0x136 ./rtos/freertos/Source/tasks.o
 .text.prvAddNewTaskToReadyList
                0x1ffe3dc4       0xdc ./rtos/freertos/Source/tasks.o
 .text.vTaskDelayUntil
                0x1ffe3ea0       0xf4 ./rtos/freertos/Source/tasks.o
                0x1ffe3ea0                vTaskDelayUntil
 .text.vTaskSuspend
                0x1ffe3f94      0x110 ./rtos/freertos/Source/tasks.o
                0x1ffe3f94                vTaskSuspend
 .text.vTaskStartScheduler
                0x1ffe40a4       0x98 ./rtos/freertos/Source/tasks.o
                0x1ffe40a4                vTaskStartScheduler
 .text.vTaskSuspendAll
                0x1ffe413c       0x1c ./rtos/freertos/Source/tasks.o
                0x1ffe413c                vTaskSuspendAll
 .text.xTaskResumeAll
                0x1ffe4158      0x138 ./rtos/freertos/Source/tasks.o
                0x1ffe4158                xTaskResumeAll
 .text.xTaskGetTickCount
                0x1ffe4290       0x20 ./rtos/freertos/Source/tasks.o
                0x1ffe4290                xTaskGetTickCount
 .text.xTaskIncrementTick
                0x1ffe42b0      0x158 ./rtos/freertos/Source/tasks.o
                0x1ffe42b0                xTaskIncrementTick
 .text.vTaskSwitchContext
                0x1ffe4408       0xb4 ./rtos/freertos/Source/tasks.o
                0x1ffe4408                vTaskSwitchContext
 .text.vTaskPlaceOnEventList
                0x1ffe44bc       0x48 ./rtos/freertos/Source/tasks.o
                0x1ffe44bc                vTaskPlaceOnEventList
 .text.vTaskPlaceOnUnorderedEventList
                0x1ffe4504       0x74 ./rtos/freertos/Source/tasks.o
                0x1ffe4504                vTaskPlaceOnUnorderedEventList
 .text.vTaskPlaceOnEventListRestricted
                0x1ffe4578       0x54 ./rtos/freertos/Source/tasks.o
                0x1ffe4578                vTaskPlaceOnEventListRestricted
 .text.xTaskRemoveFromEventList
                0x1ffe45cc       0xc4 ./rtos/freertos/Source/tasks.o
                0x1ffe45cc                xTaskRemoveFromEventList
 .text.xTaskRemoveFromUnorderedEventList
                0x1ffe4690       0xcc ./rtos/freertos/Source/tasks.o
                0x1ffe4690                xTaskRemoveFromUnorderedEventList
 .text.vTaskSetTimeOutState
                0x1ffe475c       0x48 ./rtos/freertos/Source/tasks.o
                0x1ffe475c                vTaskSetTimeOutState
 .text.xTaskCheckForTimeOut
                0x1ffe47a4       0xbc ./rtos/freertos/Source/tasks.o
                0x1ffe47a4                xTaskCheckForTimeOut
 .text.vTaskMissedYield
                0x1ffe4860       0x18 ./rtos/freertos/Source/tasks.o
                0x1ffe4860                vTaskMissedYield
 .text.prvIdleTask
                0x1ffe4878       0x30 ./rtos/freertos/Source/tasks.o
 .text.prvInitialiseTaskLists
                0x1ffe48a8       0x80 ./rtos/freertos/Source/tasks.o
 .text.prvCheckTasksWaitingTermination
                0x1ffe4928       0x78 ./rtos/freertos/Source/tasks.o
 .text.prvDeleteTCB
                0x1ffe49a0       0x20 ./rtos/freertos/Source/tasks.o
 .text.prvResetNextTaskUnblockTime
                0x1ffe49c0       0x4c ./rtos/freertos/Source/tasks.o
 .text.xTaskGetSchedulerState
                0x1ffe4a0c       0x3c ./rtos/freertos/Source/tasks.o
                0x1ffe4a0c                xTaskGetSchedulerState
 .text.vTaskPriorityInherit
                0x1ffe4a48       0xec ./rtos/freertos/Source/tasks.o
                0x1ffe4a48                vTaskPriorityInherit
 .text.xTaskPriorityDisinherit
                0x1ffe4b34      0x108 ./rtos/freertos/Source/tasks.o
                0x1ffe4b34                xTaskPriorityDisinherit
 .text.uxTaskResetEventItemValue
                0x1ffe4c3c       0x30 ./rtos/freertos/Source/tasks.o
                0x1ffe4c3c                uxTaskResetEventItemValue
 .text.pvTaskIncrementMutexHeldCount
                0x1ffe4c6c       0x28 ./rtos/freertos/Source/tasks.o
                0x1ffe4c6c                pvTaskIncrementMutexHeldCount
 .text.prvAddCurrentTaskToDelayedList
                0x1ffe4c94       0xcc ./rtos/freertos/Source/tasks.o
 .text.xTimerCreateTimerTask
                0x1ffe4d60       0x60 ./rtos/freertos/Source/timers.o
                0x1ffe4d60                xTimerCreateTimerTask
 .text.xTimerGenericCommand
                0x1ffe4dc0       0x98 ./rtos/freertos/Source/timers.o
                0x1ffe4dc0                xTimerGenericCommand
 .text.prvProcessExpiredTimer
                0x1ffe4e58       0x80 ./rtos/freertos/Source/timers.o
 .text.prvTimerTask
                0x1ffe4ed8       0x24 ./rtos/freertos/Source/timers.o
 .text.prvProcessTimerOrBlockTask
                0x1ffe4efc       0x9c ./rtos/freertos/Source/timers.o
 .text.prvGetNextExpireTime
                0x1ffe4f98       0x48 ./rtos/freertos/Source/timers.o
 .text.prvSampleTimeNow
                0x1ffe4fe0       0x40 ./rtos/freertos/Source/timers.o
 .text.prvInsertTimerInActiveList
                0x1ffe5020       0x84 ./rtos/freertos/Source/timers.o
 .text.prvProcessReceivedCommands
                0x1ffe50a4      0x154 ./rtos/freertos/Source/timers.o
 .text.prvSwitchTimerLists
                0x1ffe51f8       0xc0 ./rtos/freertos/Source/timers.o
 .text.prvCheckForValidListAndQueue
                0x1ffe52b8       0x6c ./rtos/freertos/Source/timers.o
 .text.xTimerPendFunctionCallFromISR
                0x1ffe5324       0x40 ./rtos/freertos/Source/timers.o
                0x1ffe5324                xTimerPendFunctionCallFromISR
 .text.virtqueue_notification
                0x1ffe5364       0x26 ./rpmsg_lite/lib/virtio/virtqueue.o
                0x1ffe5364                virtqueue_notification
 *fill*         0x1ffe538a        0x2 
 .text.MU_ReceiveMsgNonBlocking
                0x1ffe538c       0x3c ./rpmsg_lite/lib/rpmsg_lite/porting/platform/imx8mq_m4/rpmsg_platform.o
 .text.MU_GetStatusFlags
                0x1ffe53c8       0x20 ./rpmsg_lite/lib/rpmsg_lite/porting/platform/imx8mq_m4/rpmsg_platform.o
 .text.MU_M4_IRQHandler
                0x1ffe53e8       0x38 ./rpmsg_lite/lib/rpmsg_lite/porting/platform/imx8mq_m4/rpmsg_platform.o
                0x1ffe53e8                MU_M4_IRQHandler
 .text.env_isr  0x1ffe5420       0x50 ./rpmsg_lite/lib/rpmsg_lite/porting/environment/rpmsg_env_freertos.o
                0x1ffe5420                env_isr
 .text.ConvertRadixNumToString
                0x1ffe5470      0x114 ./devices/MIMX8MQ6/utilities/str/fsl_str.o
 .text.StrFormatPrintf
                0x1ffe5584      0x31e ./devices/MIMX8MQ6/utilities/str/fsl_str.o
                0x1ffe5584                StrFormatPrintf
 .text.LOG_Init
                0x1ffe58a2       0x30 ./devices/MIMX8MQ6/utilities/log/fsl_log.o
                0x1ffe58a2                LOG_Init
 *fill*         0x1ffe58d2        0x2 
 .text.LOG_Push
                0x1ffe58d4       0x3c ./devices/MIMX8MQ6/utilities/log/fsl_log.o
                0x1ffe58d4                LOG_Push
 .text.LOG_Pop  0x1ffe5910       0x42 ./devices/MIMX8MQ6/utilities/log/fsl_log.o
                0x1ffe5910                LOG_Pop
 .text.UART_EnableTx
                0x1ffe5952       0x40 ./devices/MIMX8MQ6/utilities/io/fsl_io.o
 .text.UART_EnableRx
                0x1ffe5992       0x40 ./devices/MIMX8MQ6/utilities/io/fsl_io.o
 *fill*         0x1ffe59d2        0x2 
 .text.IO_Init  0x1ffe59d4       0x90 ./devices/MIMX8MQ6/utilities/io/fsl_io.o
                0x1ffe59d4                IO_Init
 .text.IO_Transfer
                0x1ffe5a64       0x5c ./devices/MIMX8MQ6/utilities/io/fsl_io.o
                0x1ffe5a64                IO_Transfer
 .text.__assert_func
                0x1ffe5ac0       0x28 ./devices/MIMX8MQ6/utilities/fsl_assert.o
                0x1ffe5ac0                __assert_func
 .text.DbgConsole_Init
                0x1ffe5ae8       0x44 ./devices/MIMX8MQ6/utilities/fsl_debug_console.o
                0x1ffe5ae8                DbgConsole_Init
 .text.DbgConsole_Printf
                0x1ffe5b2c       0x64 ./devices/MIMX8MQ6/utilities/fsl_debug_console.o
                0x1ffe5b2c                DbgConsole_Printf
 .text.DbgConsole_RelocateLog
                0x1ffe5b90       0x64 ./devices/MIMX8MQ6/utilities/fsl_debug_console.o
 .text.CLOCK_PowerDownPll
                0x1ffe5bf4       0x38 ./devices/MIMX8MQ6/drivers/fsl_clock.o
 .text.CLOCK_SetPllBypass
                0x1ffe5c2c       0x68 ./devices/MIMX8MQ6/drivers/fsl_clock.o
 .text.CLOCK_IsPllBypassed
                0x1ffe5c94       0x38 ./devices/MIMX8MQ6/drivers/fsl_clock.o
 .text.CLOCK_IsPllLocked
                0x1ffe5ccc       0x24 ./devices/MIMX8MQ6/drivers/fsl_clock.o
 .text.CLOCK_EnableAnalogClock
                0x1ffe5cf0       0x38 ./devices/MIMX8MQ6/drivers/fsl_clock.o
 .text.CLOCK_GetPllRefClkFreq
                0x1ffe5d28       0xc0 ./devices/MIMX8MQ6/drivers/fsl_clock.o
                0x1ffe5d28                CLOCK_GetPllRefClkFreq
 .text.CLOCK_GetPllFreq
                0x1ffe5de8      0x208 ./devices/MIMX8MQ6/drivers/fsl_clock.o
                0x1ffe5de8                CLOCK_GetPllFreq
 .text.CLOCK_InitAudioPll1
                0x1ffe5ff0       0x68 ./devices/MIMX8MQ6/drivers/fsl_clock.o
                0x1ffe5ff0                CLOCK_InitAudioPll1
 .text.CLOCK_DeinitAudioPll1
                0x1ffe6058       0x14 ./devices/MIMX8MQ6/drivers/fsl_clock.o
                0x1ffe6058                CLOCK_DeinitAudioPll1
 .text.CLOCK_InitAudioPll2
                0x1ffe606c       0x74 ./devices/MIMX8MQ6/drivers/fsl_clock.o
                0x1ffe606c                CLOCK_InitAudioPll2
 .text.CLOCK_DeinitAudioPll2
                0x1ffe60e0       0x18 ./devices/MIMX8MQ6/drivers/fsl_clock.o
                0x1ffe60e0                CLOCK_DeinitAudioPll2
 .text.CLOCK_InitVideoPll1
                0x1ffe60f8       0x74 ./devices/MIMX8MQ6/drivers/fsl_clock.o
                0x1ffe60f8                CLOCK_InitVideoPll1
 .text.CLOCK_DeinitVideoPll1
                0x1ffe616c       0x18 ./devices/MIMX8MQ6/drivers/fsl_clock.o
                0x1ffe616c                CLOCK_DeinitVideoPll1
 .text.CLOCK_InitSysPll1
                0x1ffe6184       0x80 ./devices/MIMX8MQ6/drivers/fsl_clock.o
                0x1ffe6184                CLOCK_InitSysPll1
 .text.CLOCK_InitSysPll2
                0x1ffe6204       0x80 ./devices/MIMX8MQ6/drivers/fsl_clock.o
                0x1ffe6204                CLOCK_InitSysPll2
 .text.CLOCK_InitSysPll3
                0x1ffe6284       0x80 ./devices/MIMX8MQ6/drivers/fsl_clock.o
                0x1ffe6284                CLOCK_InitSysPll3
 .text.CLOCK_DeinitSysPll3
                0x1ffe6304       0x18 ./devices/MIMX8MQ6/drivers/fsl_clock.o
                0x1ffe6304                CLOCK_DeinitSysPll3
 .text.CLOCK_InitFracPll
                0x1ffe631c      0x170 ./devices/MIMX8MQ6/drivers/fsl_clock.o
                0x1ffe631c                CLOCK_InitFracPll
 .text.CLOCK_GetFracPllFreq
                0x1ffe648c      0x12c ./devices/MIMX8MQ6/drivers/fsl_clock.o
                0x1ffe648c                CLOCK_GetFracPllFreq
 .text.CLOCK_InitSSCGPll
                0x1ffe65b8      0x1b4 ./devices/MIMX8MQ6/drivers/fsl_clock.o
                0x1ffe65b8                CLOCK_InitSSCGPll
 .text.CLOCK_GetSSCGPllFreq
                0x1ffe676c      0x16c ./devices/MIMX8MQ6/drivers/fsl_clock.o
                0x1ffe676c                CLOCK_GetSSCGPllFreq
 .text.CLOCK_SetRootDivider
                0x1ffe68d8       0x80 ./devices/MIMX8MQ6/drivers/fsl_clock.o
                0x1ffe68d8                CLOCK_SetRootDivider
 .text.CLOCK_InitOSC25M
                0x1ffe6958       0x84 ./devices/MIMX8MQ6/drivers/fsl_clock.o
                0x1ffe6958                CLOCK_InitOSC25M
 .text.CLOCK_InitOSC27M
                0x1ffe69dc       0x8c ./devices/MIMX8MQ6/drivers/fsl_clock.o
                0x1ffe69dc                CLOCK_InitOSC27M
 .text.CLOCK_EnableClock
                0x1ffe6a68       0x56 ./devices/MIMX8MQ6/drivers/fsl_clock.o
                0x1ffe6a68                CLOCK_EnableClock
 .text.ECSPI_IsMaster
                0x1ffe6abe       0x36 ./devices/MIMX8MQ6/drivers/fsl_ecspi.o
 .text.ECSPI_CommonIRQHandler
                0x1ffe6af4       0x48 ./devices/MIMX8MQ6/drivers/fsl_ecspi.o
 .text.ECSPI1_DriverIRQHandler
                0x1ffe6b3c       0x40 ./devices/MIMX8MQ6/drivers/fsl_ecspi.o
                0x1ffe6b3c                ECSPI1_DriverIRQHandler
 .text.ECSPI2_DriverIRQHandler
                0x1ffe6b7c       0x40 ./devices/MIMX8MQ6/drivers/fsl_ecspi.o
                0x1ffe6b7c                ECSPI2_DriverIRQHandler
 .text.ECSPI3_DriverIRQHandler
                0x1ffe6bbc       0x40 ./devices/MIMX8MQ6/drivers/fsl_ecspi.o
                0x1ffe6bbc                ECSPI3_DriverIRQHandler
 .text.GPIO_WritePinOutput
                0x1ffe6bfc       0x22 ./devices/MIMX8MQ6/drivers/fsl_gpio.o
 .text.GPIO_SetPinInterruptConfig
                0x1ffe6c1e       0x22 ./devices/MIMX8MQ6/drivers/fsl_gpio.o
 .text.GPIO_GetInstance
                0x1ffe6c40       0x58 ./devices/MIMX8MQ6/drivers/fsl_gpio.o
 .text.GPIO_PinInit
                0x1ffe6c98       0x8c ./devices/MIMX8MQ6/drivers/fsl_gpio.o
                0x1ffe6c98                GPIO_PinInit
 .text.GPIO_PinWrite
                0x1ffe6d24       0x64 ./devices/MIMX8MQ6/drivers/fsl_gpio.o
                0x1ffe6d24                GPIO_PinWrite
 .text.GPIO_PinSetInterruptConfig
                0x1ffe6d88       0xfc ./devices/MIMX8MQ6/drivers/fsl_gpio.o
                0x1ffe6d88                GPIO_PinSetInterruptConfig
 .text.I2C_TransferCommonIRQHandler
                0x1ffe6e84       0x50 ./devices/MIMX8MQ6/drivers/fsl_i2c.o
 .text.I2C1_DriverIRQHandler
                0x1ffe6ed4       0x1c ./devices/MIMX8MQ6/drivers/fsl_i2c.o
                0x1ffe6ed4                I2C1_DriverIRQHandler
 .text.I2C2_DriverIRQHandler
                0x1ffe6ef0       0x1c ./devices/MIMX8MQ6/drivers/fsl_i2c.o
                0x1ffe6ef0                I2C2_DriverIRQHandler
 .text.I2C3_DriverIRQHandler
                0x1ffe6f0c       0x1c ./devices/MIMX8MQ6/drivers/fsl_i2c.o
                0x1ffe6f0c                I2C3_DriverIRQHandler
 .text.I2C4_DriverIRQHandler
                0x1ffe6f28       0x1c ./devices/MIMX8MQ6/drivers/fsl_i2c.o
                0x1ffe6f28                I2C4_DriverIRQHandler
 .text.I2S1_DriverIRQHandler
                0x1ffe6f44       0xb0 ./devices/MIMX8MQ6/drivers/fsl_sai.o
                0x1ffe6f44                I2S1_DriverIRQHandler
 .text.I2S2_DriverIRQHandler
                0x1ffe6ff4       0xb0 ./devices/MIMX8MQ6/drivers/fsl_sai.o
                0x1ffe6ff4                I2S2_DriverIRQHandler
 .text.I2S3_DriverIRQHandler
                0x1ffe70a4       0xb0 ./devices/MIMX8MQ6/drivers/fsl_sai.o
                0x1ffe70a4                I2S3_DriverIRQHandler
 .text.__NVIC_EnableIRQ
                0x1ffe7154       0x3c ./devices/MIMX8MQ6/drivers/fsl_uart.o
 .text.EnableIRQ
                0x1ffe7190       0x2c ./devices/MIMX8MQ6/drivers/fsl_uart.o
 .text.UART_SoftwareReset
                0x1ffe71bc       0x34 ./devices/MIMX8MQ6/drivers/fsl_uart.o
 .text.UART_Enable
                0x1ffe71f0       0x24 ./devices/MIMX8MQ6/drivers/fsl_uart.o
 .text.UART_Disable
                0x1ffe7214       0x24 ./devices/MIMX8MQ6/drivers/fsl_uart.o
 .text.UART_WriteByte
                0x1ffe7238       0x1e ./devices/MIMX8MQ6/drivers/fsl_uart.o
 .text.UART_ReadByte
                0x1ffe7256       0x1a ./devices/MIMX8MQ6/drivers/fsl_uart.o
 .text.UART_SetTxFifoWatermark
                0x1ffe7270       0x54 ./devices/MIMX8MQ6/drivers/fsl_uart.o
 .text.UART_SetRxFifoWatermark
                0x1ffe72c4       0x4c ./devices/MIMX8MQ6/drivers/fsl_uart.o
 .text.UART_EnableAutoBaudRate
                0x1ffe7310       0x50 ./devices/MIMX8MQ6/drivers/fsl_uart.o
 .text.UART_GetInstance
                0x1ffe7360       0x60 ./devices/MIMX8MQ6/drivers/fsl_uart.o
                0x1ffe7360                UART_GetInstance
 .text.UART_TransferGetRxRingBufferLength
                0x1ffe73c0       0x6c ./devices/MIMX8MQ6/drivers/fsl_uart.o
                0x1ffe73c0                UART_TransferGetRxRingBufferLength
 .text.UART_TransferIsRxRingBufferFull
                0x1ffe742c       0x4c ./devices/MIMX8MQ6/drivers/fsl_uart.o
 .text.UART_Init
                0x1ffe7478      0x178 ./devices/MIMX8MQ6/drivers/fsl_uart.o
                0x1ffe7478                UART_Init
 .text.UART_GetDefaultConfig
                0x1ffe75f0       0x68 ./devices/MIMX8MQ6/drivers/fsl_uart.o
                0x1ffe75f0                UART_GetDefaultConfig
 .text.UART_SetBaudRate
                0x1ffe7658      0x2cc ./devices/MIMX8MQ6/drivers/fsl_uart.o
                0x1ffe7658                UART_SetBaudRate
 .text.UART_EnableInterrupts
                0x1ffe7924      0x1c4 ./devices/MIMX8MQ6/drivers/fsl_uart.o
                0x1ffe7924                UART_EnableInterrupts
 .text.UART_DisableInterrupts
                0x1ffe7ae8      0x1cc ./devices/MIMX8MQ6/drivers/fsl_uart.o
                0x1ffe7ae8                UART_DisableInterrupts
 .text.UART_ClearStatusFlag
                0x1ffe7cb4       0x3c ./devices/MIMX8MQ6/drivers/fsl_uart.o
                0x1ffe7cb4                UART_ClearStatusFlag
 .text.UART_WriteBlocking
                0x1ffe7cf0       0x60 ./devices/MIMX8MQ6/drivers/fsl_uart.o
                0x1ffe7cf0                UART_WriteBlocking
 .text.UART_ReadBlocking
                0x1ffe7d50       0xc0 ./devices/MIMX8MQ6/drivers/fsl_uart.o
                0x1ffe7d50                UART_ReadBlocking
 .text.UART_WriteNonBlocking
                0x1ffe7e10       0x58 ./devices/MIMX8MQ6/drivers/fsl_uart.o
 .text.UART_ReadNonBlocking
                0x1ffe7e68       0x58 ./devices/MIMX8MQ6/drivers/fsl_uart.o
 .text.UART_TransferCreateHandle
                0x1ffe7ec0       0x98 ./devices/MIMX8MQ6/drivers/fsl_uart.o
                0x1ffe7ec0                UART_TransferCreateHandle
 .text.UART_TransferStartRingBuffer
                0x1ffe7f58       0x74 ./devices/MIMX8MQ6/drivers/fsl_uart.o
                0x1ffe7f58                UART_TransferStartRingBuffer
 .text.UART_TransferSendNonBlocking
                0x1ffe7fcc       0xc4 ./devices/MIMX8MQ6/drivers/fsl_uart.o
                0x1ffe7fcc                UART_TransferSendNonBlocking
 .text.UART_TransferHandleIRQ
                0x1ffe8090      0x4d0 ./devices/MIMX8MQ6/drivers/fsl_uart.o
                0x1ffe8090                UART_TransferHandleIRQ
 .text.UART1_DriverIRQHandler
                0x1ffe8560       0x28 ./devices/MIMX8MQ6/drivers/fsl_uart.o
                0x1ffe8560                UART1_DriverIRQHandler
 .text.UART2_DriverIRQHandler
                0x1ffe8588       0x28 ./devices/MIMX8MQ6/drivers/fsl_uart.o
                0x1ffe8588                UART2_DriverIRQHandler
 .text.UART3_DriverIRQHandler
                0x1ffe85b0       0x28 ./devices/MIMX8MQ6/drivers/fsl_uart.o
                0x1ffe85b0                UART3_DriverIRQHandler
 .text.UART4_DriverIRQHandler
                0x1ffe85d8       0x28 ./devices/MIMX8MQ6/drivers/fsl_uart.o
                0x1ffe85d8                UART4_DriverIRQHandler
 .text.UART_EnableTx
                0x1ffe8600       0x40 ./devices/MIMX8MQ6/drivers/fsl_uart_freertos.o
 .text.UART_EnableRx
                0x1ffe8640       0x40 ./devices/MIMX8MQ6/drivers/fsl_uart_freertos.o
 .text.UART_RTOS_Callback
                0x1ffe8680       0xc4 ./devices/MIMX8MQ6/drivers/fsl_uart_freertos.o
 .text.UART_RTOS_Init
                0x1ffe8744      0x168 ./devices/MIMX8MQ6/drivers/fsl_uart_freertos.o
                0x1ffe8744                UART_RTOS_Init
 .text.UART_RTOS_Send
                0x1ffe88ac       0xac ./devices/MIMX8MQ6/drivers/fsl_uart_freertos.o
                0x1ffe88ac                UART_RTOS_Send
 .text.GetFracPllFreq
                0x1ffe8958      0x130 ./devices/MIMX8MQ6/system_MIMX8MQ6_cm4.o
                0x1ffe8958                GetFracPllFreq
 .text.GetSSCGPllFreq
                0x1ffe8a88      0x17c ./devices/MIMX8MQ6/system_MIMX8MQ6_cm4.o
                0x1ffe8a88                GetSSCGPllFreq
 .text.SystemInit
                0x1ffe8c04       0x98 ./devices/MIMX8MQ6/system_MIMX8MQ6_cm4.o
                0x1ffe8c04                SystemInit
 .text.SystemCoreClockUpdate
                0x1ffe8c9c      0x104 ./devices/MIMX8MQ6/system_MIMX8MQ6_cm4.o
                0x1ffe8c9c                SystemCoreClockUpdate
 .text.exit     0x1ffe8da0       0x28 c:/program files (x86)/gnu tools arm embedded/7 2018-q2-update/bin/../lib/gcc/arm-none-eabi/7.3.1/../../../../arm-none-eabi/lib/thumb/v7e-m/fpv4-sp/hard\libg_nano.a(lib_a-exit.o)
                0x1ffe8da0                exit
 .text.__libc_init_array
                0x1ffe8dc8       0x48 c:/program files (x86)/gnu tools arm embedded/7 2018-q2-update/bin/../lib/gcc/arm-none-eabi/7.3.1/../../../../arm-none-eabi/lib/thumb/v7e-m/fpv4-sp/hard\libg_nano.a(lib_a-init.o)
                0x1ffe8dc8                __libc_init_array
 .text.memcpy   0x1ffe8e10       0x16 c:/program files (x86)/gnu tools arm embedded/7 2018-q2-update/bin/../lib/gcc/arm-none-eabi/7.3.1/../../../../arm-none-eabi/lib/thumb/v7e-m/fpv4-sp/hard\libg_nano.a(lib_a-memcpy-stub.o)
                0x1ffe8e10                memcpy
 .text.memset   0x1ffe8e26       0x10 c:/program files (x86)/gnu tools arm embedded/7 2018-q2-update/bin/../lib/gcc/arm-none-eabi/7.3.1/../../../../arm-none-eabi/lib/thumb/v7e-m/fpv4-sp/hard\libg_nano.a(lib_a-memset.o)
                0x1ffe8e26                memset
 *fill*         0x1ffe8e36        0x2 
 .text._exit    0x1ffe8e38        0x4 c:/program files (x86)/gnu tools arm embedded/7 2018-q2-update/bin/../lib/gcc/arm-none-eabi/7.3.1/../../../../arm-none-eabi/lib/thumb/v7e-m/fpv4-sp/hard\libnosys.a(_exit.o)
                0x1ffe8e38                _exit
 *(.rodata)
 .rodata        0x1ffe8e3c      0xd7a ./vue/deviceTask/DeviceInterface.o
 *fill*         0x1ffe9bb6        0x2 
 .rodata        0x1ffe9bb8       0x42 ./vue/deviceTask/DeviceTask.o
 *fill*         0x1ffe9bfa        0x2 
 .rodata        0x1ffe9bfc      0x10f ./vue/board/board.o
 *fill*         0x1ffe9d0b        0x1 
 .rodata        0x1ffe9d0c       0x36 ./vue/main.o
 *fill*         0x1ffe9d42        0x2 
 .rodata        0x1ffe9d44       0x18 ./rtos/freertos/Source/tasks.o
                0x1ffe9d4c                FreeRTOSDebugConfig
 .rodata        0x1ffe9d5c        0xd ./rtos/freertos/Source/timers.o
 *fill*         0x1ffe9d69        0x3 
 .rodata        0x1ffe9d6c      0x13d ./rpmsg_lite/lib/rpmsg_lite/porting/platform/imx8mq_m4/rpmsg_platform.o
 *fill*         0x1ffe9ea9        0x3 
 .rodata        0x1ffe9eac       0xa3 ./rpmsg_lite/lib/rpmsg_lite/porting/environment/rpmsg_env_freertos.o
 *fill*         0x1ffe9f4f        0x1 
 .rodata        0x1ffe9f50       0x43 ./devices/MIMX8MQ6/utilities/log/fsl_log.o
 *fill*         0x1ffe9f93        0x1 
 .rodata        0x1ffe9f94       0x36 ./devices/MIMX8MQ6/utilities/io/fsl_io.o
 *fill*         0x1ffe9fca        0x2 
 .rodata        0x1ffe9fcc       0x3e ./devices/MIMX8MQ6/utilities/fsl_assert.o
 *fill*         0x1ffea00a        0x2 
 .rodata        0x1ffea00c       0x5e ./devices/MIMX8MQ6/utilities/fsl_debug_console.o
 *fill*         0x1ffea06a        0x2 
 .rodata        0x1ffea06c      0x18d ./devices/MIMX8MQ6/drivers/fsl_clock.o
 *fill*         0x1ffea1f9        0x3 
 .rodata        0x1ffea1fc       0xe9 ./devices/MIMX8MQ6/drivers/fsl_ecspi.o
 *fill*         0x1ffea2e5        0x3 
 .rodata        0x1ffea2e8       0x55 ./devices/MIMX8MQ6/drivers/fsl_gpio.o
 *fill*         0x1ffea33d        0x3 
 .rodata        0x1ffea340      0x18e ./devices/MIMX8MQ6/drivers/fsl_uart.o
 *(.rodata*)
 *fill*         0x1ffea4ce        0x2 
 .rodata.__func__.12031
                0x1ffea4d0       0x11 ./vue/board/board.o
 *fill*         0x1ffea4e1        0x3 
 .rodata.__func__.11968
                0x1ffea4e4       0x1e ./vue/board/board.o
 *fill*         0x1ffea502        0x2 
 .rodata.g_osc27MConfig
                0x1ffea504        0x2 ./vue/board/clock_config.o
                0x1ffea504                g_osc27MConfig
 *fill*         0x1ffea506        0x2 
 .rodata.g_osc25MConfig
                0x1ffea508        0x2 ./vue/board/clock_config.o
                0x1ffea508                g_osc25MConfig
 *fill*         0x1ffea50a        0x2 
 .rodata.g_audioPll1Config
                0x1ffea50c        0xc ./vue/board/clock_config.o
                0x1ffea50c                g_audioPll1Config
 .rodata.g_audioPll2Config
                0x1ffea518        0xc ./vue/board/clock_config.o
                0x1ffea518                g_audioPll2Config
 .rodata.g_videoPll1Config
                0x1ffea524        0xc ./vue/board/clock_config.o
                0x1ffea524                g_videoPll1Config
 .rodata.g_sysPll1Config
                0x1ffea530       0x10 ./vue/board/clock_config.o
                0x1ffea530                g_sysPll1Config
 .rodata.g_sysPll2Config
                0x1ffea540       0x10 ./vue/board/clock_config.o
                0x1ffea540                g_sysPll2Config
 .rodata.g_sysPll3Config
                0x1ffea550       0x10 ./vue/board/clock_config.o
                0x1ffea550                g_sysPll3Config
 .rodata.__func__.12856
                0x1ffea560       0x19 ./rpmsg_lite/lib/rpmsg_lite/porting/platform/imx8mq_m4/rpmsg_platform.o
 *fill*         0x1ffea579        0x3 
 .rodata.__func__.7939
                0x1ffea57c        0x8 ./rpmsg_lite/lib/rpmsg_lite/porting/environment/rpmsg_env_freertos.o
 .rodata.__func__.11908
                0x1ffea584        0x9 ./devices/MIMX8MQ6/utilities/log/fsl_log.o
 *fill*         0x1ffea58d        0x3 
 .rodata.__func__.12144
                0x1ffea590        0x8 ./devices/MIMX8MQ6/utilities/io/fsl_io.o
 .rodata.__func__.12326
                0x1ffea598       0x10 ./devices/MIMX8MQ6/utilities/fsl_debug_console.o
 .rodata.__func__.11951
                0x1ffea5a8       0x14 ./devices/MIMX8MQ6/drivers/fsl_clock.o
 .rodata.__func__.11961
                0x1ffea5bc       0x14 ./devices/MIMX8MQ6/drivers/fsl_clock.o
 .rodata.__func__.11971
                0x1ffea5d0       0x14 ./devices/MIMX8MQ6/drivers/fsl_clock.o
 .rodata.__func__.11981
                0x1ffea5e4       0x12 ./devices/MIMX8MQ6/drivers/fsl_clock.o
 *fill*         0x1ffea5f6        0x2 
 .rodata.__func__.11991
                0x1ffea5f8       0x12 ./devices/MIMX8MQ6/drivers/fsl_clock.o
 *fill*         0x1ffea60a        0x2 
 .rodata.__func__.12001
                0x1ffea60c       0x12 ./devices/MIMX8MQ6/drivers/fsl_clock.o
 *fill*         0x1ffea61e        0x2 
 .rodata.__func__.12033
                0x1ffea620       0x12 ./devices/MIMX8MQ6/drivers/fsl_clock.o
 *fill*         0x1ffea632        0x2 
 .rodata.__func__.12044
                0x1ffea634       0x15 ./devices/MIMX8MQ6/drivers/fsl_clock.o
 *fill*         0x1ffea649        0x3 
 .rodata.__func__.12057
                0x1ffea64c       0x12 ./devices/MIMX8MQ6/drivers/fsl_clock.o
 *fill*         0x1ffea65e        0x2 
 .rodata.__func__.12067
                0x1ffea660       0x15 ./devices/MIMX8MQ6/drivers/fsl_clock.o
 *fill*         0x1ffea675        0x3 
 .rodata.__func__.12081
                0x1ffea678       0x15 ./devices/MIMX8MQ6/drivers/fsl_clock.o
 *fill*         0x1ffea68d        0x3 
 .rodata.__func__.12092
                0x1ffea690       0x11 ./devices/MIMX8MQ6/drivers/fsl_clock.o
 *fill*         0x1ffea6a1        0x3 
 .rodata.__func__.12099
                0x1ffea6a4       0x11 ./devices/MIMX8MQ6/drivers/fsl_clock.o
 *fill*         0x1ffea6b5        0x3 
 .rodata.__func__.12309
                0x1ffea6b8       0x18 ./devices/MIMX8MQ6/drivers/fsl_ecspi.o
 .rodata.__func__.12313
                0x1ffea6d0       0x18 ./devices/MIMX8MQ6/drivers/fsl_ecspi.o
 .rodata.__func__.12317
                0x1ffea6e8       0x18 ./devices/MIMX8MQ6/drivers/fsl_ecspi.o
 .rodata.s_gpioBases
                0x1ffea700       0x18 ./devices/MIMX8MQ6/drivers/fsl_gpio.o
 .rodata.s_gpioClock
                0x1ffea718       0x18 ./devices/MIMX8MQ6/drivers/fsl_gpio.o
 .rodata.__func__.11962
                0x1ffea730       0x11 ./devices/MIMX8MQ6/drivers/fsl_gpio.o
 *fill*         0x1ffea741        0x3 
 .rodata.__func__.11973
                0x1ffea744        0xe ./devices/MIMX8MQ6/drivers/fsl_gpio.o
 *fill*         0x1ffea752        0x2 
 .rodata.s_uartBases
                0x1ffea754       0x14 ./devices/MIMX8MQ6/drivers/fsl_uart.o
 .rodata.s_uartIRQ
                0x1ffea768        0x5 ./devices/MIMX8MQ6/drivers/fsl_uart.o
 *fill*         0x1ffea76d        0x3 
 .rodata.s_uartClock
                0x1ffea770       0x14 ./devices/MIMX8MQ6/drivers/fsl_uart.o
 .rodata.__func__.12151
                0x1ffea784       0x11 ./devices/MIMX8MQ6/drivers/fsl_uart.o
 *fill*         0x1ffea795        0x3 
 .rodata.__func__.12155
                0x1ffea798       0x23 ./devices/MIMX8MQ6/drivers/fsl_uart.o
 *fill*         0x1ffea7bb        0x1 
 .rodata.__func__.12160
                0x1ffea7bc       0x20 ./devices/MIMX8MQ6/drivers/fsl_uart.o
 .rodata.__func__.12167
                0x1ffea7dc        0xa ./devices/MIMX8MQ6/drivers/fsl_uart.o
 *fill*         0x1ffea7e6        0x2 
 .rodata.__func__.12103
                0x1ffea7e8       0x18 ./devices/MIMX8MQ6/drivers/fsl_uart.o
 .rodata.__func__.12108
                0x1ffea800       0x18 ./devices/MIMX8MQ6/drivers/fsl_uart.o
 .rodata.__func__.12177
                0x1ffea818       0x16 ./devices/MIMX8MQ6/drivers/fsl_uart.o
 *fill*         0x1ffea82e        0x2 
 .rodata.__func__.12213
                0x1ffea830       0x16 ./devices/MIMX8MQ6/drivers/fsl_uart.o
 *fill*         0x1ffea846        0x2 
 .rodata.__func__.12218
                0x1ffea848       0x17 ./devices/MIMX8MQ6/drivers/fsl_uart.o
 *fill*         0x1ffea85f        0x1 
 .rodata.__func__.12247
                0x1ffea860       0x13 ./devices/MIMX8MQ6/drivers/fsl_uart.o
 *fill*         0x1ffea873        0x1 
 .rodata.__func__.12259
                0x1ffea874       0x12 ./devices/MIMX8MQ6/drivers/fsl_uart.o
 *fill*         0x1ffea886        0x2 
 .rodata.__func__.12271
                0x1ffea888       0x16 ./devices/MIMX8MQ6/drivers/fsl_uart.o
 *fill*         0x1ffea89e        0x2 
 .rodata.__func__.12281
                0x1ffea8a0       0x15 ./devices/MIMX8MQ6/drivers/fsl_uart.o
 *fill*         0x1ffea8b5        0x3 
 .rodata.__func__.12292
                0x1ffea8b8       0x1a ./devices/MIMX8MQ6/drivers/fsl_uart.o
 *fill*         0x1ffea8d2        0x2 
 .rodata.__func__.12300
                0x1ffea8d4       0x1d ./devices/MIMX8MQ6/drivers/fsl_uart.o
 *fill*         0x1ffea8f1        0x3 
 .rodata.__func__.12311
                0x1ffea8f4       0x1d ./devices/MIMX8MQ6/drivers/fsl_uart.o
 *fill*         0x1ffea911        0x3 
 .rodata.__func__.12354
                0x1ffea914       0x17 ./devices/MIMX8MQ6/drivers/fsl_uart.o
 *fill*         0x1ffea92b        0x1 
 .rodata._global_impure_ptr
                0x1ffea92c        0x4 c:/program files (x86)/gnu tools arm embedded/7 2018-q2-update/bin/../lib/gcc/arm-none-eabi/7.3.1/../../../../arm-none-eabi/lib/thumb/v7e-m/fpv4-sp/hard\libg_nano.a(lib_a-impure.o)
                0x1ffea92c                _global_impure_ptr
 .rodata.__sf_fake_stderr
                0x1ffea930       0x20 c:/program files (x86)/gnu tools arm embedded/7 2018-q2-update/bin/../lib/gcc/arm-none-eabi/7.3.1/../../../../arm-none-eabi/lib/thumb/v7e-m/fpv4-sp/hard\libg_nano.a(lib_a-findfp.o)
                0x1ffea930                __sf_fake_stderr
 .rodata.__sf_fake_stdin
                0x1ffea950       0x20 c:/program files (x86)/gnu tools arm embedded/7 2018-q2-update/bin/../lib/gcc/arm-none-eabi/7.3.1/../../../../arm-none-eabi/lib/thumb/v7e-m/fpv4-sp/hard\libg_nano.a(lib_a-findfp.o)
                0x1ffea950                __sf_fake_stdin
 .rodata.__sf_fake_stdout
                0x1ffea970       0x20 c:/program files (x86)/gnu tools arm embedded/7 2018-q2-update/bin/../lib/gcc/arm-none-eabi/7.3.1/../../../../arm-none-eabi/lib/thumb/v7e-m/fpv4-sp/hard\libg_nano.a(lib_a-findfp.o)
                0x1ffea970                __sf_fake_stdout
 *(.glue_7)
 .glue_7        0x1ffea990        0x0 linker stubs
 *(.glue_7t)
 .glue_7t       0x1ffea990        0x0 linker stubs
 *(.eh_frame)
 .eh_frame      0x1ffea990        0x0 c:/program files (x86)/gnu tools arm embedded/7 2018-q2-update/bin/../lib/gcc/arm-none-eabi/7.3.1/thumb/v7e-m/fpv4-sp/hard/crtbegin.o
 *(.init)
 .init          0x1ffea990        0x4 c:/program files (x86)/gnu tools arm embedded/7 2018-q2-update/bin/../lib/gcc/arm-none-eabi/7.3.1/thumb/v7e-m/fpv4-sp/hard/crti.o
                0x1ffea990                _init
 .init          0x1ffea994        0x8 c:/program files (x86)/gnu tools arm embedded/7 2018-q2-update/bin/../lib/gcc/arm-none-eabi/7.3.1/thumb/v7e-m/fpv4-sp/hard/crtn.o
 *(.fini)
 .fini          0x1ffea99c        0x4 c:/program files (x86)/gnu tools arm embedded/7 2018-q2-update/bin/../lib/gcc/arm-none-eabi/7.3.1/thumb/v7e-m/fpv4-sp/hard/crti.o
                0x1ffea99c                _fini
 .fini          0x1ffea9a0        0x8 c:/program files (x86)/gnu tools arm embedded/7 2018-q2-update/bin/../lib/gcc/arm-none-eabi/7.3.1/thumb/v7e-m/fpv4-sp/hard/crtn.o
                0x1ffea9a8                . = ALIGN (0x4)

.vfp11_veneer   0x1ffea9a8        0x0
 .vfp11_veneer  0x1ffea9a8        0x0 linker stubs

.v4_bx          0x1ffea9a8        0x0
 .v4_bx         0x1ffea9a8        0x0 linker stubs

.iplt           0x1ffea9a8        0x0
 .iplt          0x1ffea9a8        0x0 c:/program files (x86)/gnu tools arm embedded/7 2018-q2-update/bin/../lib/gcc/arm-none-eabi/7.3.1/thumb/v7e-m/fpv4-sp/hard/crtbegin.o

.ARM.extab
 *(.ARM.extab* .gnu.linkonce.armextab.*)

.ARM            0x1ffea9a8        0x8
                0x1ffea9a8                __exidx_start = .
 *(.ARM.exidx*)
 .ARM.exidx     0x1ffea9a8        0x8 c:/program files (x86)/gnu tools arm embedded/7 2018-q2-update/bin/../lib/gcc/arm-none-eabi/7.3.1/../../../../arm-none-eabi/lib/thumb/v7e-m/fpv4-sp/hard/crt0.o
 .ARM.exidx     0x1ffea9b0        0x0 c:/program files (x86)/gnu tools arm embedded/7 2018-q2-update/bin/../lib/gcc/arm-none-eabi/7.3.1/thumb/v7e-m/fpv4-sp/hard\libgcc.a(_udivmoddi4.o)
                                  0x8 (size before relaxing)
                0x1ffea9b0                __exidx_end = .

.rel.dyn        0x1ffea9b0        0x0
 .rel.iplt      0x1ffea9b0        0x0 c:/program files (x86)/gnu tools arm embedded/7 2018-q2-update/bin/../lib/gcc/arm-none-eabi/7.3.1/thumb/v7e-m/fpv4-sp/hard/crtbegin.o

.ctors          0x1ffea9b0        0x0
                0x1ffea9b0                __CTOR_LIST__ = .
 *crtbegin.o(.ctors)
 *crtbegin?.o(.ctors)
 *(EXCLUDE_FILE(*crtend.o *crtend?.o) .ctors)
 *(SORT_BY_NAME(.ctors.*))
 *(.ctors)
                0x1ffea9b0                __CTOR_END__ = .

.dtors          0x1ffea9b0        0x0
                0x1ffea9b0                __DTOR_LIST__ = .
 *crtbegin.o(.dtors)
 *crtbegin?.o(.dtors)
 *(EXCLUDE_FILE(*crtend.o *crtend?.o) .dtors)
 *(SORT_BY_NAME(.dtors.*))
 *(.dtors)
                0x1ffea9b0                __DTOR_END__ = .

.preinit_array  0x1ffea9b0        0x0
                0x1ffea9b0                PROVIDE (__preinit_array_start = .)
 *(.preinit_array*)
                0x1ffea9b0                PROVIDE (__preinit_array_end = .)

.init_array     0x1ffea9b0        0x4
                0x1ffea9b0                PROVIDE (__init_array_start = .)
 *(SORT_BY_NAME(.init_array.*))
 *(.init_array*)
 .init_array    0x1ffea9b0        0x4 c:/program files (x86)/gnu tools arm embedded/7 2018-q2-update/bin/../lib/gcc/arm-none-eabi/7.3.1/thumb/v7e-m/fpv4-sp/hard/crtbegin.o
                0x1ffea9b4                PROVIDE (__init_array_end = .)

.fini_array     0x1ffea9b4        0x4
                [!provide]                PROVIDE (__fini_array_start = .)
 *(SORT_BY_NAME(.fini_array.*))
 *(.fini_array*)
 .fini_array    0x1ffea9b4        0x4 c:/program files (x86)/gnu tools arm embedded/7 2018-q2-update/bin/../lib/gcc/arm-none-eabi/7.3.1/thumb/v7e-m/fpv4-sp/hard/crtbegin.o
                [!provide]                PROVIDE (__fini_array_end = .)
                0x1ffea9b8                __etext = .
                0x1ffea9b8                __DATA_ROM = .

.data           0x20010000       0xe0 load address 0x1ffea9b8
                0x20010000                . = ALIGN (0x4)
                0x20010000                __DATA_RAM = .
                0x20010000                __data_start__ = .
 *(.data)
 *(.data*)
 .data.gs_StateExhPressureZero
                0x20010000        0x1 ./vue/device/DigitalIO.o
 .data.gs_NormallyExhPressureZero
                0x20010001        0x1 ./vue/device/DigitalIO.o
 .data.gs_StateInhPressureZero
                0x20010002        0x1 ./vue/device/DigitalIO.o
 .data.gs_NormallyInhPressureZero
                0x20010003        0x1 ./vue/device/DigitalIO.o
 .data.gs_StateSafetyValve
                0x20010004        0x1 ./vue/device/DigitalIO.o
 .data.gs_NormallySafetyValve
                0x20010005        0x1 ./vue/device/DigitalIO.o
 .data.gs_StateImpedanceLine
                0x20010006        0x1 ./vue/device/DigitalIO.o
 .data.gs_NormallyImpedanceLine
                0x20010007        0x1 ./vue/device/DigitalIO.o
 .data.gs_StatePurgeFlow
                0x20010008        0x1 ./vue/device/DigitalIO.o
 .data.gs_NormallyPurgeFlow
                0x20010009        0x1 ./vue/device/DigitalIO.o
 .data.gs_StateOilPump
                0x2001000a        0x1 ./vue/device/DigitalIO.o
 .data.gs_NormallyOilPump
                0x2001000b        0x1 ./vue/device/DigitalIO.o
 .data.gs_StateRemoteAlarm
                0x2001000c        0x1 ./vue/device/DigitalIO.o
 .data.gs_StateEnableIO
                0x2001000d        0x1 ./vue/device/DigitalIO.o
 *fill*         0x2001000e        0x2 
 .data.s_dioConfArr
                0x20010010       0x50 ./vue/device/DigitalIO.o
 .data.uart_config
                0x20010060       0x18 ./vue/board/uart.o
                0x20010060                uart_config
 .data.uxCriticalNesting
                0x20010078        0x4 ./rtos/freertos/Source/portable/GCC/ARM_CM4F/port.o
 .data.SystemCoreClock
                0x2001007c        0x4 ./devices/MIMX8MQ6/system_MIMX8MQ6_cm4.o
                0x2001007c                SystemCoreClock
 .data.impure_data
                0x20010080       0x60 c:/program files (x86)/gnu tools arm embedded/7 2018-q2-update/bin/../lib/gcc/arm-none-eabi/7.3.1/../../../../arm-none-eabi/lib/thumb/v7e-m/fpv4-sp/hard\libg_nano.a(lib_a-impure.o)
 *(.jcr*)
                0x200100e0                . = ALIGN (0x4)
                0x200100e0                __data_end__ = .
                0x1ffe0000                __CACHE_REGION_START = ORIGIN (m_interrupts)
                0x00000000                __CACHE_REGION_SIZE = 0x0
                0x1ffeaa98                __NDATA_ROM = (__DATA_ROM + SIZEOF (.data))

.igot.plt       0x200100e0        0x0 load address 0x1ffeaa98
 .igot.plt      0x200100e0        0x0 c:/program files (x86)/gnu tools arm embedded/7 2018-q2-update/bin/../lib/gcc/arm-none-eabi/7.3.1/thumb/v7e-m/fpv4-sp/hard/crtbegin.o

.ncache.init    0x80000000        0x0 load address 0x1ffeaa98
                0x80000000                __noncachedata_start__ = .
 *(NonCacheable.init)
                0x80000000                . = ALIGN (0x4)
                0x80000000                __noncachedata_init_end__ = .
                0x80000000                . = __noncachedata_init_end__

.ncache         0x80000000        0x0
 *(NonCacheable)
                0x80000000                . = ALIGN (0x4)
                0x80000000                __noncachedata_end__ = .
                0x1ffeaa98                __DATA_END = (__DATA_ROM + (__data_end__ - __data_start__))
                0x20010000                text_end = (ORIGIN (m_text) + LENGTH (m_text))
                0x00000001                ASSERT ((__DATA_END <= text_end), region m_text overflowed with text and data)

.bss            0x200100e0     0x55e4 load address 0x1ffeaa98
                0x200100e0                . = ALIGN (0x4)
                0x200100e0                __START_BSS = .
                0x200100e0                __bss_start__ = .
 *(.bss)
 .bss           0x200100e0       0x1c c:/program files (x86)/gnu tools arm embedded/7 2018-q2-update/bin/../lib/gcc/arm-none-eabi/7.3.1/thumb/v7e-m/fpv4-sp/hard/crtbegin.o
 *(.bss*)
 .bss.s_ipcTskRealTimeQueue
                0x200100fc        0x4 ./vue/ipcTask/IpcInterface.o
 .bss.s_ipcTskCommandQueue
                0x20010100        0x4 ./vue/ipcTask/IpcInterface.o
 .bss.s_devTskSettingQueue
                0x20010104        0x4 ./vue/deviceTask/DeviceInterface.o
 .bss.s_devTskCommandQueue
                0x20010108        0x4 ./vue/deviceTask/DeviceInterface.o
 .bss.gs_settingA53ToM4
                0x2001010c       0x60 ./vue/deviceTask/DeviceInterface.o
 .bss.gs_realTimeM4ToA53
                0x2001016c       0xc4 ./vue/deviceTask/DeviceInterface.o
 .bss.gs_isA53AppReady
                0x20010230        0x1 ./vue/deviceTask/DeviceInterface.o
 .bss.gs_isA53OSReady
                0x20010231        0x1 ./vue/deviceTask/DeviceInterface.o
 *fill*         0x20010232        0x2 
 .bss.s_ipcMsgSettingData.14706
                0x20010234       0x38 ./vue/deviceTask/DeviceInterface.o
 *fill*         0x2001026c        0x4 
 .bss.s_ipcMsgCommandData.14705
                0x20010270       0x18 ./vue/deviceTask/DeviceInterface.o
 .bss.s_devTaskHandle
                0x20010288        0x4 ./vue/deviceTask/DeviceTask.o
 .bss.s_cnt.15796
                0x2001028c        0x4 ./vue/deviceTask/DeviceTask.o
 .bss.gs_StateProxyFlowResetLine
                0x20010290        0x1 ./vue/device/DigitalIO.o
 *fill*         0x20010291        0x3 
 .bss.ucHeap    0x20010294     0x5000 ./rtos/freertos/Source/portable/MemMang/heap_4.o
 .bss.xStart    0x20015294        0x8 ./rtos/freertos/Source/portable/MemMang/heap_4.o
 .bss.pxEnd     0x2001529c        0x4 ./rtos/freertos/Source/portable/MemMang/heap_4.o
 .bss.xFreeBytesRemaining
                0x200152a0        0x4 ./rtos/freertos/Source/portable/MemMang/heap_4.o
 .bss.xMinimumEverFreeBytesRemaining
                0x200152a4        0x4 ./rtos/freertos/Source/portable/MemMang/heap_4.o
 .bss.xBlockAllocatedBit
                0x200152a8        0x4 ./rtos/freertos/Source/portable/MemMang/heap_4.o
 .bss.ucMaxSysCallPriority
                0x200152ac        0x1 ./rtos/freertos/Source/portable/GCC/ARM_CM4F/port.o
 *fill*         0x200152ad        0x3 
 .bss.ulMaxPRIGROUPValue
                0x200152b0        0x4 ./rtos/freertos/Source/portable/GCC/ARM_CM4F/port.o
 .bss.pxCurrentTCB
                0x200152b4        0x4 ./rtos/freertos/Source/tasks.o
                0x200152b4                pxCurrentTCB
 .bss.pxReadyTasksLists
                0x200152b8       0x64 ./rtos/freertos/Source/tasks.o
 .bss.xDelayedTaskList1
                0x2001531c       0x14 ./rtos/freertos/Source/tasks.o
 .bss.xDelayedTaskList2
                0x20015330       0x14 ./rtos/freertos/Source/tasks.o
 .bss.pxDelayedTaskList
                0x20015344        0x4 ./rtos/freertos/Source/tasks.o
 .bss.pxOverflowDelayedTaskList
                0x20015348        0x4 ./rtos/freertos/Source/tasks.o
 .bss.xPendingReadyList
                0x2001534c       0x14 ./rtos/freertos/Source/tasks.o
 .bss.xTasksWaitingTermination
                0x20015360       0x14 ./rtos/freertos/Source/tasks.o
 .bss.uxDeletedTasksWaitingCleanUp
                0x20015374        0x4 ./rtos/freertos/Source/tasks.o
 .bss.xSuspendedTaskList
                0x20015378       0x14 ./rtos/freertos/Source/tasks.o
 .bss.uxCurrentNumberOfTasks
                0x2001538c        0x4 ./rtos/freertos/Source/tasks.o
 .bss.xTickCount
                0x20015390        0x4 ./rtos/freertos/Source/tasks.o
 .bss.uxTopReadyPriority
                0x20015394        0x4 ./rtos/freertos/Source/tasks.o
 .bss.xSchedulerRunning
                0x20015398        0x4 ./rtos/freertos/Source/tasks.o
 .bss.uxPendedTicks
                0x2001539c        0x4 ./rtos/freertos/Source/tasks.o
 .bss.xYieldPending
                0x200153a0        0x4 ./rtos/freertos/Source/tasks.o
 .bss.xNumOfOverflows
                0x200153a4        0x4 ./rtos/freertos/Source/tasks.o
 .bss.uxTaskNumber
                0x200153a8        0x4 ./rtos/freertos/Source/tasks.o
 .bss.xNextTaskUnblockTime
                0x200153ac        0x4 ./rtos/freertos/Source/tasks.o
 .bss.xIdleTaskHandle
                0x200153b0        0x4 ./rtos/freertos/Source/tasks.o
 .bss.uxSchedulerSuspended
                0x200153b4        0x4 ./rtos/freertos/Source/tasks.o
 .bss.xActiveTimerList1
                0x200153b8       0x14 ./rtos/freertos/Source/timers.o
 .bss.xActiveTimerList2
                0x200153cc       0x14 ./rtos/freertos/Source/timers.o
 .bss.pxCurrentTimerList
                0x200153e0        0x4 ./rtos/freertos/Source/timers.o
 .bss.pxOverflowTimerList
                0x200153e4        0x4 ./rtos/freertos/Source/timers.o
 .bss.xTimerQueue
                0x200153e8        0x4 ./rtos/freertos/Source/timers.o
 .bss.xTimerTaskHandle
                0x200153ec        0x4 ./rtos/freertos/Source/timers.o
 .bss.xLastTime.6682
                0x200153f0        0x4 ./rtos/freertos/Source/timers.o
 .bss.isr_table
                0x200153f4       0x80 ./rpmsg_lite/lib/rpmsg_lite/porting/environment/rpmsg_env_freertos.o
 .bss.s_debugConsoleIO
                0x20015474        0x8 ./devices/MIMX8MQ6/utilities/io/fsl_io.o
 .bss.s_ecspiHandle
                0x2001547c       0x10 ./devices/MIMX8MQ6/drivers/fsl_ecspi.o
 .bss.s_ecspiMasterIsr
                0x2001548c        0x4 ./devices/MIMX8MQ6/drivers/fsl_ecspi.o
 .bss.s_ecspiSlaveIsr
                0x20015490        0x4 ./devices/MIMX8MQ6/drivers/fsl_ecspi.o
 .bss.s_i2cHandle
                0x20015494       0x14 ./devices/MIMX8MQ6/drivers/fsl_i2c.o
 .bss.s_i2cMasterIsr
                0x200154a8        0x4 ./devices/MIMX8MQ6/drivers/fsl_i2c.o
 .bss.s_i2cSlaveIsr
                0x200154ac        0x4 ./devices/MIMX8MQ6/drivers/fsl_i2c.o
 .bss.s_saiTxIsr
                0x200154b0        0x4 ./devices/MIMX8MQ6/drivers/fsl_sai.o
 .bss.s_saiRxIsr
                0x200154b4        0x4 ./devices/MIMX8MQ6/drivers/fsl_sai.o
 .bss.s_uartHandle
                0x200154b8       0x10 ./devices/MIMX8MQ6/drivers/fsl_uart.o
 .bss.s_uartIsr
                0x200154c8        0x4 ./devices/MIMX8MQ6/drivers/fsl_uart.o
 *(COMMON)
 COMMON         0x200154cc      0x180 ./vue/board/uart.o
                0x200154cc                t_handle_uart3
                0x200154fc                background_buffer
                0x2001551c                t_handle_uart1
                0x2001554c                handleUart2
                0x20015574                handleUart4
                0x2001559c                t_handle_uart4
                0x200155cc                handleUart1
                0x200155f4                t_handle_uart2
                0x20015624                handleUart3
 COMMON         0x2001564c       0x40 ./rtos/freertos/Source/queue.o
                0x2001564c                xQueueRegistry
 COMMON         0x2001568c       0x38 ./devices/MIMX8MQ6/drivers/fsl_sai.o
                0x2001568c                s_saiHandle
                0x200156c4                . = ALIGN (0x4)
                0x200156c4                __bss_end__ = .
                0x200156c4                __END_BSS = .

.heap           0x200156c4      0x404 load address 0x1fff007c
                0x200156c8                . = ALIGN (0x8)
 *fill*         0x200156c4        0x4 
                0x200156c8                __end__ = .
                0x200156c8                PROVIDE (end = .)
                0x200156c8                __HeapBase = .
                0x20015ac8                . = (. + HEAP_SIZE)
 *fill*         0x200156c8      0x400 
                0x20015ac8                __HeapLimit = .
                0x20015ac8                __heap_limit = .

.stack          0x20015ac8      0x400 load address 0x1fff0480
                0x20015ac8                . = ALIGN (0x8)
                0x20015ec8                . = (. + STACK_SIZE)
 *fill*         0x20015ac8      0x400 
                0x20020000                __StackTop = (ORIGIN (m_data) + LENGTH (m_data))
                0x2001fc00                __StackLimit = (__StackTop - STACK_SIZE)
                0x20020000                PROVIDE (__stack = __StackTop)

.ARM.attributes
                0x00000000       0x30
 *(.ARM.attributes)
 .ARM.attributes
                0x00000000       0x22 c:/program files (x86)/gnu tools arm embedded/7 2018-q2-update/bin/../lib/gcc/arm-none-eabi/7.3.1/thumb/v7e-m/fpv4-sp/hard/crti.o
 .ARM.attributes
                0x00000022       0x34 c:/program files (x86)/gnu tools arm embedded/7 2018-q2-update/bin/../lib/gcc/arm-none-eabi/7.3.1/thumb/v7e-m/fpv4-sp/hard/crtbegin.o
 .ARM.attributes
                0x00000056       0x20 c:/program files (x86)/gnu tools arm embedded/7 2018-q2-update/bin/../lib/gcc/arm-none-eabi/7.3.1/../../../../arm-none-eabi/lib/thumb/v7e-m/fpv4-sp/hard/crt0.o
 .ARM.attributes
                0x00000076       0x39 ./vue/ipcTask/IpcInterface.o
 .ARM.attributes
                0x000000af       0x39 ./vue/deviceTask/DeviceInterface.o
 .ARM.attributes
                0x000000e8       0x39 ./vue/deviceTask/DeviceTask.o
 .ARM.attributes
                0x00000121       0x39 ./vue/device/DigitalIO.o
 .ARM.attributes
                0x0000015a       0x39 ./vue/device/RS485Sensor.o
 .ARM.attributes
                0x00000193       0x39 ./vue/board/board.o
 .ARM.attributes
                0x000001cc       0x39 ./vue/board/clock_config.o
 .ARM.attributes
                0x00000205       0x39 ./vue/board/pin_mux.o
 .ARM.attributes
                0x0000023e       0x39 ./vue/board/uart.o
 .ARM.attributes
                0x00000277       0x39 ./vue/main.o
 .ARM.attributes
                0x000002b0       0x39 ./rtos/freertos/Source/portable/low_power_tickless/fsl_tickless_gpt.o
 .ARM.attributes
                0x000002e9       0x39 ./rtos/freertos/Source/portable/MemMang/heap_4.o
 .ARM.attributes
                0x00000322       0x39 ./rtos/freertos/Source/portable/GCC/ARM_CM4F/port.o
 .ARM.attributes
                0x0000035b       0x39 ./rtos/freertos/Source/event_groups.o
 .ARM.attributes
                0x00000394       0x39 ./rtos/freertos/Source/list.o
 .ARM.attributes
                0x000003cd       0x39 ./rtos/freertos/Source/queue.o
 .ARM.attributes
                0x00000406       0x39 ./rtos/freertos/Source/tasks.o
 .ARM.attributes
                0x0000043f       0x39 ./rtos/freertos/Source/timers.o
 .ARM.attributes
                0x00000478       0x39 ./rpmsg_lite/lib/virtio/virtqueue.o
 .ARM.attributes
                0x000004b1       0x39 ./rpmsg_lite/lib/rpmsg_lite/porting/platform/imx8mq_m4/rpmsg_platform.o
 .ARM.attributes
                0x000004ea       0x39 ./rpmsg_lite/lib/rpmsg_lite/porting/environment/rpmsg_env_freertos.o
 .ARM.attributes
                0x00000523       0x39 ./devices/MIMX8MQ6/utilities/str/fsl_str.o
 .ARM.attributes
                0x0000055c       0x39 ./devices/MIMX8MQ6/utilities/log/fsl_log.o
 .ARM.attributes
                0x00000595       0x39 ./devices/MIMX8MQ6/utilities/io/fsl_io.o
 .ARM.attributes
                0x000005ce       0x39 ./devices/MIMX8MQ6/utilities/fsl_assert.o
 .ARM.attributes
                0x00000607       0x39 ./devices/MIMX8MQ6/utilities/fsl_debug_console.o
 .ARM.attributes
                0x00000640       0x1f ./devices/MIMX8MQ6/gcc/startup_MIMX8MQ6_cm4.o
 .ARM.attributes
                0x0000065f       0x39 ./devices/MIMX8MQ6/drivers/fsl_clock.o
 .ARM.attributes
                0x00000698       0x39 ./devices/MIMX8MQ6/drivers/fsl_ecspi.o
 .ARM.attributes
                0x000006d1       0x39 ./devices/MIMX8MQ6/drivers/fsl_gpio.o
 .ARM.attributes
                0x0000070a       0x39 ./devices/MIMX8MQ6/drivers/fsl_i2c.o
 .ARM.attributes
                0x00000743       0x39 ./devices/MIMX8MQ6/drivers/fsl_sai.o
 .ARM.attributes
                0x0000077c       0x39 ./devices/MIMX8MQ6/drivers/fsl_uart.o
 .ARM.attributes
                0x000007b5       0x39 ./devices/MIMX8MQ6/drivers/fsl_uart_freertos.o
 .ARM.attributes
                0x000007ee       0x39 ./devices/MIMX8MQ6/system_MIMX8MQ6_cm4.o
 .ARM.attributes
                0x00000827       0x22 c:/program files (x86)/gnu tools arm embedded/7 2018-q2-update/bin/../lib/gcc/arm-none-eabi/7.3.1/thumb/v7e-m/fpv4-sp/hard\libgcc.a(_arm_addsubdf3.o)
 .ARM.attributes
                0x00000849       0x22 c:/program files (x86)/gnu tools arm embedded/7 2018-q2-update/bin/../lib/gcc/arm-none-eabi/7.3.1/thumb/v7e-m/fpv4-sp/hard\libgcc.a(_aeabi_uldivmod.o)
 .ARM.attributes
                0x0000086b       0x34 c:/program files (x86)/gnu tools arm embedded/7 2018-q2-update/bin/../lib/gcc/arm-none-eabi/7.3.1/thumb/v7e-m/fpv4-sp/hard\libgcc.a(_udivmoddi4.o)
 .ARM.attributes
                0x0000089f       0x22 c:/program files (x86)/gnu tools arm embedded/7 2018-q2-update/bin/../lib/gcc/arm-none-eabi/7.3.1/thumb/v7e-m/fpv4-sp/hard\libgcc.a(_dvmd_tls.o)
 .ARM.attributes
                0x000008c1       0x34 c:/program files (x86)/gnu tools arm embedded/7 2018-q2-update/bin/../lib/gcc/arm-none-eabi/7.3.1/../../../../arm-none-eabi/lib/thumb/v7e-m/fpv4-sp/hard\libg_nano.a(lib_a-exit.o)
 .ARM.attributes
                0x000008f5       0x34 c:/program files (x86)/gnu tools arm embedded/7 2018-q2-update/bin/../lib/gcc/arm-none-eabi/7.3.1/../../../../arm-none-eabi/lib/thumb/v7e-m/fpv4-sp/hard\libg_nano.a(lib_a-impure.o)
 .ARM.attributes
                0x00000929       0x34 c:/program files (x86)/gnu tools arm embedded/7 2018-q2-update/bin/../lib/gcc/arm-none-eabi/7.3.1/../../../../arm-none-eabi/lib/thumb/v7e-m/fpv4-sp/hard\libg_nano.a(lib_a-init.o)
 .ARM.attributes
                0x0000095d       0x34 c:/program files (x86)/gnu tools arm embedded/7 2018-q2-update/bin/../lib/gcc/arm-none-eabi/7.3.1/../../../../arm-none-eabi/lib/thumb/v7e-m/fpv4-sp/hard\libg_nano.a(lib_a-memcpy-stub.o)
 .ARM.attributes
                0x00000991       0x34 c:/program files (x86)/gnu tools arm embedded/7 2018-q2-update/bin/../lib/gcc/arm-none-eabi/7.3.1/../../../../arm-none-eabi/lib/thumb/v7e-m/fpv4-sp/hard\libg_nano.a(lib_a-memset.o)
 .ARM.attributes
                0x000009c5       0x1b c:/program files (x86)/gnu tools arm embedded/7 2018-q2-update/bin/../lib/gcc/arm-none-eabi/7.3.1/../../../../arm-none-eabi/lib/thumb/v7e-m/fpv4-sp/hard\libg_nano.a(lib_a-strlen.o)
 .ARM.attributes
                0x000009e0       0x34 c:/program files (x86)/gnu tools arm embedded/7 2018-q2-update/bin/../lib/gcc/arm-none-eabi/7.3.1/../../../../arm-none-eabi/lib/thumb/v7e-m/fpv4-sp/hard\libg_nano.a(lib_a-findfp.o)
 .ARM.attributes
                0x00000a14       0x34 c:/program files (x86)/gnu tools arm embedded/7 2018-q2-update/bin/../lib/gcc/arm-none-eabi/7.3.1/../../../../arm-none-eabi/lib/thumb/v7e-m/fpv4-sp/hard\libnosys.a(_exit.o)
 .ARM.attributes
                0x00000a48       0x22 c:/program files (x86)/gnu tools arm embedded/7 2018-q2-update/bin/../lib/gcc/arm-none-eabi/7.3.1/thumb/v7e-m/fpv4-sp/hard/crtn.o
                0x00000001                ASSERT ((__StackLimit >= __HeapLimit), region m_data overflowed with stack and heap)
OUTPUT(NewVueM4.elf elf32-littlearm)

.debug_info     0x00000000    0x314c5
 .debug_info    0x00000000     0x2dc2 ./vue/ipcTask/IpcInterface.o
 .debug_info    0x00002dc2     0x26d2 ./vue/deviceTask/DeviceInterface.o
 .debug_info    0x00005494     0x1725 ./vue/deviceTask/DeviceTask.o
 .debug_info    0x00006bb9     0x17d7 ./vue/device/DigitalIO.o
 .debug_info    0x00008390     0x2b6e ./vue/device/RS485Sensor.o
 .debug_info    0x0000aefe     0x134d ./vue/board/board.o
 .debug_info    0x0000c24b     0x15ab ./vue/board/clock_config.o
 .debug_info    0x0000d7f6      0x9d0 ./vue/board/pin_mux.o
 .debug_info    0x0000e1c6     0x1de6 ./vue/board/uart.o
 .debug_info    0x0000ffac      0x916 ./vue/main.o
 .debug_info    0x000108c2       0xbb ./rtos/freertos/Source/portable/low_power_tickless/fsl_tickless_gpt.o
 .debug_info    0x0001097d      0xbef ./rtos/freertos/Source/portable/MemMang/heap_4.o
 .debug_info    0x0001156c      0x4e5 ./rtos/freertos/Source/portable/GCC/ARM_CM4F/port.o
 .debug_info    0x00011a51     0x118f ./rtos/freertos/Source/event_groups.o
 .debug_info    0x00012be0      0xac5 ./rtos/freertos/Source/list.o
 .debug_info    0x000136a5     0x1c18 ./rtos/freertos/Source/queue.o
 .debug_info    0x000152bd     0x26c2 ./rtos/freertos/Source/tasks.o
 .debug_info    0x0001797f     0x153d ./rtos/freertos/Source/timers.o
 .debug_info    0x00018ebc     0x1426 ./rpmsg_lite/lib/virtio/virtqueue.o
 .debug_info    0x0001a2e2     0x1a33 ./rpmsg_lite/lib/rpmsg_lite/porting/platform/imx8mq_m4/rpmsg_platform.o
 .debug_info    0x0001bd15     0x13c1 ./rpmsg_lite/lib/rpmsg_lite/porting/environment/rpmsg_env_freertos.o
 .debug_info    0x0001d0d6      0xd59 ./devices/MIMX8MQ6/utilities/str/fsl_str.o
 .debug_info    0x0001de2f      0xba3 ./devices/MIMX8MQ6/utilities/log/fsl_log.o
 .debug_info    0x0001e9d2     0x1482 ./devices/MIMX8MQ6/utilities/io/fsl_io.o
 .debug_info    0x0001fe54      0x92b ./devices/MIMX8MQ6/utilities/fsl_assert.o
 .debug_info    0x0002077f      0xc27 ./devices/MIMX8MQ6/utilities/fsl_debug_console.o
 .debug_info    0x000213a6       0x26 ./devices/MIMX8MQ6/gcc/startup_MIMX8MQ6_cm4.o
 .debug_info    0x000213cc     0x2729 ./devices/MIMX8MQ6/drivers/fsl_clock.o
 .debug_info    0x00023af5     0x286d ./devices/MIMX8MQ6/drivers/fsl_ecspi.o
 .debug_info    0x00026362     0x149d ./devices/MIMX8MQ6/drivers/fsl_gpio.o
 .debug_info    0x000277ff     0x297f ./devices/MIMX8MQ6/drivers/fsl_i2c.o
 .debug_info    0x0002a17e     0x2d10 ./devices/MIMX8MQ6/drivers/fsl_sai.o
 .debug_info    0x0002ce8e     0x2a86 ./devices/MIMX8MQ6/drivers/fsl_uart.o
 .debug_info    0x0002f914     0x1218 ./devices/MIMX8MQ6/drivers/fsl_uart_freertos.o
 .debug_info    0x00030b2c      0x999 ./devices/MIMX8MQ6/system_MIMX8MQ6_cm4.o

.debug_abbrev   0x00000000     0x5eaa
 .debug_abbrev  0x00000000      0x3d9 ./vue/ipcTask/IpcInterface.o
 .debug_abbrev  0x000003d9      0x348 ./vue/deviceTask/DeviceInterface.o
 .debug_abbrev  0x00000721      0x26b ./vue/deviceTask/DeviceTask.o
 .debug_abbrev  0x0000098c      0x31e ./vue/device/DigitalIO.o
 .debug_abbrev  0x00000caa      0x3ea ./vue/device/RS485Sensor.o
 .debug_abbrev  0x00001094      0x2ed ./vue/board/board.o
 .debug_abbrev  0x00001381      0x25c ./vue/board/clock_config.o
 .debug_abbrev  0x000015dd      0x1ee ./vue/board/pin_mux.o
 .debug_abbrev  0x000017cb      0x2d9 ./vue/board/uart.o
 .debug_abbrev  0x00001aa4      0x1b3 ./vue/main.o
 .debug_abbrev  0x00001c57       0x63 ./rtos/freertos/Source/portable/low_power_tickless/fsl_tickless_gpt.o
 .debug_abbrev  0x00001cba      0x2d4 ./rtos/freertos/Source/portable/MemMang/heap_4.o
 .debug_abbrev  0x00001f8e      0x226 ./rtos/freertos/Source/portable/GCC/ARM_CM4F/port.o
 .debug_abbrev  0x000021b4      0x309 ./rtos/freertos/Source/event_groups.o
 .debug_abbrev  0x000024bd      0x1fe ./rtos/freertos/Source/list.o
 .debug_abbrev  0x000026bb      0x30d ./rtos/freertos/Source/queue.o
 .debug_abbrev  0x000029c8      0x3b6 ./rtos/freertos/Source/tasks.o
 .debug_abbrev  0x00002d7e      0x2cc ./rtos/freertos/Source/timers.o
 .debug_abbrev  0x0000304a      0x317 ./rpmsg_lite/lib/virtio/virtqueue.o
 .debug_abbrev  0x00003361      0x386 ./rpmsg_lite/lib/rpmsg_lite/porting/platform/imx8mq_m4/rpmsg_platform.o
 .debug_abbrev  0x000036e7      0x2df ./rpmsg_lite/lib/rpmsg_lite/porting/environment/rpmsg_env_freertos.o
 .debug_abbrev  0x000039c6      0x295 ./devices/MIMX8MQ6/utilities/str/fsl_str.o
 .debug_abbrev  0x00003c5b      0x280 ./devices/MIMX8MQ6/utilities/log/fsl_log.o
 .debug_abbrev  0x00003edb      0x2d1 ./devices/MIMX8MQ6/utilities/io/fsl_io.o
 .debug_abbrev  0x000041ac      0x1c3 ./devices/MIMX8MQ6/utilities/fsl_assert.o
 .debug_abbrev  0x0000436f      0x289 ./devices/MIMX8MQ6/utilities/fsl_debug_console.o
 .debug_abbrev  0x000045f8       0x14 ./devices/MIMX8MQ6/gcc/startup_MIMX8MQ6_cm4.o
 .debug_abbrev  0x0000460c      0x368 ./devices/MIMX8MQ6/drivers/fsl_clock.o
 .debug_abbrev  0x00004974      0x3a3 ./devices/MIMX8MQ6/drivers/fsl_ecspi.o
 .debug_abbrev  0x00004d17      0x2b1 ./devices/MIMX8MQ6/drivers/fsl_gpio.o
 .debug_abbrev  0x00004fc8      0x39f ./devices/MIMX8MQ6/drivers/fsl_i2c.o
 .debug_abbrev  0x00005367      0x373 ./devices/MIMX8MQ6/drivers/fsl_sai.o
 .debug_abbrev  0x000056da      0x389 ./devices/MIMX8MQ6/drivers/fsl_uart.o
 .debug_abbrev  0x00005a63      0x2bd ./devices/MIMX8MQ6/drivers/fsl_uart_freertos.o
 .debug_abbrev  0x00005d20      0x18a ./devices/MIMX8MQ6/system_MIMX8MQ6_cm4.o

.debug_aranges  0x00000000     0x15f0
 .debug_aranges
                0x00000000       0x98 ./vue/ipcTask/IpcInterface.o
 .debug_aranges
                0x00000098       0x88 ./vue/deviceTask/DeviceInterface.o
 .debug_aranges
                0x00000120       0x28 ./vue/deviceTask/DeviceTask.o
 .debug_aranges
                0x00000148       0x68 ./vue/device/DigitalIO.o
 .debug_aranges
                0x000001b0       0xe0 ./vue/device/RS485Sensor.o
 .debug_aranges
                0x00000290       0x50 ./vue/board/board.o
 .debug_aranges
                0x000002e0       0x28 ./vue/board/clock_config.o
 .debug_aranges
                0x00000308       0x30 ./vue/board/pin_mux.o
 .debug_aranges
                0x00000338       0x50 ./vue/board/uart.o
 .debug_aranges
                0x00000388       0x20 ./vue/main.o
 .debug_aranges
                0x000003a8       0x20 ./rtos/freertos/Source/portable/low_power_tickless/fsl_tickless_gpt.o
 .debug_aranges
                0x000003c8       0x50 ./rtos/freertos/Source/portable/MemMang/heap_4.o
 .debug_aranges
                0x00000418       0x78 ./rtos/freertos/Source/portable/GCC/ARM_CM4F/port.o
 .debug_aranges
                0x00000490       0x80 ./rtos/freertos/Source/event_groups.o
 .debug_aranges
                0x00000510       0x40 ./rtos/freertos/Source/list.o
 .debug_aranges
                0x00000550      0x118 ./rtos/freertos/Source/queue.o
 .debug_aranges
                0x00000668      0x1e8 ./rtos/freertos/Source/tasks.o
 .debug_aranges
                0x00000850       0xc8 ./rtos/freertos/Source/timers.o
 .debug_aranges
                0x00000918       0xf8 ./rpmsg_lite/lib/virtio/virtqueue.o
 .debug_aranges
                0x00000a10       0xc8 ./rpmsg_lite/lib/rpmsg_lite/porting/platform/imx8mq_m4/rpmsg_platform.o
 .debug_aranges
                0x00000ad8      0x140 ./rpmsg_lite/lib/rpmsg_lite/porting/environment/rpmsg_env_freertos.o
 .debug_aranges
                0x00000c18       0x38 ./devices/MIMX8MQ6/utilities/str/fsl_str.o
 .debug_aranges
                0x00000c50       0x58 ./devices/MIMX8MQ6/utilities/log/fsl_log.o
 .debug_aranges
                0x00000ca8       0x48 ./devices/MIMX8MQ6/utilities/io/fsl_io.o
 .debug_aranges
                0x00000cf0       0x20 ./devices/MIMX8MQ6/utilities/fsl_assert.o
 .debug_aranges
                0x00000d10       0x68 ./devices/MIMX8MQ6/utilities/fsl_debug_console.o
 .debug_aranges