16:26:32 **** Incremental Build of configuration Release for project usbd_rom_libusb ****
make -r -j4 all 
Building file: ../src/libusbdev_main.c
Invoking: MCU C Compiler
arm-none-eabi-gcc -D__MULTICORE_NONE -DNDEBUG -D__CODE_RED -D__USE_LPCOPEN -D__REDLIB__ -DCORE_M4 -I"E:\myDrive\00_source_workspace\01_Ven_4337\lpc_chip_43xx\inc" -I"E:\myDrive\00_source_workspace\01_Ven_4337\lib_lpcspifilib\inc" -I"E:\myDrive\00_source_workspace\01_Ven_4337\lpc_chip_43xx\inc\usbd" -I"E:\myDrive\00_source_workspace\01_Ven_4337\lpc_board_nxp_lpcxpresso_4337\inc" -I"E:\myDrive\00_source_workspace\01_Ven_4337\usbd_rom_libusb\inc" -I"E:\myDrive\00_source_workspace\01_Ven_4337\usbd_rom_libusb\inc" -Os -g -Wall -c -fmessage-length=0 -fno-builtin -ffunction-sections -fdata-sections -fsingle-precision-constant -mcpu=cortex-m4 -mfpu=fpv4-sp-d16 -mfloat-abi=softfp -mthumb -specs=redlib.specs -MMD -MP -MF"src/libusbdev_main.d" -MT"src/libusbdev_main.o" -MT"src/libusbdev_main.d" -o "src/libusbdev_main.o" "../src/libusbdev_main.c"
Finished building: ../src/libusbdev_main.c
 
Building target: usbd_rom_libusb.axf
Invoking: MCU Linker
arm-none-eabi-gcc -nostdlib -L"E:\myDrive\00_source_workspace\01_Ven_4337\lpc_chip_43xx\Release" -L"E:\myDrive\00_source_workspace\01_Ven_4337\lpc_board_nxp_lpcxpresso_4337\Release" -Xlinker -Map="usbd_rom_libusb.map" -Xlinker --gc-sections -mcpu=cortex-m4 -mfpu=fpv4-sp-d16 -mfloat-abi=softfp -mthumb -T "usbd_rom_libusb_Release.ld" -o "usbd_rom_libusb.axf"  ./src/cr_startup_lpc18xx.o ./src/libusbdev.o ./src/libusbdev_desc.o ./src/libusbdev_main.o ./src/sysinit.o   -llpc_board_nxp_lpcxpresso_4337 -llpc_chip_43xx
Finished building target: usbd_rom_libusb.axf
 
/bin/make --no-print-directory post-build
Performing post-build steps
arm-none-eabi-size "usbd_rom_libusb.axf"; # arm-none-eabi-objcopy -v -O binary "usbd_rom_libusb.axf" "usbd_rom_libusb.bin" ; # checksum -p LPC4337 -d "usbd_rom_libusb.bin";
   text	   data	    bss	    dec	    hex	filename
  15072	     80	   4488	  19640	   4cb8	usbd_rom_libusb.axf
 

16:26:33 Build Finished (took 828ms)

