Archive member included to satisfy reference by file (symbol)

D:\Metran_Project\FH-310\workspace\lpc_board_ea_oem_4357_m0\Debug\liblpc_board_ea_oem_4357_m0.a(board.o)
                              ./src/FH310_m0_unitest.o (Board_LED_Set)
D:\Metran_Project\FH-310\workspace\lpc_board_ea_oem_4357_m0\Debug\liblpc_board_ea_oem_4357_m0.a(ea_lcd_board.o)
                              D:\Metran_Project\FH-310\workspace\lpc_board_ea_oem_4357_m0\Debug\liblpc_board_ea_oem_4357_m0.a(board.o) (ea_lcdb_ctrl_backlightContrast)
D:\Metran_Project\FH-310\workspace\lpc_board_ea_oem_4357_m0\Debug\liblpc_board_ea_oem_4357_m0.a(lcdb_eeprom.o)
                              D:\Metran_Project\FH-310\workspace\lpc_board_ea_oem_4357_m0\Debug\liblpc_board_ea_oem_4357_m0.a(ea_lcd_board.o) (lcdb_eeprom_read)
D:\Metran_Project\FH-310\workspace\lpc_board_ea_oem_4357_m0\Debug\liblpc_board_ea_oem_4357_m0.a(pca9532.o)
                              D:\Metran_Project\FH-310\workspace\lpc_board_ea_oem_4357_m0\Debug\liblpc_board_ea_oem_4357_m0.a(board.o) (pca9532_init)
D:\Metran_Project\FH-310\workspace\lpc_board_ea_oem_4357_m0\Debug\liblpc_board_ea_oem_4357_m0.a(tsc2046_touch.o)
                              D:\Metran_Project\FH-310\workspace\lpc_board_ea_oem_4357_m0\Debug\liblpc_board_ea_oem_4357_m0.a(board.o) (touch_init)
D:\Metran_Project\FH-310\workspace\lpc_board_ea_oem_4357_m0\Debug\liblpc_board_ea_oem_4357_m0.a(uda1380.o)
                              D:\Metran_Project\FH-310\workspace\lpc_board_ea_oem_4357_m0\Debug\liblpc_board_ea_oem_4357_m0.a(board.o) (UDA1380_Init)
D:\Metran_Project\FH-310\workspace\lpc_board_ea_oem_4357_m0\Debug\liblpc_board_ea_oem_4357_m0.a(calibrate.o)
                              D:\Metran_Project\FH-310\workspace\lpc_board_ea_oem_4357_m0\Debug\liblpc_board_ea_oem_4357_m0.a(tsc2046_touch.o) (setCalibrationMatrix)
D:\Metran_Project\FH-310\workspace\lpc_chip_43xx_m0\Debug\liblpc_chip_43xx_m0.a(chip_18xx_43xx.o)
                              ./freertos/src/FreeRTOS_lpc43xx_m0_Tick.o (SystemCoreClock)
D:\Metran_Project\FH-310\workspace\lpc_chip_43xx_m0\Debug\liblpc_chip_43xx_m0.a(clock_18xx_43xx.o)
                              D:\Metran_Project\FH-310\workspace\lpc_chip_43xx_m0\Debug\liblpc_chip_43xx_m0.a(chip_18xx_43xx.o) (Chip_Clock_GetClockInputHz)
D:\Metran_Project\FH-310\workspace\lpc_chip_43xx_m0\Debug\liblpc_chip_43xx_m0.a(gpio_18xx_43xx.o)
                              D:\Metran_Project\FH-310\workspace\lpc_board_ea_oem_4357_m0\Debug\liblpc_board_ea_oem_4357_m0.a(board.o) (Chip_GPIO_Init)
D:\Metran_Project\FH-310\workspace\lpc_chip_43xx_m0\Debug\liblpc_chip_43xx_m0.a(i2c_18xx_43xx.o)
                              D:\Metran_Project\FH-310\workspace\lpc_board_ea_oem_4357_m0\Debug\liblpc_board_ea_oem_4357_m0.a(board.o) (Chip_I2C_EventHandlerPolling)
D:\Metran_Project\FH-310\workspace\lpc_chip_43xx_m0\Debug\liblpc_chip_43xx_m0.a(i2cm_18xx_43xx.o)
                              D:\Metran_Project\FH-310\workspace\lpc_board_ea_oem_4357_m0\Debug\liblpc_board_ea_oem_4357_m0.a(ea_lcd_board.o) (Chip_I2CM_XferBlocking)
D:\Metran_Project\FH-310\workspace\lpc_chip_43xx_m0\Debug\liblpc_chip_43xx_m0.a(i2s_18xx_43xx.o)
                              D:\Metran_Project\FH-310\workspace\lpc_board_ea_oem_4357_m0\Debug\liblpc_board_ea_oem_4357_m0.a(board.o) (Chip_I2S_Init)
D:\Metran_Project\FH-310\workspace\lpc_chip_43xx_m0\Debug\liblpc_chip_43xx_m0.a(lcd_18xx_43xx.o)
                              D:\Metran_Project\FH-310\workspace\lpc_board_ea_oem_4357_m0\Debug\liblpc_board_ea_oem_4357_m0.a(ea_lcd_board.o) (Chip_LCD_Init)
D:\Metran_Project\FH-310\workspace\lpc_chip_43xx_m0\Debug\liblpc_chip_43xx_m0.a(rgu_18xx_43xx.o)
                              D:\Metran_Project\FH-310\workspace\lpc_board_ea_oem_4357_m0\Debug\liblpc_board_ea_oem_4357_m0.a(board.o) (Chip_RGU_TriggerReset)
D:\Metran_Project\FH-310\workspace\lpc_chip_43xx_m0\Debug\liblpc_chip_43xx_m0.a(ssp_18xx_43xx.o)
                              D:\Metran_Project\FH-310\workspace\lpc_board_ea_oem_4357_m0\Debug\liblpc_board_ea_oem_4357_m0.a(tsc2046_touch.o) (Chip_SSP_WriteFrames_Blocking)
D:\Metran_Project\FH-310\workspace\lpc_chip_43xx_m0\Debug\liblpc_chip_43xx_m0.a(uart_18xx_43xx.o)
                              D:\Metran_Project\FH-310\workspace\lpc_board_ea_oem_4357_m0\Debug\liblpc_board_ea_oem_4357_m0.a(board.o) (Chip_UART_Init)
D:\Metran_Project\FH-310\workspace\lpc_chip_43xx_m0\Debug\liblpc_chip_43xx_m0.a(ring_buffer.o)
                              D:\Metran_Project\FH-310\workspace\lpc_chip_43xx_m0\Debug\liblpc_chip_43xx_m0.a(uart_18xx_43xx.o) (RingBuffer_Insert)
c:/nxp/lpcxpresso_8.1.4_606/lpcxpresso/tools/bin/../lib/gcc/arm-none-eabi/5.2.1/../../../../arm-none-eabi/lib/armv6-m\libcr_semihost.a(_cr__main.o)
                              ./src/cr_startup_lpc43xx-m0app.o (__main)
c:/nxp/lpcxpresso_8.1.4_606/lpcxpresso/tools/bin/../lib/gcc/arm-none-eabi/5.2.1/../../../../arm-none-eabi/lib/armv6-m\libcr_c.a(memcpy.o)
[...]
Memory Configuration

Name             Origin             Length             Attributes
MFlashB512       0x1b000000         0x00080000         xr
RamLoc32         0x10080000         0x00008000         xrw
RamAHB32         0x20000000         0x00008000         xrw
RamAHB16         0x20008000         0x00004000         xrw
RamAHB_ETB16     0x2000c000         0x00004000         xrw
*default*        0x00000000         0xffffffff

Linker script and memory map

LOAD ./src/Device_Task_Test.o
LOAD ./src/Device_Task_Test_Runner.o
LOAD ./src/FH310_m0_unitest.o
LOAD ./src/cr_startup_lpc43xx-m0app.o
LOAD ./src/sysinit.o
LOAD ./freertos/src/FreeRTOSCommonHooks.o
LOAD ./freertos/src/FreeRTOS_lpc43xx_m0_Tick.o
LOAD ./freertos/src/croutine.o
LOAD ./freertos/src/event_groups.o
LOAD ./freertos/src/heap_3.o
LOAD ./freertos/src/list.o
LOAD ./freertos/src/port.o
LOAD ./freertos/src/queue.o
LOAD ./freertos/src/tasks.o
LOAD ./freertos/src/timers.o
LOAD ./ceedling/src/unity.o
LOAD ./ceedling/extras/fixture/src/unity_fixture.o
LOAD ./DeviceTask/device_task.o
LOAD ./DeviceTask/ipc_msg.o
LOAD ./DeviceTask/ipc_receive_msg.o
LOAD ./DeviceTask/ipc_send_msg.o
LOAD ./DeviceTask/m0_img_ldr.o
LOAD D:\Metran_Project\FH-310\workspace\lpc_board_ea_oem_4357_m0\Debug\liblpc_board_ea_oem_4357_m0.a
LOAD D:\Metran_Project\FH-310\workspace\lpc_chip_43xx_m0\Debug\liblpc_chip_43xx_m0.a
START GROUP
LOAD c:/nxp/lpcxpresso_8.1.4_606/lpcxpresso/tools/bin/../lib/gcc/arm-none-eabi/5.2.1/../../../../arm-none-eabi/lib/armv6-m\libcr_semihost.a
LOAD c:/nxp/lpcxpresso_8.1.4_606/lpcxpresso/tools/bin/../lib/gcc/arm-none-eabi/5.2.1/../../../../arm-none-eabi/lib/armv6-m\libcr_c.a
LOAD c:/nxp/lpcxpresso_8.1.4_606/lpcxpresso/tools/bin/../lib/gcc/arm-none-eabi/5.2.1/armv6-m\libcr_eabihelpers.a
END GROUP
                0x1b000000                __base_MFlashB512 = 0x1b000000
                0x1b000000                __base_Flash = 0x1b000000
                0x1b080000                __top_MFlashB512 = 0x1b080000
                0x1b080000                __top_Flash = 0x1b080000
                0x10080000                __base_RamLoc32 = 0x10080000
                0x10080000                __base_RAM = 0x10080000
                0x10088000                __top_RamLoc32 = 0x10088000
                0x10088000                __top_RAM = 0x10088000
                0x20000000                __base_RamAHB32 = 0x20000000
                0x20000000                __base_RAM2 = 0x20000000
                0x20008000                __top_RamAHB32 = 0x20008000
                0x20008000                __top_RAM2 = 0x20008000
                0x20008000                __base_RamAHB16 = 0x20008000
                0x20008000                __base_RAM3 = 0x20008000
                0x2000c000                __top_RamAHB16 = 0x2000c000
                0x2000c000                __top_RAM3 = 0x2000c000
                0x2000c000                __base_RamAHB_ETB16 = 0x2000c000
                0x2000c000                __base_RAM4 = 0x2000c000
                0x20010000                __top_RamAHB_ETB16 = 0x20010000
                0x20010000                __top_RAM4 = 0x20010000

.text           0x1b000000     0x4d48
 FILL mask 0xff
                0x1b000000                __vectors_start__ = ABSOLUTE (.)
 *(.isr_vector)
 .isr_vector    0x1b000000       0xc0 ./src/cr_startup_lpc43xx-m0app.o
                0x1b000000                g_pfnVectors
                0x1b0000c0                . = ALIGN (0x4)
                0x1b0000c0                __section_table_start = .
                0x1b0000c0                __data_section_table = .
                0x1b0000c0        0x4 LONG 0x1b004d48 LOADADDR (.data)
                0x1b0000c4        0x4 LONG 0x10080000 ADDR (.data)
                0x1b0000c8        0x4 LONG 0x8 SIZEOF (.data)
                0x1b0000cc        0x4 LONG 0x1b004d48 LOADADDR (.data_RAM2)
                0x1b0000d0        0x4 LONG 0x20000000 ADDR (.data_RAM2)
                0x1b0000d4        0x4 LONG 0x0 SIZEOF (.data_RAM2)
                0x1b0000d8        0x4 LONG 0x1b004d48 LOADADDR (.data_RAM3)
                0x1b0000dc        0x4 LONG 0x20008000 ADDR (.data_RAM3)
                0x1b0000e0        0x4 LONG 0x0 SIZEOF (.data_RAM3)
                0x1b0000e4        0x4 LONG 0x1b004d48 LOADADDR (.data_RAM4)
                0x1b0000e8        0x4 LONG 0x2000c000 ADDR (.data_RAM4)
                0x1b0000ec        0x4 LONG 0x0 SIZEOF (.data_RAM4)
                0x1b0000f0                __data_section_table_end = .
                0x1b0000f0                __bss_section_table = .
                0x1b0000f0        0x4 LONG 0x10080008 ADDR (.bss)
                0x1b0000f4        0x4 LONG 0x43c SIZEOF (.bss)
                0x1b0000f8        0x4 LONG 0x20000000 ADDR (.bss_RAM2)
                0x1b0000fc        0x4 LONG 0x0 SIZEOF (.bss_RAM2)
                0x1b000100        0x4 LONG 0x20008000 ADDR (.bss_RAM3)
                0x1b000104        0x4 LONG 0x0 SIZEOF (.bss_RAM3)
                0x1b000108        0x4 LONG 0x2000c000 ADDR (.bss_RAM4)
                0x1b00010c        0x4 LONG 0x0 SIZEOF (.bss_RAM4)
                0x1b000110                __bss_section_table_end = .
                0x1b000110                __section_table_end = .
 *(.after_vectors*)
 .after_vectors
                0x1b000110       0x9c ./src/cr_startup_lpc43xx-m0app.o
                0x1b000110                data_init
                0x1b000150                bss_init
                0x1b000184                NMI_Handler
                0x1b00018c                HardFault_Handler
                0x1b0001a4                SDIO_IRQHandler
                0x1b0001a4                USB1_IRQHandler
                0x1b0001a4                TIMER3_IRQHandler
                0x1b0001a4                UART0_IRQHandler
                0x1b0001a4                UART1_IRQHandler
                0x1b0001a4                SPIFI_ADCHS_IRQHandler
                0x1b0001a4                SGPIO_IRQHandler
                0x1b0001a4                ADC0_IRQHandler
                0x1b0001a4                IntDefaultHandler
                0x1b0001a4                SSP0_SSP1_IRQHandler
                0x1b0001a4                ADC1_IRQHandler
                0x1b0001a4                RIT_WDT_IRQHandler
                0x1b0001a4                FLASH_EEPROM_ATIMER_IRQHandler
                0x1b0001a4                RTC_IRQHandler
                0x1b0001a4                TIMER0_IRQHandler
                0x1b0001a4                LCD_IRQHandler
                0x1b0001a4                I2C0_IRQHandler
                0x1b0001a4                UART2_IRQHandler
                0x1b0001a4                I2S0_I2S1_QEI_IRQHandler
                0x1b0001a4                USB0_IRQHandler
                0x1b0001a4                SCT_IRQHandler
                0x1b0001a4                SPI_DAC_IRQHandler
                0x1b0001a4                ETH_IRQHandler
                0x1b0001a4                CAN0_IRQHandler
                0x1b0001a4                M0SUB_IRQHandler
                0x1b0001a4                DMA_IRQHandler
                0x1b0001a4                EVRT_IRQHandler
                0x1b0001a4                UART3_IRQHandler
                0x1b0001a4                MCPWM_IRQHandler
                0x1b0001a4                GINT1_IRQHandler
                0x1b0001a4                GPIO4_IRQHandler
 *(.text*)
 .text.TEST_Device_Task_SETUP
                0x1b0001ac        0xc ./src/Device_Task_Test.o
                0x1b0001ac                TEST_Device_Task_SETUP
 .text.TEST_Device_Task_TEAR_DOWN
                0x1b0001b8        0xc ./src/Device_Task_Test.o
                0x1b0001b8                TEST_Device_Task_TEAR_DOWN
 .text.TEST_Device_Task_add_run
                0x1b0001c4       0x4c ./src/Device_Task_Test.o
                0x1b0001c4                TEST_Device_Task_add_run
 .text.TEST_Device_Task_add_
                0x1b000210       0x24 ./src/Device_Task_Test.o
                0x1b000210                TEST_Device_Task_add_
 .text.TEST_Device_Task_GROUP_RUNNER
                0x1b000234       0x10 ./src/Device_Task_Test_Runner.o
                0x1b000234                TEST_Device_Task_GROUP_RUNNER
 .text.RunAllTests
                0x1b000244       0x10 ./src/FH310_m0_unitest.o
 .text.main     0x1b000254       0x30 ./src/FH310_m0_unitest.o
                0x1b000254                main
 .text.ResetISR
                0x1b000284       0x8c ./src/cr_startup_lpc43xx-m0app.o
                0x1b000284                ResetISR
 .text.vApplicationStackOverflowHook
                0x1b000310       0x20 ./freertos/src/FreeRTOSCommonHooks.o
                0x1b000310                vApplicationStackOverflowHook
 .text.SVC_Handler
                0x1b000330        0xc ./freertos/src/port.o
                0x1b000330                SVC_Handler
 .text.PendSV_Handler
                0x1b00033c       0x48 ./freertos/src/port.o
                0x1b00033c                PendSV_Handler
 .text.vTaskSwitchContext
                0x1b000384       0xec ./freertos/src/tasks.o
                0x1b000384                vTaskSwitchContext
 .text.UnityPrint
                0x1b000470      0x178 ./ceedling/src/unity.o
                0x1b000470                UnityPrint
 .text.UnityPrintNumberByStyle
                0x1b0005e8       0x6c ./ceedling/src/unity.o
                0x1b0005e8                UnityPrintNumberByStyle
 .text.UnityPrintNumber
                0x1b000654       0x5c ./ceedling/src/unity.o
                0x1b000654                UnityPrintNumber
 .text.UnityPrintNumberUnsigned
                0x1b0006b0       0xac ./ceedling/src/unity.o
                0x1b0006b0                UnityPrintNumberUnsigned
 .text.UnityPrintNumberHex
                0x1b00075c      0x130 ./ceedling/src/unity.o
                0x1b00075c                UnityPrintNumberHex
 .text.UnityPrintFail
                0x1b00088c       0x18 ./ceedling/src/unity.o
                0x1b00088c                UnityPrintFail
 .text.UnityPrintOk
                0x1b0008a4       0x18 ./ceedling/src/unity.o
                0x1b0008a4                UnityPrintOk
 .text.UnityTestResultsBegin
                0x1b0008bc       0xbc ./ceedling/src/unity.o
 .text.UnityTestResultsFailBegin
                0x1b000978       0x64 ./ceedling/src/unity.o
 .text.UnityAddMsgIfSpecified
                0x1b0009dc       0x74 ./ceedling/src/unity.o
 .text.UnityAssertEqualNumber
                0x1b000a50       0x90 ./ceedling/src/unity.o
                0x1b000a50                UnityAssertEqualNumber
 .text.UnityFail
                0x1b000ae0      0x10c ./ceedling/src/unity.o
                0x1b000ae0                UnityFail
 .text.UnityBegin
                0x1b000bec       0x50 ./ceedling/src/unity.o
                0x1b000bec                UnityBegin
 .text.UnityEnd
                0x1b000c3c      0x134 ./ceedling/src/unity.o
                0x1b000c3c                UnityEnd
 .text.announceTestRun
                0x1b000d70       0x74 ./ceedling/extras/fixture/src/unity_fixture.o
 .text.UnityMain
                0x1b000de4       0xa0 ./ceedling/extras/fixture/src/unity_fixture.o
                0x1b000de4                UnityMain
 .text.selected
                0x1b000e84       0x30 ./ceedling/extras/fixture/src/unity_fixture.o
 .text.testSelected
                0x1b000eb4       0x24 ./ceedling/extras/fixture/src/unity_fixture.o
 .text.groupSelected
                0x1b000ed8       0x24 ./ceedling/extras/fixture/src/unity_fixture.o
 .text.UnityTestRunner
                0x1b000efc       0xe8 ./ceedling/extras/fixture/src/unity_fixture.o
                0x1b000efc                UnityTestRunner
 .text.UnityMalloc_StartTest
                0x1b000fe4       0x20 ./ceedling/extras/fixture/src/unity_fixture.o
                0x1b000fe4                UnityMalloc_StartTest
 .text.UnityMalloc_EndTest
                0x1b001004       0x38 ./ceedling/extras/fixture/src/unity_fixture.o
                0x1b001004                UnityMalloc_EndTest
 .text.UnityPointer_Init
                0x1b00103c       0x14 ./ceedling/extras/fixture/src/unity_fixture.o
                0x1b00103c                UnityPointer_Init
 .text.UnityPointer_UndoAllSets
                0x1b001050       0x40 ./ceedling/extras/fixture/src/unity_fixture.o
                0x1b001050                UnityPointer_UndoAllSets
 .text.UnityGetCommandLineOptions
                0x1b001090      0x1c4 ./ceedling/extras/fixture/src/unity_fixture.o
                0x1b001090                UnityGetCommandLineOptions
 .text.UnityConcludeFixtureTest
                0x1b001254       0xe8 ./ceedling/extras/fixture/src/unity_fixture.o
                0x1b001254                UnityConcludeFixtureTest
 .text.add      0x1b00133c       0x18 ./DeviceTask/device_task.o
                0x1b00133c                add
 .text.Chip_CREG_ClearM4Event
                0x1b001354       0x18 ./DeviceTask/ipc_msg.o
 .text.os_event_handler
                0x1b00136c        0xc ./DeviceTask/ipc_msg.o
 .text.EVENT_IPC_Receive
                0x1b001378        0xc ./DeviceTask/ipc_msg.o
                0x1b001378                EVENT_IPC_Receive
 .text.M4_IRQHandler
                0x1b001384       0x18 ./DeviceTask/ipc_msg.o
                0x1b001384                M4_IRQHandler
 .text.Board_LED_Set
                0x1b00139c       0xc4 D:\Metran_Project\FH-310\workspace\lpc_board_ea_oem_4357_m0\Debug\liblpc_board_ea_oem_4357_m0.a(board.o)
                0x1b00139c                Board_LED_Set
 .text.I2CWrite
                0x1b001460       0x6c D:\Metran_Project\FH-310\workspace\lpc_board_ea_oem_4357_m0\Debug\liblpc_board_ea_oem_4357_m0.a(pca9532.o)
 .text.setLsStates
                0x1b0014cc       0xd4 D:\Metran_Project\FH-310\workspace\lpc_board_ea_oem_4357_m0\Debug\liblpc_board_ea_oem_4357_m0.a(pca9532.o)
 .text.setLeds  0x1b0015a0       0x94 D:\Metran_Project\FH-310\workspace\lpc_board_ea_oem_4357_m0\Debug\liblpc_board_ea_oem_4357_m0.a(pca9532.o)
 .text.pca9532_setLeds
                0x1b001634       0x88 D:\Metran_Project\FH-310\workspace\lpc_board_ea_oem_4357_m0\Debug\liblpc_board_ea_oem_4357_m0.a(pca9532.o)
                0x1b001634                pca9532_setLeds
 .text.SystemCoreClockUpdate
                0x1b0016bc       0x1c D:\Metran_Project\FH-310\workspace\lpc_chip_43xx_m0\Debug\liblpc_chip_43xx_m0.a(chip_18xx_43xx.o)
                0x1b0016bc                SystemCoreClockUpdate
 .text.Chip_Clock_GetDivRate
                0x1b0016d8       0x58 D:\Metran_Project\FH-310\workspace\lpc_chip_43xx_m0\Debug\liblpc_chip_43xx_m0.a(clock_18xx_43xx.o)
 .text.Chip_Clock_FindBaseClock
                0x1b001730       0xb0 D:\Metran_Project\FH-310\workspace\lpc_chip_43xx_m0\Debug\liblpc_chip_43xx_m0.a(clock_18xx_43xx.o)
 .text.Chip_Clock_GetMainPLLHz
                0x1b0017e0       0xd4 D:\Metran_Project\FH-310\workspace\lpc_chip_43xx_m0\Debug\liblpc_chip_43xx_m0.a(clock_18xx_43xx.o)
                0x1b0017e0                Chip_Clock_GetMainPLLHz
 .text.Chip_Clock_GetDividerSource
                0x1b0018b4       0x40 D:\Metran_Project\FH-310\workspace\lpc_chip_43xx_m0\Debug\liblpc_chip_43xx_m0.a(clock_18xx_43xx.o)
                0x1b0018b4                Chip_Clock_GetDividerSource
 .text.Chip_Clock_GetDividerDivisor
                0x1b0018f4       0x38 D:\Metran_Project\FH-310\workspace\lpc_chip_43xx_m0\Debug\liblpc_chip_43xx_m0.a(clock_18xx_43xx.o)
                0x1b0018f4                Chip_Clock_GetDividerDivisor
 .text.Chip_Clock_GetClockInputHz
                0x1b00192c      0x11c D:\Metran_Project\FH-310\workspace\lpc_chip_43xx_m0\Debug\liblpc_chip_43xx_m0.a(clock_18xx_43xx.o)
                0x1b00192c                Chip_Clock_GetClockInputHz
 .text.Chip_Clock_GetBaseClocktHz
                0x1b001a48       0x28 D:\Metran_Project\FH-310\workspace\lpc_chip_43xx_m0\Debug\liblpc_chip_43xx_m0.a(clock_18xx_43xx.o)
                0x1b001a48                Chip_Clock_GetBaseClocktHz
 .text.Chip_Clock_GetBaseClock
                0x1b001a70       0x50 D:\Metran_Project\FH-310\workspace\lpc_chip_43xx_m0\Debug\liblpc_chip_43xx_m0.a(clock_18xx_43xx.o)
                0x1b001a70                Chip_Clock_GetBaseClock
 .text.Chip_Clock_GetRate
                0x1b001ac0       0x9c D:\Metran_Project\FH-310\workspace\lpc_chip_43xx_m0\Debug\liblpc_chip_43xx_m0.a(clock_18xx_43xx.o)
                0x1b001ac0                Chip_Clock_GetRate
 .text.Chip_I2CM_SendStart
                0x1b001b5c       0x18 D:\Metran_Project\FH-310\workspace\lpc_chip_43xx_m0\Debug\liblpc_chip_43xx_m0.a(i2cm_18xx_43xx.o)
 .text.Chip_I2CM_ResetControl
                0x1b001b74       0x18 D:\Metran_Project\FH-310\workspace\lpc_chip_43xx_m0\Debug\liblpc_chip_43xx_m0.a(i2cm_18xx_43xx.o)
 .text.Chip_I2CM_StateChanged
                0x1b001b8c       0x18 D:\Metran_Project\FH-310\workspace\lpc_chip_43xx_m0\Debug\liblpc_chip_43xx_m0.a(i2cm_18xx_43xx.o)
 .text.Chip_I2CM_GetCurState
                0x1b001ba4       0x18 D:\Metran_Project\FH-310\workspace\lpc_chip_43xx_m0\Debug\liblpc_chip_43xx_m0.a(i2cm_18xx_43xx.o)
 .text.Chip_I2CM_XferHandler
                0x1b001bbc      0x164 D:\Metran_Project\FH-310\workspace\lpc_chip_43xx_m0\Debug\liblpc_chip_43xx_m0.a(i2cm_18xx_43xx.o)
                0x1b001bbc                Chip_I2CM_XferHandler
 .text.Chip_I2CM_Xfer
                0x1b001d20       0x28 D:\Metran_Project\FH-310\workspace\lpc_chip_43xx_m0\Debug\liblpc_chip_43xx_m0.a(i2cm_18xx_43xx.o)
                0x1b001d20                Chip_I2CM_Xfer
 .text.Chip_I2CM_XferBlocking
                0x1b001d48       0x4c D:\Metran_Project\FH-310\workspace\lpc_chip_43xx_m0\Debug\liblpc_chip_43xx_m0.a(i2cm_18xx_43xx.o)
                0x1b001d48                Chip_I2CM_XferBlocking
 .text.__main   0x1b001d94       0x12 c:/nxp/lpcxpresso_8.1.4_606/lpcxpresso/tools/bin/../lib/gcc/arm-none-eabi/5.2.1/../../../../arm-none-eabi/lib/armv6-m\libcr_semihost.a(_cr__main.o)
                0x1b001d94                __CR_SEMIHOST
                0x1b001d94                __main
 .text.memcpy   0x1b001da6        0x8 c:/nxp/lpcxpresso_8.1.4_606/lpcxpresso/tools/bin/../lib/gcc/arm-none-eabi/5.2.1/../../../../arm-none-eabi/lib/armv6-m\libcr_c.a(memcpy.o)
                0x1b001da6                memcpy
 .text.memset   0x1b001dae        0x8 c:/nxp/lpcxpresso_8.1.4_606/lpcxpresso/tools/bin/../lib/gcc/arm-none-eabi/5.2.1/../../../../arm-none-eabi/lib/armv6-m\libcr_c.a(memset.o)
                0x1b001dae                memset
 *fill*         0x1b001db6        0x2 ff
 .text._deferredlazyseek
                0x1b001db8       0x44 c:/nxp/lpcxpresso_8.1.4_606/lpcxpresso/tools/bin/../lib/gcc/arm-none-eabi/5.2.1/../../../../arm-none-eabi/lib/armv6-m\libcr_c.a(_deferredlazyseek.o)
                0x1b001db8                _deferredlazyseek
 .text.__flsbuf
                0x1b001dfc      0x150 c:/nxp/lpcxpresso_8.1.4_606/lpcxpresso/tools/bin/../lib/gcc/arm-none-eabi/5.2.1/../../../../arm-none-eabi/lib/armv6-m\libcr_c.a(_deferredlazyseek.o)
                0x1b001dfc                __flsbuf
 .text._fflush  0x1b001f4c       0x64 c:/nxp/lpcxpresso_8.1.4_606/lpcxpresso/tools/bin/../lib/gcc/arm-none-eabi/5.2.1/../../../../arm-none-eabi/lib/armv6-m\libcr_c.a(_fflush.o)
                0x1b001f4c                _fflush
 .text._Cwritebuf
                0x1b001fb0       0x6c c:/nxp/lpcxpresso_8.1.4_606/lpcxpresso/tools/bin/../lib/gcc/arm-none-eabi/5.2.1/../../../../arm-none-eabi/lib/armv6-m\libcr_c.a(_writebuf.o)
                0x1b001fb0                _Cwritebuf
 .text.malloc   0x1b00201c       0xcc c:/nxp/lpcxpresso_8.1.4_606/lpcxpresso/tools/bin/../lib/gcc/arm-none-eabi/5.2.1/../../../../arm-none-eabi/lib/armv6-m\libcr_c.a(alloc.o)
                0x1b00201c                malloc
 .text.free     0x1b0020e8       0x2e c:/nxp/lpcxpresso_8.1.4_606/lpcxpresso/tools/bin/../lib/gcc/arm-none-eabi/5.2.1/../../../../arm-none-eabi/lib/armv6-m\libcr_c.a(alloc.o)
                0x1b0020e8                free
 *fill*         0x1b002116        0x2 ff
 .text._Csys_alloc
                0x1b002118       0x20 c:/nxp/lpcxpresso_8.1.4_606/lpcxpresso/tools/bin/../lib/gcc/arm-none-eabi/5.2.1/../../../../arm-none-eabi/lib/armv6-m\libcr_c.a(alloc.o)
                0x1b002118                _Csys_alloc
 .text.fflush   0x1b002138       0x34 c:/nxp/lpcxpresso_8.1.4_606/lpcxpresso/tools/bin/../lib/gcc/arm-none-eabi/5.2.1/../../../../arm-none-eabi/lib/armv6-m\libcr_c.a(fflush.o)
                0x1b002138                fflush
 .text.fp_round
                0x1b00216c       0x4a c:/nxp/lpcxpresso_8.1.4_606/lpcxpresso/tools/bin/../lib/gcc/arm-none-eabi/5.2.1/../../../../arm-none-eabi/lib/armv6-m\libcr_c.a(fpprintf.o)
 .text.pr_dec.constprop.1
                0x1b0021b6       0x2a c:/nxp/lpcxpresso_8.1.4_606/lpcxpresso/tools/bin/../lib/gcc/arm-none-eabi/5.2.1/../../../../arm-none-eabi/lib/armv6-m\libcr_c.a(fpprintf.o)
 .text.sprintf  0x1b0021e0       0x6c c:/nxp/lpcxpresso_8.1.4_606/lpcxpresso/tools/bin/../lib/gcc/arm-none-eabi/5.2.1/../../../../arm-none-eabi/lib/armv6-m\libcr_c.a(fpprintf.o)
                0x1b0021e0                sprintf
 .text.fp_display
                0x1b00224c      0x93c c:/nxp/lpcxpresso_8.1.4_606/lpcxpresso/tools/bin/../lib/gcc/arm-none-eabi/5.2.1/../../../../arm-none-eabi/lib/armv6-m\libcr_c.a(fpprintf.o)
 .text.vsnprintf
                0x1b002b88       0x60 c:/nxp/lpcxpresso_8.1.4_606/lpcxpresso/tools/bin/../lib/gcc/arm-none-eabi/5.2.1/../../../../arm-none-eabi/lib/armv6-m\libcr_c.a(fpprintf.o)
                0x1b002b88                vsnprintf
 .text.printf   0x1b002be8       0x50 c:/nxp/lpcxpresso_8.1.4_606/lpcxpresso/tools/bin/../lib/gcc/arm-none-eabi/5.2.1/../../../../arm-none-eabi/lib/armv6-m\libcr_c.a(fpprintf.o)
                0x1b002be8                printf
 .text.fseek    0x1b002c38      0x100 c:/nxp/lpcxpresso_8.1.4_606/lpcxpresso/tools/bin/../lib/gcc/arm-none-eabi/5.2.1/../../../../arm-none-eabi/lib/armv6-m\libcr_c.a(fseek.o)
                0x1b002c38                fseek
 .text.ftell    0x1b002d38       0x4c c:/nxp/lpcxpresso_8.1.4_606/lpcxpresso/tools/bin/../lib/gcc/arm-none-eabi/5.2.1/../../../../arm-none-eabi/lib/armv6-m\libcr_c.a(ftell.o)
                0x1b002d38                ftell
 .text._initio  0x1b002d84       0xa8 c:/nxp/lpcxpresso_8.1.4_606/lpcxpresso/tools/bin/../lib/gcc/arm-none-eabi/5.2.1/../../../../arm-none-eabi/lib/armv6-m\libcr_c.a(initio.o)
                0x1b002d84                _initio
 *fill*         0x1b002e2c        0x4 ff
 .text          0x1b002e30       0x2c c:/nxp/lpcxpresso_8.1.4_606/lpcxpresso/tools/bin/../lib/gcc/arm-none-eabi/5.2.1/../../../../arm-none-eabi/lib/armv6-m\libcr_c.a(longjmp.o)
                0x1b002e30                longjmp
 .text.memcmp   0x1b002e5c       0x3a c:/nxp/lpcxpresso_8.1.4_606/lpcxpresso/tools/bin/../lib/gcc/arm-none-eabi/5.2.1/../../../../arm-none-eabi/lib/armv6-m\libcr_c.a(memcmp.o)
                0x1b002e5c                memcmp
 *fill*         0x1b002e96        0x2 ff
 .text.__vfprintf
                0x1b002e98      0xd5c c:/nxp/lpcxpresso_8.1.4_606/lpcxpresso/tools/bin/../lib/gcc/arm-none-eabi/5.2.1/../../../../arm-none-eabi/lib/armv6-m\libcr_c.a(printf.o)
                0x1b002e98                __vfprintf
 .text          0x1b003bf4       0x18 c:/nxp/lpcxpresso_8.1.4_606/lpcxpresso/tools/bin/../lib/gcc/arm-none-eabi/5.2.1/../../../../arm-none-eabi/lib/armv6-m\libcr_c.a(setjmp.o)
                0x1b003bf4                setjmp
 .text.setvbuf  0x1b003c0c       0x48 c:/nxp/lpcxpresso_8.1.4_606/lpcxpresso/tools/bin/../lib/gcc/arm-none-eabi/5.2.1/../../../../arm-none-eabi/lib/armv6-m\libcr_c.a(setvbuf.o)
                0x1b003c0c                setvbuf
 .text.strcmp   0x1b003c54       0x44 c:/nxp/lpcxpresso_8.1.4_606/lpcxpresso/tools/bin/../lib/gcc/arm-none-eabi/5.2.1/../../../../arm-none-eabi/lib/armv6-m\libcr_c.a(strcmp.o)
                0x1b003c54                strcmp
 .text.strlen   0x1b003c98       0x54 c:/nxp/lpcxpresso_8.1.4_606/lpcxpresso/tools/bin/../lib/gcc/arm-none-eabi/5.2.1/../../../../arm-none-eabi/lib/armv6-m\libcr_c.a(strlen.o)
                0x1b003c98                strlen
 .text.strstr   0x1b003cec       0x22 c:/nxp/lpcxpresso_8.1.4_606/lpcxpresso/tools/bin/../lib/gcc/arm-none-eabi/5.2.1/../../../../arm-none-eabi/lib/armv6-m\libcr_c.a(strstr.o)
                0x1b003cec                strstr
 *fill*         0x1b003d0e        0x2 ff
 .text._sbrk    0x1b003d10       0x40 c:/nxp/lpcxpresso_8.1.4_606/lpcxpresso/tools/bin/../lib/gcc/arm-none-eabi/5.2.1/../../../../arm-none-eabi/lib/armv6-m\libcr_c.a(_cr_sbrk.o)
                0x1b003d10                _sbrk
 .text._do_fflush
                0x1b003d50       0x48 c:/nxp/lpcxpresso_8.1.4_606/lpcxpresso/tools/bin/../lib/gcc/arm-none-eabi/5.2.1/../../../../arm-none-eabi/lib/armv6-m\libcr_c.a(_do_fflush.o)
                0x1b003d50                _do_fflush
 .text._fdopen  0x1b003d98       0x74 c:/nxp/lpcxpresso_8.1.4_606/lpcxpresso/tools/bin/../lib/gcc/arm-none-eabi/5.2.1/../../../../arm-none-eabi/lib/armv6-m\libcr_c.a(_fdopen.o)
                0x1b003d98                _fdopen
 .text._frexpl  0x1b003e0c       0x80 c:/nxp/lpcxpresso_8.1.4_606/lpcxpresso/tools/bin/../lib/gcc/arm-none-eabi/5.2.1/../../../../arm-none-eabi/lib/armv6-m\libcr_c.a(_frexpl.o)
                0x1b003e0c                _frexpl
 .text._ldexpl  0x1b003e8c       0x58 c:/nxp/lpcxpresso_8.1.4_606/lpcxpresso/tools/bin/../lib/gcc/arm-none-eabi/5.2.1/../../../../arm-none-eabi/lib/armv6-m\libcr_c.a(_ldexpl.o)
                0x1b003e8c                _ldexpl
 .text.fclose   0x1b003ee4       0x70 c:/nxp/lpcxpresso_8.1.4_606/lpcxpresso/tools/bin/../lib/gcc/arm-none-eabi/5.2.1/../../../../arm-none-eabi/lib/armv6-m\libcr_c.a(fclose.o)
                0x1b003ee4                fclose
 .text.remove   0x1b003f54       0x12 c:/nxp/lpcxpresso_8.1.4_606/lpcxpresso/tools/bin/../lib/gcc/arm-none-eabi/5.2.1/../../../../arm-none-eabi/lib/armv6-m\libcr_c.a(remove.o)
                0x1b003f54                remove
 *fill*         0x1b003f66        0x2 ff
 .text.__check_heap_overflow
                0x1b003f68       0x14 c:/nxp/lpcxpresso_8.1.4_606/lpcxpresso/tools/bin/../lib/gcc/arm-none-eabi/5.2.1/../../../../arm-none-eabi/lib/armv6-m\libcr_c.a(_cr_check_heap.o)
                0x1b003f68                __check_heap_overflow
 .text.__aeabi_division_idivmod
                0x1b003f7c       0x78 c:/nxp/lpcxpresso_8.1.4_606/lpcxpresso/tools/bin/../lib/gcc/arm-none-eabi/5.2.1/armv6-m\libcr_eabihelpers.a(division_32.o)
                0x1b003f7c                __aeabi_idivmod
                0x1b003f7c                __aeabi_idiv
                0x1b003f82                __aeabi_uidivmod
                0x1b003f82                __aeabi_uidiv
 .text.__aeabi_division_idiv0
                0x1b003ff4        0x2 c:/nxp/lpcxpresso_8.1.4_606/lpcxpresso/tools/bin/../lib/gcc/arm-none-eabi/5.2.1/armv6-m\libcr_eabihelpers.a(division_idiv0.o)
                0x1b003ff4                __aeabi_idiv0
 *fill*         0x1b003ff6        0x2 ff
 .text.__aeabi_dmul
                0x1b003ff8      0x17c c:/nxp/lpcxpresso_8.1.4_606/lpcxpresso/tools/bin/../lib/gcc/arm-none-eabi/5.2.1/armv6-m\libcr_eabihelpers.a(double.o)
                0x1b003ff8                __aeabi_dmul
 .text.__aeabi_ddiv
                0x1b004174      0x14c c:/nxp/lpcxpresso_8.1.4_606/lpcxpresso/tools/bin/../lib/gcc/arm-none-eabi/5.2.1/armv6-m\libcr_eabihelpers.a(double.o)
                0x1b004174                __aeabi_ddiv
 .text.__aeabi_dsub
                0x1b0042c0      0x1c8 c:/nxp/lpcxpresso_8.1.4_606/lpcxpresso/tools/bin/../lib/gcc/arm-none-eabi/5.2.1/armv6-m\libcr_eabihelpers.a(double.o)
                0x1b0042c0                __aeabi_dsub
 .text.__aeabi_dadd
                0x1b004488      0x130 c:/nxp/lpcxpresso_8.1.4_606/lpcxpresso/tools/bin/../lib/gcc/arm-none-eabi/5.2.1/armv6-m\libcr_eabihelpers.a(double.o)
                0x1b004488                __aeabi_dadd
 .text.__aeabi_d2iz
                0x1b0045b8       0x44 c:/nxp/lpcxpresso_8.1.4_606/lpcxpresso/tools/bin/../lib/gcc/arm-none-eabi/5.2.1/armv6-m\libcr_eabihelpers.a(double.o)
                0x1b0045b8                __aeabi_d2iz
 .text.__bhs_ui2d
                0x1b0045fc       0x5e c:/nxp/lpcxpresso_8.1.4_606/lpcxpresso/tools/bin/../lib/gcc/arm-none-eabi/5.2.1/armv6-m\libcr_eabihelpers.a(double.o)
                0x1b0045fc                __bhs_ui2d
 .text.__aeabi_i2d
                0x1b00465a       0x16 c:/nxp/lpcxpresso_8.1.4_606/lpcxpresso/tools/bin/../lib/gcc/arm-none-eabi/5.2.1/armv6-m\libcr_eabihelpers.a(double.o)
                0x1b00465a                __aeabi_i2d
 .text.__aeabi_dcmpeq
                0x1b004670       0x30 c:/nxp/lpcxpresso_8.1.4_606/lpcxpresso/tools/bin/../lib/gcc/arm-none-eabi/5.2.1/armv6-m\libcr_eabihelpers.a(double.o)
                0x1b004670                __aeabi_dcmpeq
 .text.__aeabi_dcmplt
                0x1b0046a0       0x5c c:/nxp/lpcxpresso_8.1.4_606/lpcxpresso/tools/bin/../lib/gcc/arm-none-eabi/5.2.1/armv6-m\libcr_eabihelpers.a(double.o)
                0x1b0046a0                __aeabi_dcmplt
 .text.__aeabi_dcmple
                0x1b0046fc       0x5c c:/nxp/lpcxpresso_8.1.4_606/lpcxpresso/tools/bin/../lib/gcc/arm-none-eabi/5.2.1/armv6-m\libcr_eabihelpers.a(double.o)
                0x1b0046fc                __aeabi_dcmple
 .text.__aeabi_dcmpge
                0x1b004758       0x60 c:/nxp/lpcxpresso_8.1.4_606/lpcxpresso/tools/bin/../lib/gcc/arm-none-eabi/5.2.1/armv6-m\libcr_eabihelpers.a(double.o)
                0x1b004758                __aeabi_dcmpge
 .text.__aeabi_llong_lmul
                0x1b0047b8       0x2e c:/nxp/lpcxpresso_8.1.4_606/lpcxpresso/tools/bin/../lib/gcc/arm-none-eabi/5.2.1/armv6-m\libcr_eabihelpers.a(llong.o)
                0x1b0047b8                __aeabi_lmul
 .text.__aeabi_memcpy
                0x1b0047e6       0x2c c:/nxp/lpcxpresso_8.1.4_606/lpcxpresso/tools/bin/../lib/gcc/arm-none-eabi/5.2.1/armv6-m\libcr_eabihelpers.a(memcpy.o)
                0x1b0047e6                __aeabi_memcpy4
                0x1b0047e6                __aeabi_memcpy8
                0x1b0047e6                __aeabi_memcpy
 .text.__aeabi_memset_lowlevel
                0x1b004812       0x2a c:/nxp/lpcxpresso_8.1.4_606/lpcxpresso/tools/bin/../lib/gcc/arm-none-eabi/5.2.1/armv6-m\libcr_eabihelpers.a(memcpy.o)
                0x1b004812                __aeabi_lowlevel_memset
 .text.__sys_appexit
                0x1b00483c        0xc c:/nxp/lpcxpresso_8.1.4_606/lpcxpresso/tools/bin/../lib/gcc/arm-none-eabi/5.2.1/../../../../arm-none-eabi/lib/armv6-m\libcr_semihost.a(__sys_appexit.o)
                0x1b00483c                __sys_appexit
                0x1b00483c                __exit
 .text.__sys_close
                0x1b004848        0xc c:/nxp/lpcxpresso_8.1.4_606/lpcxpresso/tools/bin/../lib/gcc/arm-none-eabi/5.2.1/../../../../arm-none-eabi/lib/armv6-m\libcr_semihost.a(__sys_close.o)
                0x1b004848                __sys_close
 .text.__sys_flen
                0x1b004854        0xc c:/nxp/lpcxpresso_8.1.4_606/lpcxpresso/tools/bin/../lib/gcc/arm-none-eabi/5.2.1/../../../../arm-none-eabi/lib/armv6-m\libcr_semihost.a(__sys_flen.o)
                0x1b004854                __sys_flen
 .text.__sys_istty
                0x1b004860        0xc c:/nxp/lpcxpresso_8.1.4_606/lpcxpresso/tools/bin/../lib/gcc/arm-none-eabi/5.2.1/../../../../arm-none-eabi/lib/armv6-m\libcr_semihost.a(__sys_istty.o)
                0x1b004860                __sys_istty
 .text.__sys_remove
                0x1b00486c        0xc c:/nxp/lpcxpresso_8.1.4_606/lpcxpresso/tools/bin/../lib/gcc/arm-none-eabi/5.2.1/../../../../arm-none-eabi/lib/armv6-m\libcr_semihost.a(__sys_remove.o)
                0x1b00486c                __sys_remove
 .text.__sys_seek
                0x1b004878        0xc c:/nxp/lpcxpresso_8.1.4_606/lpcxpresso/tools/bin/../lib/gcc/arm-none-eabi/5.2.1/../../../../arm-none-eabi/lib/armv6-m\libcr_semihost.a(__sys_seek.o)
                0x1b004878                __sys_seek
 .text.__sys_tmpnam
                0x1b004884        0xc c:/nxp/lpcxpresso_8.1.4_606/lpcxpresso/tools/bin/../lib/gcc/arm-none-eabi/5.2.1/../../../../arm-none-eabi/lib/armv6-m\libcr_semihost.a(__sys_tmpnam.o)
                0x1b004884                __sys_tmpnam
 .text.__sys_write
                0x1b004890        0xc c:/nxp/lpcxpresso_8.1.4_606/lpcxpresso/tools/bin/../lib/gcc/arm-none-eabi/5.2.1/../../../../arm-none-eabi/lib/armv6-m\libcr_semihost.a(__sys_write.o)
                0x1b004890                __sys_write
                0x1b004890                __write
 *(.rodata .rodata.* .constdata .constdata.*)
 .rodata        0x1b00489c       0x44 ./src/Device_Task_Test.o
 .rodata        0x1b0048e0       0x58 ./freertos/src/FreeRTOSCommonHooks.o
 .rodata.ucExpectedStackBytes.9165
                0x1b004938       0x14 ./freertos/src/tasks.o
 .rodata.UnityStrOk
                0x1b00494c        0x3 ./ceedling/src/unity.o
 *fill*         0x1b00494f        0x1 ff
 .rodata.UnityStrFail
                0x1b004950        0x5 ./ceedling/src/unity.o
 *fill*         0x1b004955        0x3 ff
 .rodata.UnityStrSpacer
                0x1b004958        0x3 ./ceedling/src/unity.o
 *fill*         0x1b00495b        0x1 ff
 .rodata.UnityStrExpected
                0x1b00495c        0xb ./ceedling/src/unity.o
 *fill*         0x1b004967        0x1 ff
 .rodata.UnityStrWas
                0x1b004968        0x6 ./ceedling/src/unity.o
 *fill*         0x1b00496e        0x2 ff
 .rodata.UnityStrBreaker
                0x1b004970       0x18 ./ceedling/src/unity.o
 .rodata.UnityStrResultsTests
                0x1b004988        0x8 ./ceedling/src/unity.o
 .rodata.UnityStrResultsFailures
                0x1b004990        0xb ./ceedling/src/unity.o
 *fill*         0x1b00499b        0x1 ff
 .rodata.UnityStrResultsIgnored
                0x1b00499c        0xa ./ceedling/src/unity.o
 *fill*         0x1b0049a6        0x2 ff
 .rodata.UnityStrDetail1Name
                0x1b0049a8        0xa ./ceedling/src/unity.o
 *fill*         0x1b0049b2        0x2 ff
 .rodata.UnityStrDetail2Name
                0x1b0049b4        0xb ./ceedling/src/unity.o
 *fill*         0x1b0049bf        0x1 ff
 .rodata.UnitySizeMask
                0x1b0049c0       0x1c ./ceedling/src/unity.o
 .rodata        0x1b0049dc       0xae ./ceedling/extras/fixture/src/unity_fixture.o
 *fill*         0x1b004a8a        0x2 ff
 .rodata.ExtRateIn
                0x1b004a8c        0x4 D:\Metran_Project\FH-310\workspace\lpc_board_ea_oem_4357_m0\Debug\liblpc_board_ea_oem_4357_m0.a(board.o)
                0x1b004a8c                ExtRateIn
 .rodata.OscRateIn
                0x1b004a90        0x4 D:\Metran_Project\FH-310\workspace\lpc_board_ea_oem_4357_m0\Debug\liblpc_board_ea_oem_4357_m0.a(board.o)
                0x1b004a90                OscRateIn
 .rodata.periph_to_base
                0x1b004a94       0x6c D:\Metran_Project\FH-310\workspace\lpc_chip_43xx_m0\Debug\liblpc_chip_43xx_m0.a(clock_18xx_43xx.o)
 .rodata        0x1b004b00        0xa D:\Metran_Project\FH-310\workspace\lpc_chip_43xx_m0\Debug\liblpc_chip_43xx_m0.a(clock_18xx_43xx.o)
 *fill*         0x1b004b0a        0x2 ff
 .rodata.Chip_Clock_GetClockInputHz
                0x1b004b0c       0x48 D:\Metran_Project\FH-310\workspace\lpc_chip_43xx_m0\Debug\liblpc_chip_43xx_m0.a(clock_18xx_43xx.o)
 .rodata.Chip_I2CM_XferHandler
                0x1b004b54      0x164 D:\Metran_Project\FH-310\workspace\lpc_chip_43xx_m0\Debug\liblpc_chip_43xx_m0.a(i2cm_18xx_43xx.o)
 .rodata.str1.1
                0x1b004cb8       0x18 c:/nxp/lpcxpresso_8.1.4_606/lpcxpresso/tools/bin/../lib/gcc/arm-none-eabi/5.2.1/../../../../arm-none-eabi/lib/armv6-m\libcr_c.a(alloc.o)
 .rodata.str1.1
                0x1b004cd0       0x34 c:/nxp/lpcxpresso_8.1.4_606/lpcxpresso/tools/bin/../lib/gcc/arm-none-eabi/5.2.1/../../../../arm-none-eabi/lib/armv6-m\libcr_c.a(fpprintf.o)
                                 0x35 (size before relaxing)
 .rodata.str1.1
                0x1b004d04        0x4 c:/nxp/lpcxpresso_8.1.4_606/lpcxpresso/tools/bin/../lib/gcc/arm-none-eabi/5.2.1/../../../../arm-none-eabi/lib/armv6-m\libcr_c.a(initio.o)
 .rodata.str1.1
                0x1b004d08       0x31 c:/nxp/lpcxpresso_8.1.4_606/lpcxpresso/tools/bin/../lib/gcc/arm-none-eabi/5.2.1/../../../../arm-none-eabi/lib/armv6-m\libcr_c.a(printf.o)
                                 0x38 (size before relaxing)
 *fill*         0x1b004d39        0x7 ff
 .rodata.__huge_vall
                0x1b004d40        0x8 c:/nxp/lpcxpresso_8.1.4_606/lpcxpresso/tools/bin/../lib/gcc/arm-none-eabi/5.2.1/../../../../arm-none-eabi/lib/armv6-m\libcr_c.a(_hugeval.o)
                0x1b004d40                __huge_vall
                0x1b004d48                . = ALIGN (0x4)

.glue_7         0x1b004d48        0x0
 .glue_7        0x1b004d48        0x0 linker stubs

.glue_7t        0x1b004d48        0x0
 .glue_7t       0x1b004d48        0x0 linker stubs

.vfp11_veneer   0x1b004d48        0x0
 .vfp11_veneer  0x1b004d48        0x0 linker stubs

.v4_bx          0x1b004d48        0x0
 .v4_bx         0x1b004d48        0x0 linker stubs

.iplt           0x1b004d48        0x0
 .iplt          0x1b004d48        0x0 ./src/Device_Task_Test.o

.rel.dyn        0x1b004d48        0x0
 .rel.iplt      0x1b004d48        0x0 ./src/Device_Task_Test.o

.ARM.extab
 *(.ARM.extab* .gnu.linkonce.armextab.*)
                0x1b004d48                __exidx_start = .

.ARM.exidx
 *(.ARM.exidx* .gnu.linkonce.armexidx.*)
                0x1b004d48                __exidx_end = .
                0x1b004d48                _etext = .

.data_RAM2      0x20000000        0x0 load address 0x1b004d48
 FILL mask 0xff
                [!provide]                PROVIDE (__start_data_RAM2, .)
 *(.ramfunc.$RAM2)
 *(.ramfunc.$RamAHB32)
 *(.data.$RAM2*)
 *(.data.$RamAHB32*)
                0x20000000                . = ALIGN (0x4)
                [!provide]                PROVIDE (__end_data_RAM2, .)

.data_RAM3      0x20008000        0x0 load address 0x1b004d48
 FILL mask 0xff
                [!provide]                PROVIDE (__start_data_RAM3, .)
 *(.ramfunc.$RAM3)
 *(.ramfunc.$RamAHB16)
 *(.data.$RAM3*)
 *(.data.$RamAHB16*)
                0x20008000                . = ALIGN (0x4)
                [!provide]                PROVIDE (__end_data_RAM3, .)

.data_RAM4      0x2000c000        0x0 load address 0x1b004d48
 FILL mask 0xff
                [!provide]                PROVIDE (__start_data_RAM4, .)
 *(.ramfunc.$RAM4)
 *(.ramfunc.$RamAHB_ETB16)
 *(.data.$RAM4*)
 *(.data.$RamAHB_ETB16*)
                0x2000c000                . = ALIGN (0x4)
                [!provide]                PROVIDE (__end_data_RAM4, .)

.uninit_RESERVED
                0x10080000        0x0
 *(.bss.$RESERVED*)
                0x10080000                . = ALIGN (0x4)
                0x10080000                _end_uninit_RESERVED = .

.data           0x10080000        0x8 load address 0x1b004d48
 FILL mask 0xff
                0x10080000                _data = .
 *(vtable)
 *(.ramfunc*)
 *(.data*)
 .data.TEST_GROUP_Device_Task
                0x10080000        0x4 ./src/Device_Task_Test.o
 .data.malloc_fail_countdown
                0x10080004        0x4 ./ceedling/extras/fixture/src/unity_fixture.o
                0x10080008                . = ALIGN (0x4)
                0x10080008                _edata = .

.igot.plt       0x10080008        0x0 load address 0x1b004d50
 .igot.plt      0x10080008        0x0 ./src/Device_Task_Test.o

.bss_RAM2       0x20000000        0x0
                [!provide]                PROVIDE (__start_bss_RAM2, .)
 *(.bss.$RAM2*)
 *(.bss.$RamAHB32*)
                0x20000000                . = ALIGN ((. != 0x0)?0x4:0x1)
                [!provide]                PROVIDE (__end_bss_RAM2, .)

.bss_RAM3       0x20008000        0x0
                [!provide]                PROVIDE (__start_bss_RAM3, .)
 *(.bss.$RAM3*)
 *(.bss.$RamAHB16*)
                0x20008000                . = ALIGN ((. != 0x0)?0x4:0x1)
                [!provide]                PROVIDE (__end_bss_RAM3, .)

.bss_RAM4       0x2000c000        0x0
                [!provide]                PROVIDE (__start_bss_RAM4, .)
 *(.bss.$RAM4*)
 *(.bss.$RamAHB_ETB16*)
                0x2000c000                . = ALIGN ((. != 0x0)?0x4:0x1)
                [!provide]                PROVIDE (__end_bss_RAM4, .)

.bss            0x10080008      0x43c
                0x10080008                _bss = .
 *(.bss*)
 .bss.pxCurrentTCB
                0x10080008        0x4 ./freertos/src/tasks.o
                0x10080008                pxCurrentTCB
 .bss.pxReadyTasksLists
                0x1008000c       0xa0 ./freertos/src/tasks.o
 .bss.uxTopReadyPriority
                0x100800ac        0x4 ./freertos/src/tasks.o
 .bss.xYieldPending
                0x100800b0        0x4 ./freertos/src/tasks.o
 .bss.uxSchedulerSuspended
                0x100800b4        0x4 ./freertos/src/tasks.o
 .bss.Unity     0x100800b8       0x80 ./ceedling/src/unity.o
                0x100800b8                Unity
 .bss.UnityFixture
                0x10080138       0x10 ./ceedling/extras/fixture/src/unity_fixture.o
                0x10080138                UnityFixture
 .bss.malloc_count
                0x10080148        0x4 ./ceedling/extras/fixture/src/unity_fixture.o
 .bss.pointer_store
                0x1008014c      0x190 ./ceedling/extras/fixture/src/unity_fixture.o
 .bss.pointer_index
                0x100802dc        0x4 ./ceedling/extras/fixture/src/unity_fixture.o
 .bss.memreg_shadow
                0x100802e0        0x2 D:\Metran_Project\FH-310\workspace\lpc_board_ea_oem_4357_m0\Debug\liblpc_board_ea_oem_4357_m0.a(board.o)
 .bss.blink0Shadow
                0x100802e2        0x2 D:\Metran_Project\FH-310\workspace\lpc_board_ea_oem_4357_m0\Debug\liblpc_board_ea_oem_4357_m0.a(pca9532.o)
 .bss.blink1Shadow
                0x100802e4        0x2 D:\Metran_Project\FH-310\workspace\lpc_board_ea_oem_4357_m0\Debug\liblpc_board_ea_oem_4357_m0.a(pca9532.o)
 .bss.ledStateShadow
                0x100802e6        0x2 D:\Metran_Project\FH-310\workspace\lpc_board_ea_oem_4357_m0\Debug\liblpc_board_ea_oem_4357_m0.a(pca9532.o)
 .bss.audio_usb_pll_freq
                0x100802e8        0x8 D:\Metran_Project\FH-310\workspace\lpc_chip_43xx_m0\Debug\liblpc_chip_43xx_m0.a(clock_18xx_43xx.o)
 .bss._extra    0x100802f0        0x4 c:/nxp/lpcxpresso_8.1.4_606/lpcxpresso/tools/bin/../lib/gcc/arm-none-eabi/5.2.1/../../../../arm-none-eabi/lib/armv6-m\libcr_c.a(initio.o)
                0x100802f0                _extra
 .bss.__Ciob    0x100802f4      0x140 c:/nxp/lpcxpresso_8.1.4_606/lpcxpresso/tools/bin/../lib/gcc/arm-none-eabi/5.2.1/../../../../arm-none-eabi/lib/armv6-m\libcr_c.a(stdio.o)
                0x100802f4                __Ciob
 .bss.__heaps   0x10080434        0x4 c:/nxp/lpcxpresso_8.1.4_606/lpcxpresso/tools/bin/../lib/gcc/arm-none-eabi/5.2.1/../../../../arm-none-eabi/lib/armv6-m\libcr_c.a(__init_alloc.o)
                0x10080434                __heaps
 .bss.__end_of_heap
                0x10080438        0x4 c:/nxp/lpcxpresso_8.1.4_606/lpcxpresso/tools/bin/../lib/gcc/arm-none-eabi/5.2.1/../../../../arm-none-eabi/lib/armv6-m\libcr_c.a(__init_alloc.o)
                0x10080438                __end_of_heap
 .bss.errno     0x1008043c        0x4 c:/nxp/lpcxpresso_8.1.4_606/lpcxpresso/tools/bin/../lib/gcc/arm-none-eabi/5.2.1/../../../../arm-none-eabi/lib/armv6-m\libcr_c.a(errno.o)
                0x1008043c                errno
 *(COMMON)
 COMMON         0x10080440        0x4 D:\Metran_Project\FH-310\workspace\lpc_chip_43xx_m0\Debug\liblpc_chip_43xx_m0.a(chip_18xx_43xx.o)
                0x10080440                SystemCoreClock
                0x10080444                . = ALIGN (0x4)
                0x10080444                _ebss = .
                [!provide]                PROVIDE (end, .)

.noinit_RAM2    0x20000000        0x0
 *(.noinit.$RAM2*)
 *(.noinit.$RamAHB32*)
                0x20000000                . = ALIGN (0x4)

.noinit_RAM3    0x20008000        0x0
 *(.noinit.$RAM3*)
 *(.noinit.$RamAHB16*)
                0x20008000                . = ALIGN (0x4)

.noinit_RAM4    0x2000c000        0x0
 *(.noinit.$RAM4*)
 *(.noinit.$RamAHB_ETB16*)
                0x2000c000                . = ALIGN (0x4)

.noinit         0x10080444        0x0
                0x10080444                _noinit = .
 *(.noinit*)
                0x10080444                . = ALIGN (0x4)
                0x10080444                _end_noinit = .
                0x10080444                PROVIDE (_pvHeapStart, DEFINED (__user_heap_base)?__user_heap_base:.)
                0x10088000                PROVIDE (_vStackTop, DEFINED (__user_stack_top)?__user_stack_top:(__top_RamLoc32 - 0x0))
OUTPUT(FH310_m0_unitest.axf elf32-littlearm)

.debug_info     0x00000000     0x9cbc
 .debug_info    0x00000000      0x16e ./src/Device_Task_Test.o
 .debug_info    0x0000016e       0xaf ./src/Device_Task_Test_Runner.o
 .debug_info    0x0000021d      0x101 ./src/FH310_m0_unitest.o
 .debug_info    0x0000031e      0x20f ./src/cr_startup_lpc43xx-m0app.o
 .debug_info    0x0000052d      0x168 ./freertos/src/FreeRTOSCommonHooks.o
 .debug_info    0x00000695      0x6fd ./freertos/src/port.o
 .debug_info    0x00000d92     0x1620 ./freertos/src/tasks.o
 .debug_info    0x000023b2     0x11af ./ceedling/src/unity.o
 .debug_info    0x00003561      0x81e ./ceedling/extras/fixture/src/unity_fixture.o
 .debug_info    0x00003d7f      0x7dd ./DeviceTask/device_task.o
 .debug_info    0x0000455c      0xdde ./DeviceTask/ipc_msg.o
 .debug_info    0x0000533a     0x1a79 D:\Metran_Project\FH-310\workspace\lpc_board_ea_oem_4357_m0\Debug\liblpc_board_ea_oem_4357_m0.a(board.o)
 .debug_info    0x00006db3      0xa11 D:\Metran_Project\FH-310\workspace\lpc_board_ea_oem_4357_m0\Debug\liblpc_board_ea_oem_4357_m0.a(pca9532.o)
 .debug_info    0x000077c4      0xa0d D:\Metran_Project\FH-310\workspace\lpc_chip_43xx_m0\Debug\liblpc_chip_43xx_m0.a(chip_18xx_43xx.o)
 .debug_info    0x000081d1     0x138e D:\Metran_Project\FH-310\workspace\lpc_chip_43xx_m0\Debug\liblpc_chip_43xx_m0.a(clock_18xx_43xx.o)
 .debug_info    0x0000955f      0x75d D:\Metran_Project\FH-310\workspace\lpc_chip_43xx_m0\Debug\liblpc_chip_43xx_m0.a(i2cm_18xx_43xx.o)

.debug_abbrev   0x00000000     0x1b81
 .debug_abbrev  0x00000000       0xa1 ./src/Device_Task_Test.o
 .debug_abbrev  0x000000a1       0x5f ./src/Device_Task_Test_Runner.o
 .debug_abbrev  0x00000100       0x9a ./src/FH310_m0_unitest.o
 .debug_abbrev  0x0000019a       0xe6 ./src/cr_startup_lpc43xx-m0app.o
 .debug_abbrev  0x00000280       0xf9 ./freertos/src/FreeRTOSCommonHooks.o
 .debug_abbrev  0x00000379      0x1b9 ./freertos/src/port.o
 .debug_abbrev  0x00000532      0x256 ./freertos/src/tasks.o
 .debug_abbrev  0x00000788      0x27c ./ceedling/src/unity.o
 .debug_abbrev  0x00000a04      0x289 ./ceedling/extras/fixture/src/unity_fixture.o
 .debug_abbrev  0x00000c8d      0x14a ./DeviceTask/device_task.o
 .debug_abbrev  0x00000dd7      0x2ed ./DeviceTask/ipc_msg.o
 .debug_abbrev  0x000010c4      0x360 D:\Metran_Project\FH-310\workspace\lpc_board_ea_oem_4357_m0\Debug\liblpc_board_ea_oem_4357_m0.a(board.o)
 .debug_abbrev  0x00001424      0x1cc D:\Metran_Project\FH-310\workspace\lpc_board_ea_oem_4357_m0\Debug\liblpc_board_ea_oem_4357_m0.a(pca9532.o)
 .debug_abbrev  0x000015f0      0x144 D:\Metran_Project\FH-310\workspace\lpc_chip_43xx_m0\Debug\liblpc_chip_43xx_m0.a(chip_18xx_43xx.o)
 .debug_abbrev  0x00001734      0x29d D:\Metran_Project\FH-310\workspace\lpc_chip_43xx_m0\Debug\liblpc_chip_43xx_m0.a(clock_18xx_43xx.o)
 .debug_abbrev  0x000019d1      0x1b0 D:\Metran_Project\FH-310\workspace\lpc_chip_43xx_m0\Debug\liblpc_chip_43xx_m0.a(i2cm_18xx_43xx.o)

.debug_aranges  0x00000000      0x9c0
 .debug_aranges
                0x00000000       0x38 ./src/Device_Task_Test.o
 .debug_aranges
                0x00000038       0x20 ./src/Device_Task_Test_Runner.o
 .debug_aranges
                0x00000058       0x28 ./src/FH310_m0_unitest.o
 .debug_aranges
                0x00000080       0x58 ./src/cr_startup_lpc43xx-m0app.o
 .debug_aranges
                0x000000d8       0x40 ./freertos/src/FreeRTOSCommonHooks.o
 .debug_aranges
                0x00000118       0x88 ./freertos/src/port.o
 .debug_aranges
                0x000001a0      0x170 ./freertos/src/tasks.o
 .debug_aranges
                0x00000310      0x128 ./ceedling/src/unity.o
 .debug_aranges
                0x00000438       0xc0 ./ceedling/extras/fixture/src/unity_fixture.o
 .debug_aranges
                0x000004f8       0x48 ./DeviceTask/device_task.o
 .debug_aranges
                0x00000540       0x90 ./DeviceTask/ipc_msg.o
 .debug_aranges
                0x000005d0      0x168 D:\Metran_Project\FH-310\workspace\lpc_board_ea_oem_4357_m0\Debug\liblpc_board_ea_oem_4357_m0.a(board.o)
 .debug_aranges
                0x00000738       0x80 D:\Metran_Project\FH-310\workspace\lpc_board_ea_oem_4357_m0\Debug\liblpc_board_ea_oem_4357_m0.a(pca9532.o)
 .debug_aranges
                0x000007b8       0x40 D:\Metran_Project\FH-310\workspace\lpc_chip_43xx_m0\Debug\liblpc_chip_43xx_m0.a(chip_18xx_43xx.o)
 .debug_aranges
                0x000007f8      0x128 D:\Metran_Project\FH-310\workspace\lpc_chip_43xx_m0\Debug\liblpc_chip_43xx_m0.a(clock_18xx_43xx.o)
 .debug_aranges
                0x00000920       0xa0 D:\Metran_Project\FH-310\workspace\lpc_chip_43xx_m0\Debug\liblpc_chip_43xx_m0.a(i2cm_18xx_43xx.o)

.debug_ranges   0x00000000      0x8c0
 .debug_ranges  0x00000000       0x28 ./src/Device_Task_Test.o
 .debug_ranges  0x00000028       0x10 ./src/Device_Task_Test_Runner.o
 .debug_ranges  0x00000038       0x18 ./src/FH310_m0_unitest.o
 .debug_ranges  0x00000050       0x48 ./src/cr_startup_lpc43xx-m0app.o
 .debug_ranges  0x00000098       0x30 ./freertos/src/FreeRTOSCommonHooks.o
 .debug_ranges  0x000000c8       0x78 ./freertos/src/port.o
 .debug_ranges  0x00000140      0x160 ./freertos/src/tasks.o
 .debug_ranges  0x000002a0      0x118 ./ceedling/src/unity.o
 .debug_ranges  0x000003b8       0xb0 ./ceedling/extras/fixture/src/unity_fixture.o
 .debug_ranges  0x00000468       0x38 ./DeviceTask/device_task.o
 .debug_ranges  0x000004a0       0x80 ./DeviceTask/ipc_msg.o
 .debug_ranges  0x00000520      0x158 D:\Metran_Project\FH-310\workspace\lpc_board_ea_oem_4357_m0\Debug\liblpc_board_ea_oem_4357_m0.a(board.o)
 .debug_ranges  0x00000678       0x70 D:\Metran_Project\FH-310\workspace\lpc_board_ea_oem_4357_m0\Debug\liblpc_board_ea_oem_4357_m0.a(pca9532.o)
 .debug_ranges  0x000006e8       0x30 D:\Metran_Project\FH-310\workspace\lpc_chip_43xx_m0\Debug\liblpc_chip_43xx_m0.a(chip_18xx_43xx.o)
 .debug_ranges  0x00000718      0x118 D:\Metran_Project\FH-310\workspace\lpc_chip_43xx_m0\Debug\liblpc_chip_43xx_m0.a(clock_18xx_43xx.o)
 .debug_ranges  0x00000830       0x90 D:\Metran_Project\FH-310\workspace\lpc_chip_43xx_m0\Debug\liblpc_chip_43xx_m0.a(i2cm_18xx_43xx.o)

.debug_macro    0x00000000     0x85f4
 .debug_macro   0x00000000       0xe4 ./src/Device_Task_Test.o
 .debug_macro   0x000000e4      0x84a ./src/Device_Task_Test.o
 .debug_macro   0x0000092e       0x10 ./src/Device_Task_Test.o
 .debug_macro   0x0000093e       0x10 ./src/Device_Task_Test.o
 .debug_macro   0x0000094e      0x12d ./src/Device_Task_Test.o
 .debug_macro   0x00000a7b      0x5b2 ./src/Device_Task_Test.o
 .debug_macro   0x0000102d       0x7c ./src/Device_Task_Test.o
 .debug_macro   0x000010a9       0xc4 ./src/Device_Task_Test.o
 .debug_macro   0x0000116d       0x6a ./src/Device_Task_Test.o
 .debug_macro   0x000011d7       0xa0 ./src/Device_Task_Test.o
 .debug_macro   0x00001277      0x2f1 ./src/Device_Task_Test.o
 .debug_macro   0x00001568      0x4c0 ./src/Device_Task_Test.o
 .debug_macro   0x00001a28       0x10 ./src/Device_Task_Test.o
 .debug_macro   0x00001a38       0x28 ./src/Device_Task_Test.o
 .debug_macro   0x00001a60       0x64 ./src/Device_Task_Test.o
 .debug_macro   0x00001ac4       0x46 ./src/Device_Task_Test.o
 .debug_macro   0x00001b0a       0xd1 ./src/Device_Task_Test_Runner.o
 .debug_macro   0x00001bdb      0x393 ./src/FH310_m0_unitest.o
 .debug_macro   0x00001f6e       0x16 ./src/FH310_m0_unitest.o
 .debug_macro   0x00001f84       0x22 ./src/FH310_m0_unitest.o
 .debug_macro   0x00001fa6       0x7b ./src/FH310_m0_unitest.o
 .debug_macro   0x00002021       0x22 ./src/FH310_m0_unitest.o
 .debug_macro   0x00002043       0x3a ./src/FH310_m0_unitest.o
 .debug_macro   0x0000207d       0x1f ./src/FH310_m0_unitest.o
 .debug_macro   0x0000209c      0x242 ./src/FH310_m0_unitest.o
 .debug_macro   0x000022de      0x2bc ./src/FH310_m0_unitest.o
 .debug_macro   0x0000259a      0x112 ./src/FH310_m0_unitest.o
 .debug_macro   0x000026ac       0x11 ./src/FH310_m0_unitest.o
 .debug_macro   0x000026bd       0x1e ./src/FH310_m0_unitest.o
 .debug_macro   0x000026db       0x16 ./src/FH310_m0_unitest.o
 .debug_macro   0x000026f1      0x2e6 ./src/FH310_m0_unitest.o
 .debug_macro   0x000029d7       0x82 ./src/FH310_m0_unitest.o
 .debug_macro   0x00002a59      0x13d ./src/FH310_m0_unitest.o
 .debug_macro   0x00002b96      0x198 ./src/FH310_m0_unitest.o
 .debug_macro   0x00002d2e       0x34 ./src/FH310_m0_unitest.o
 .debug_macro   0x00002d62       0x58 ./src/FH310_m0_unitest.o
 .debug_macro   0x00002dba      0x236 ./src/FH310_m0_unitest.o
 .debug_macro   0x00002ff0      0x572 ./src/FH310_m0_unitest.o
 .debug_macro   0x00003562       0x16 ./src/FH310_m0_unitest.o
 .debug_macro   0x00003578      0x18a ./src/FH310_m0_unitest.o
 .debug_macro   0x00003702       0x88 ./src/FH310_m0_unitest.o
 .debug_macro   0x0000378a      0x1b9 ./src/FH310_m0_unitest.o
 .debug_macro   0x00003943      0x1da ./src/FH310_m0_unitest.o
 .debug_macro   0x00003b1d       0x40 ./src/FH310_m0_unitest.o
 .debug_macro   0x00003b5d       0x1c ./src/FH310_m0_unitest.o
 .debug_macro   0x00003b79       0x3a ./src/FH310_m0_unitest.o
 .debug_macro   0x00003bb3       0x2e ./src/FH310_m0_unitest.o
 .debug_macro   0x00003be1       0x22 ./src/FH310_m0_unitest.o
 .debug_macro   0x00003c03      0x201 ./src/FH310_m0_unitest.o
 .debug_macro   0x00003e04       0xe0 ./src/FH310_m0_unitest.o
 .debug_macro   0x00003ee4      0x34c ./src/FH310_m0_unitest.o
 .debug_macro   0x00004230       0xdc ./src/FH310_m0_unitest.o
 .debug_macro   0x0000430c       0x94 ./src/FH310_m0_unitest.o
 .debug_macro   0x000043a0       0xb8 ./src/FH310_m0_unitest.o
 .debug_macro   0x00004458       0x4c ./src/FH310_m0_unitest.o
 .debug_macro   0x000044a4       0x16 ./src/FH310_m0_unitest.o
 .debug_macro   0x000044ba      0x328 ./src/FH310_m0_unitest.o
 .debug_macro   0x000047e2       0x3a ./src/FH310_m0_unitest.o
 .debug_macro   0x0000481c       0xd0 ./src/FH310_m0_unitest.o
 .debug_macro   0x000048ec       0x18 ./src/FH310_m0_unitest.o
 .debug_macro   0x00004904       0x22 ./src/FH310_m0_unitest.o
 .debug_macro   0x00004926       0x40 ./src/FH310_m0_unitest.o
 .debug_macro   0x00004966       0x8e ./src/FH310_m0_unitest.o
 .debug_macro   0x000049f4       0x9a ./src/FH310_m0_unitest.o
 .debug_macro   0x00004a8e       0x20 ./src/FH310_m0_unitest.o
 .debug_macro   0x00004aae       0x28 ./src/FH310_m0_unitest.o
 .debug_macro   0x00004ad6      0x124 ./src/FH310_m0_unitest.o
 .debug_macro   0x00004bfa       0x82 ./src/FH310_m0_unitest.o
 .debug_macro   0x00004c7c      0x357 ./src/FH310_m0_unitest.o
 .debug_macro   0x00004fd3       0x1d ./src/cr_startup_lpc43xx-m0app.o
 .debug_macro   0x00004ff0      0x393 ./freertos/src/FreeRTOSCommonHooks.o
 .debug_macro   0x00005383       0x16 ./freertos/src/FreeRTOSCommonHooks.o
 .debug_macro   0x00005399       0x40 ./freertos/src/FreeRTOSCommonHooks.o
 .debug_macro   0x000053d9       0x74 ./freertos/src/FreeRTOSCommonHooks.o
 .debug_macro   0x0000544d       0x11 ./freertos/src/FreeRTOSCommonHooks.o
 .debug_macro   0x0000545e      0x10e ./freertos/src/FreeRTOSCommonHooks.o
 .debug_macro   0x0000556c       0xa9 ./freertos/src/FreeRTOSCommonHooks.o
 .debug_macro   0x00005615       0x12 ./freertos/src/FreeRTOSCommonHooks.o
 .debug_macro   0x00005627       0x1f ./freertos/src/FreeRTOSCommonHooks.o
 .debug_macro   0x00005646      0x353 ./freertos/src/FreeRTOSCommonHooks.o
 .debug_macro   0x00005999       0x79 ./freertos/src/FreeRTOSCommonHooks.o
 .debug_macro   0x00005a12       0x69 ./freertos/src/FreeRTOSCommonHooks.o
 .debug_macro   0x00005a7b      0x3d7 ./freertos/src/port.o
 .debug_macro   0x00005e52      0x43a ./freertos/src/tasks.o
 .debug_macro   0x0000628c       0x17 ./freertos/src/tasks.o
 .debug_macro   0x000062a3       0xbe ./ceedling/src/unity.o
 .debug_macro   0x00006361      0x11c ./ceedling/extras/fixture/src/unity_fixture.o
 .debug_macro   0x0000647d       0x1c ./ceedling/extras/fixture/src/unity_fixture.o
 .debug_macro   0x00006499      0x3c3 ./DeviceTask/device_task.o
 .debug_macro   0x0000685c       0x40 ./DeviceTask/device_task.o
 .debug_macro   0x0000689c       0x10 ./DeviceTask/device_task.o
 .debug_macro   0x000068ac       0xc7 ./DeviceTask/device_task.o
 .debug_macro   0x00006973       0x4e ./DeviceTask/device_task.o
 .debug_macro   0x000069c1      0x369 ./DeviceTask/ipc_msg.o
 .debug_macro   0x00006d2a       0xc1 ./DeviceTask/ipc_msg.o
 .debug_macro   0x00006deb      0x392 D:\Metran_Project\FH-310\workspace\lpc_board_ea_oem_4357_m0\Debug\liblpc_board_ea_oem_4357_m0.a(board.o)
 .debug_macro   0x0000717d      0x838 D:\Metran_Project\FH-310\workspace\lpc_board_ea_oem_4357_m0\Debug\liblpc_board_ea_oem_4357_m0.a(board.o)
 .debug_macro   0x000079b5       0x12 D:\Metran_Project\FH-310\workspace\lpc_board_ea_oem_4357_m0\Debug\liblpc_board_ea_oem_4357_m0.a(board.o)
 .debug_macro   0x000079c7       0xbe D:\Metran_Project\FH-310\workspace\lpc_board_ea_oem_4357_m0\Debug\liblpc_board_ea_oem_4357_m0.a(board.o)
 .debug_macro   0x00007a85      0x335 D:\Metran_Project\FH-310\workspace\lpc_board_ea_oem_4357_m0\Debug\liblpc_board_ea_oem_4357_m0.a(pca9532.o)
 .debug_macro   0x00007dba      0x2ba D:\Metran_Project\FH-310\workspace\lpc_chip_43xx_m0\Debug\liblpc_chip_43xx_m0.a(chip_18xx_43xx.o)
 .debug_macro   0x00008074      0x2c0 D:\Metran_Project\FH-310\workspace\lpc_chip_43xx_m0\Debug\liblpc_chip_43xx_m0.a(clock_18xx_43xx.o)
 .debug_macro   0x00008334      0x2c0 D:\Metran_Project\FH-310\workspace\lpc_chip_43xx_m0\Debug\liblpc_chip_43xx_m0.a(i2cm_18xx_43xx.o)

.debug_line     0x00000000     0x7443
 .debug_line    0x00000000      0x2d4 ./src/Device_Task_Test.o
 .debug_line    0x000002d4      0x24e ./src/Device_Task_Test_Runner.o
 .debug_line    0x00000522      0x7c4 ./src/FH310_m0_unitest.o
 .debug_line    0x00000ce6       0xcf ./src/cr_startup_lpc43xx-m0app.o
 .debug_line    0x00000db5      0x798 ./freertos/src/FreeRTOSCommonHooks.o
 .debug_line    0x0000154d      0x83a ./freertos/src/port.o
 .debug_line    0x00001d87      0xf7c ./freertos/src/tasks.o
 .debug_line    0x00002d03      0x8e2 ./ceedling/src/unity.o
 .debug_line    0x000035e5      0x50c ./ceedling/extras/fixture/src/unity_fixture.o
 .debug_line    0x00003af1      0x834 ./DeviceTask/device_task.o
 .debug_line    0x00004325      0x895 ./DeviceTask/ipc_msg.o
 .debug_line    0x00004bba      0xa66 D:\Metran_Project\FH-310\workspace\lpc_board_ea_oem_4357_m0\Debug\liblpc_board_ea_oem_4357_m0.a(board.o)
 .debug_line    0x00005620      0x784 D:\Metran_Project\FH-310\workspace\lpc_board_ea_oem_4357_m0\Debug\liblpc_board_ea_oem_4357_m0.a(pca9532.o)
 .debug_line    0x00005da4      0x60f D:\Metran_Project\FH-310\workspace\lpc_chip_43xx_m0\Debug\liblpc_chip_43xx_m0.a(chip_18xx_43xx.o)
 .debug_line    0x000063b3      0x920 D:\Metran_Project\FH-310\workspace\lpc_chip_43xx_m0\Debug\liblpc_chip_43xx_m0.a(clock_18xx_43xx.o)
 .debug_line    0x00006cd3      0x770 D:\Metran_Project\FH-310\workspace\lpc_chip_43xx_m0\Debug\liblpc_chip_43xx_m0.a(i2cm_18xx_43xx.o)

.debug_str      0x00000000    0x24272
 .debug_str     0x00000000     0xe544 ./src/Device_Task_Test.o
                               0xe616 (size before relaxing)
 .debug_str     0x0000e544       0x3f ./src/Device_Task_Test_Runner.o
                               0xe3ab (size before relaxing)
 .debug_str     0x0000e583     0xd292 ./src/FH310_m0_unitest.o
                              0x1b65b (size before relaxing)
 .debug_str     0x0001b815      0x162 ./src/cr_startup_lpc43xx-m0app.o
                               0x2535 (size before relaxing)
 .debug_str     0x0001b977     0x28df ./freertos/src/FreeRTOSCommonHooks.o
                              0x1351f (size before relaxing)
 .debug_str     0x0001e256      0xdc4 ./freertos/src/port.o
                              0x14246 (size before relaxing)
 .debug_str     0x0001f01a     0x1aae ./freertos/src/tasks.o
                              0x159f3 (size before relaxing)
 .debug_str     0x00020ac8      0x9c8 ./ceedling/src/unity.o
                               0xe69e (size before relaxing)
 .debug_str     0x00021490      0x2d6 ./ceedling/extras/fixture/src/unity_fixture.o
                               0xe876 (size before relaxing)
 .debug_str     0x00021766      0xad5 ./DeviceTask/device_task.o
                              0x14a4a (size before relaxing)
 .debug_str     0x0002223b      0x678 ./DeviceTask/ipc_msg.o
                              0x121fe (size before relaxing)
 .debug_str     0x000228b3      0xdce D:\Metran_Project\FH-310\workspace\lpc_board_ea_oem_4357_m0\Debug\liblpc_board_ea_oem_4357_m0.a(board.o)
                              0x1243d (size before relaxing)
 .debug_str     0x00023681      0x254 D:\Metran_Project\FH-310\workspace\lpc_board_ea_oem_4357_m0\Debug\liblpc_board_ea_oem_4357_m0.a(pca9532.o)
                              0x11a20 (size before relaxing)
 .debug_str     0x000238d5      0x1d6 D:\Metran_Project\FH-310\workspace\lpc_chip_43xx_m0\Debug\liblpc_chip_43xx_m0.a(chip_18xx_43xx.o)
                              0x10e2e (size before relaxing)
 .debug_str     0x00023aab      0x5e8 D:\Metran_Project\FH-310\workspace\lpc_chip_43xx_m0\Debug\liblpc_chip_43xx_m0.a(clock_18xx_43xx.o)
                              0x11377 (size before relaxing)
 .debug_str     0x00024093      0x1df D:\Metran_Project\FH-310\workspace\lpc_chip_43xx_m0\Debug\liblpc_chip_43xx_m0.a(i2cm_18xx_43xx.o)
                              0x10744 (size before relaxing)

.comment        0x00000000       0x6e
 .comment       0x00000000       0x6e ./src/Device_Task_Test.o
                                 0x6f (size before relaxing)
 .comment       0x0000006e       0x6f ./src/Device_Task_Test_Runner.o
 .comment       0x0000006e       0x6f ./src/FH310_m0_unitest.o
 .comment       0x0000006e       0x6f ./src/cr_startup_lpc43xx-m0app.o
 .comment       0x0000006e       0x6f ./freertos/src/FreeRTOSCommonHooks.o
 .comment       0x0000006e       0x6f ./freertos/src/port.o
 .comment       0x0000006e       0x6f ./freertos/src/tasks.o
 .comment       0x0000006e       0x6f ./ceedling/src/unity.o
 .comment       0x0000006e       0x6f ./ceedling/extras/fixture/src/unity_fixture.o
 .comment       0x0000006e       0x6f ./DeviceTask/device_task.o
 .comment       0x0000006e       0x6f ./DeviceTask/ipc_msg.o
 .comment       0x0000006e       0x6f D:\Metran_Project\FH-310\workspace\lpc_board_ea_oem_4357_m0\Debug\liblpc_board_ea_oem_4357_m0.a(board.o)
 .comment       0x0000006e       0x6f D:\Metran_Project\FH-310\workspace\lpc_board_ea_oem_4357_m0\Debug\liblpc_board_ea_oem_4357_m0.a(pca9532.o)
 .comment       0x0000006e       0x6f D:\Metran_Project\FH-310\workspace\lpc_chip_43xx_m0\Debug\liblpc_chip_43xx_m0.a(chip_18xx_43xx.o)
 .comment       0x0000006e       0x6f D:\Metran_Project\FH-310\workspace\lpc_chip_43xx_m0\Debug\liblpc_chip_43xx_m0.a(clock_18xx_43xx.o)
 .comment       0x0000006e       0x6f D:\Metran_Project\FH-310\workspace\lpc_chip_43xx_m0\Debug\liblpc_chip_43xx_m0.a(i2cm_18xx_43xx.o)
 .comment       0x0000006e       0x6f c:/nxp/lpcxpresso_8.1.4_606/lpcxpresso/tools/bin/../lib/gcc/arm-none-eabi/5.2.1/../../../../arm-none-eabi/lib/armv6-m\libcr_semihost.a(_cr__main.o)
 .comment       0x0000006e       0x6f c:/nxp/lpcxpresso_8.1.4_606/lpcxpresso/tools/bin/../lib/gcc/arm-none-eabi/5.2.1/../../../../arm-none-eabi/lib/armv6-m\libcr_c.a(memcpy.o)
 .comment       0x0000006e       0x6f c:/nxp/lpcxpresso_8.1.4_606/lpcxpresso/tools/bin/../lib/gcc/arm-none-eabi/5.2.1/../../../../arm-none-eabi/lib/armv6-m\libcr_c.a(memset.o)
 .comment       0x0000006e       0x6f c:/nxp/lpcxpresso_8.1.4_606/lpcxpresso/tools/bin/../lib/gcc/arm-none-eabi/5.2.1/../../../../arm-none-eabi/lib/armv6-m\libcr_c.a(_deferredlazyseek.o)
 .comment       0x0000006e       0x6f c:/nxp/lpcxpresso_8.1.4_606/lpcxpresso/tools/bin/../lib/gcc/arm-none-eabi/5.2.1/../../../../arm-none-eabi/lib/armv6-m\libcr_c.a(_fflush.o)
 .comment       0x0000006e       0x6f c:/nxp/lpcxpresso_8.1.4_606/lpcxpresso/tools/bin/../lib/gcc/arm-none-eabi/5.2.1/../../../../arm-none-eabi/lib/armv6-m\libcr_c.a(_writebuf.o)
 .comment       0x0000006e       0x6f c:/nxp/lpcxpresso_8.1.4_606/lpcxpresso/tools/bin/../lib/gcc/arm-none-eabi/5.2.1/../../../../arm-none-eabi/lib/armv6-m\libcr_c.a(alloc.o)
 .comment       0x0000006e       0x6f c:/nxp/lpcxpresso_8.1.4_606/lpcxpresso/tools/bin/../lib/gcc/arm-none-eabi/5.2.1/../../../../arm-none-eabi/lib/armv6-m\libcr_c.a(fflush.o)
 .comment       0x0000006e       0x6f c:/nxp/lpcxpresso_8.1.4_606/lpcxpresso/tools/bin/../lib/gcc/arm-none-eabi/5.2.1/../../../../arm-none-eabi/lib/armv6-m\libcr_c.a(fpprintf.o)
 .comment       0x0000006e       0x6f c:/nxp/lpcxpresso_8.1.4_606/lpcxpresso/tools/bin/../lib/gcc/arm-none-eabi/5.2.1/../../../../arm-none-eabi/lib/armv6-m\libcr_c.a(fseek.o)
 .comment       0x0000006e       0x6f c:/nxp/lpcxpresso_8.1.4_606/lpcxpresso/tools/bin/../lib/gcc/arm-none-eabi/5.2.1/../../../../arm-none-eabi/lib/armv6-m\libcr_c.a(ftell.o)
 .comment       0x0000006e       0x6f c:/nxp/lpcxpresso_8.1.4_606/lpcxpresso/tools/bin/../lib/gcc/arm-none-eabi/5.2.1/../../../../arm-none-eabi/lib/armv6-m\libcr_c.a(initio.o)
 .comment       0x0000006e       0x6f c:/nxp/lpcxpresso_8.1.4_606/lpcxpresso/tools/bin/../lib/gcc/arm-none-eabi/5.2.1/../../../../arm-none-eabi/lib/armv6-m\libcr_c.a(memcmp.o)
 .comment       0x0000006e       0x6f c:/nxp/lpcxpresso_8.1.4_606/lpcxpresso/tools/bin/../lib/gcc/arm-none-eabi/5.2.1/../../../../arm-none-eabi/lib/armv6-m\libcr_c.a(printf.o)
 .comment       0x0000006e       0x6f c:/nxp/lpcxpresso_8.1.4_606/lpcxpresso/tools/bin/../lib/gcc/arm-none-eabi/5.2.1/../../../../arm-none-eabi/lib/armv6-m\libcr_c.a(setvbuf.o)
 .comment       0x0000006e       0x6f c:/nxp/lpcxpresso_8.1.4_606/lpcxpresso/tools/bin/../lib/gcc/arm-none-eabi/5.2.1/../../../../arm-none-eabi/lib/armv6-m\libcr_c.a(stdio.o)
 .comment       0x0000006e       0x6f c:/nxp/lpcxpresso_8.1.4_606/lpcxpresso/tools/bin/../lib/gcc/arm-none-eabi/5.2.1/../../../../arm-none-eabi/lib/armv6-m\libcr_c.a(strcmp.o)
 .comment       0x0000006e       0x6f c:/nxp/lpcxpresso_8.1.4_606/lpcxpresso/tools/bin/../lib/gcc/arm-none-eabi/5.2.1/../../../../arm-none-eabi/lib/armv6-m\libcr_c.a(strlen.o)
 .comment       0x0000006e       0x6f c:/nxp/lpcxpresso_8.1.4_606/lpcxpresso/tools/bin/../lib/gcc/arm-none-eabi/5.2.1/../../../../arm-none-eabi/lib/armv6-m\libcr_c.a(strstr.o)
 .comment       0x0000006e       0x6f c:/nxp/lpcxpresso_8.1.4_606/lpcxpresso/tools/bin/../lib/gcc/arm-none-eabi/5.2.1/../../../../arm-none-eabi/lib/armv6-m\libcr_c.a(__init_alloc.o)
 .comment       0x0000006e       0x6f c:/nxp/lpcxpresso_8.1.4_606/lpcxpresso/tools/bin/../lib/gcc/arm-none-eabi/5.2.1/../../../../arm-none-eabi/lib/armv6-m\libcr_c.a(_cr_sbrk.o)
 .comment       0x0000006e       0x6f c:/nxp/lpcxpresso_8.1.4_606/lpcxpresso/tools/bin/../lib/gcc/arm-none-eabi/5.2.1/../../../../arm-none-eabi/lib/armv6-m\libcr_c.a(_do_fflush.o)
 .comment       0x0000006e       0x6f c:/nxp/lpcxpresso_8.1.4_606/lpcxpresso/tools/bin/../lib/gcc/arm-none-eabi/5.2.1/../../../../arm-none-eabi/lib/armv6-m\libcr_c.a(_fdopen.o)
 .comment       0x0000006e       0x6f c:/nxp/lpcxpresso_8.1.4_606/lpcxpresso/tools/bin/../lib/gcc/arm-none-eabi/5.2.1/../../../../arm-none-eabi/lib/armv6-m\libcr_c.a(_frexpl.o)
 .comment       0x0000006e       0x6f c:/nxp/lpcxpresso_8.1.4_606/lpcxpresso/tools/bin/../lib/gcc/arm-none-eabi/5.2.1/../../../../arm-none-eabi/lib/armv6-m\libcr_c.a(_ldexpl.o)
 .comment       0x0000006e       0x6f c:/nxp/lpcxpresso_8.1.4_606/lpcxpresso/tools/bin/../lib/gcc/arm-none-eabi/5.2.1/../../../../arm-none-eabi/lib/armv6-m\libcr_c.a(errno.o)
 .comment       0x0000006e       0x6f c:/nxp/lpcxpresso_8.1.4_606/lpcxpresso/tools/bin/../lib/gcc/arm-none-eabi/5.2.1/../../../../arm-none-eabi/lib/armv6-m\libcr_c.a(fclose.o)
 .comment       0x0000006e       0x6f c:/nxp/lpcxpresso_8.1.4_606/lpcxpresso/tools/bin/../lib/gcc/arm-none-eabi/5.2.1/../../../../arm-none-eabi/lib/armv6-m\libcr_c.a(remove.o)
 .comment       0x0000006e       0x6f c:/nxp/lpcxpresso_8.1.4_606/lpcxpresso/tools/bin/../lib/gcc/arm-none-eabi/5.2.1/../../../../arm-none-eabi/lib/armv6-m\libcr_c.a(_cr_check_heap.o)
 .comment       0x0000006e       0x6f c:/nxp/lpcxpresso_8.1.4_606/lpcxpresso/tools/bin/../lib/gcc/arm-none-eabi/5.2.1/../../../../arm-none-eabi/lib/armv6-m\libcr_c.a(_hugeval.o)
 .comment       0x0000006e       0x6f c:/nxp/lpcxpresso_8.1.4_606/lpcxpresso/tools/bin/../lib/gcc/arm-none-eabi/5.2.1/armv6-m\libcr_eabihelpers.a(double.o)

.ARM.attributes
                0x00000000       0x2f
 .ARM.attributes
                0x00000000       0x31 ./src/Device_Task_Test.o
 .ARM.attributes
                0x00000031       0x31 ./src/Device_Task_Test_Runner.o
 .ARM.attributes
                0x00000062       0x31 ./src/FH310_m0_unitest.o
 .ARM.attributes
                0x00000093       0x31 ./src/cr_startup_lpc43xx-m0app.o
 .ARM.attributes
                0x000000c4       0x31 ./freertos/src/FreeRTOSCommonHooks.o
 .ARM.attributes
                0x000000f5       0x31 ./freertos/src/port.o
 .ARM.attributes
                0x00000126       0x31 ./freertos/src/tasks.o
 .ARM.attributes
                0x00000157       0x31 ./ceedling/src/unity.o
 .ARM.attributes
                0x00000188       0x31 ./ceedling/extras/fixture/src/unity_fixture.o
 .ARM.attributes
                0x000001b9       0x31 ./DeviceTask/device_task.o
 .ARM.attributes
                0x000001ea       0x31 ./DeviceTask/ipc_msg.o
 .ARM.attributes
                0x0000021b       0x31 D:\Metran_Project\FH-310\workspace\lpc_board_ea_oem_4357_m0\Debug\liblpc_board_ea_oem_4357_m0.a(board.o)
 .ARM.attributes
                0x0000024c       0x31 D:\Metran_Project\FH-310\workspace\lpc_board_ea_oem_4357_m0\Debug\liblpc_board_ea_oem_4357_m0.a(pca9532.o)
 .ARM.attributes
                0x0000027d       0x31 D:\Metran_Project\FH-310\workspace\lpc_chip_43xx_m0\Debug\liblpc_chip_43xx_m0.a(chip_18xx_43xx.o)
 .ARM.attributes
                0x000002ae       0x31 D:\Metran_Project\FH-310\workspace\lpc_chip_43xx_m0\Debug\liblpc_chip_43xx_m0.a(clock_18xx_43xx.o)
 .ARM.attributes
                0x000002df       0x31 D:\Metran_Project\FH-310\workspace\lpc_chip_43xx_m0\Debug\liblpc_chip_43xx_m0.a(i2cm_18xx_43xx.o)
 .ARM.attributes
                0x00000310       0x31 c:/nxp/lpcxpresso_8.1.4_606/lpcxpresso/tools/bin/../lib/gcc/arm-none-eabi/5.2.1/../../../../arm-none-eabi/lib/armv6-m\libcr_semihost.a(_cr__main.o)
 .ARM.attributes
                0x00000341       0x31 c:/nxp/lpcxpresso_8.1.4_606/lpcxpresso/tools/bin/../lib/gcc/arm-none-eabi/5.2.1/../../../../arm-none-eabi/lib/armv6-m\libcr_c.a(memcpy.o)
 .ARM.attributes
                0x00000372       0x31 c:/nxp/lpcxpresso_8.1.4_606/lpcxpresso/tools/bin/../lib/gcc/arm-none-eabi/5.2.1/../../../../arm-none-eabi/lib/armv6-m\libcr_c.a(memset.o)
 .ARM.attributes
                0x000003a3       0x31 c:/nxp/lpcxpresso_8.1.4_606/lpcxpresso/tools/bin/../lib/gcc/arm-none-eabi/5.2.1/../../../../arm-none-eabi/lib/armv6-m\libcr_c.a(_deferredlazyseek.o)
 .ARM.attributes
                0x000003d4       0x31 c:/nxp/lpcxpresso_8.1.4_606/lpcxpresso/tools/bin/../lib/gcc/arm-none-eabi/5.2.1/../../../../arm-none-eabi/lib/armv6-m\libcr_c.a(_fflush.o)
 .ARM.attributes
                0x00000405       0x31 c:/nxp/lpcxpresso_8.1.4_606/lpcxpresso/tools/bin/../lib/gcc/arm-none-eabi/5.2.1/../../../../arm-none-eabi/lib/armv6-m\libcr_c.a(_writebuf.o)
 .ARM.attributes
                0x00000436       0x31 c:/nxp/lpcxpresso_8.1.4_606/lpcxpresso/tools/bin/../lib/gcc/arm-none-eabi/5.2.1/../../../../arm-none-eabi/lib/armv6-m\libcr_c.a(alloc.o)
 .ARM.attributes
                0x00000467       0x31 c:/nxp/lpcxpresso_8.1.4_606/lpcxpresso/tools/bin/../lib/gcc/arm-none-eabi/5.2.1/../../../../arm-none-eabi/lib/armv6-m\libcr_c.a(fflush.o)
 .ARM.attributes
                0x00000498       0x31 c:/nxp/lpcxpresso_8.1.4_606/lpcxpresso/tools/bin/../lib/gcc/arm-none-eabi/5.2.1/../../../../arm-none-eabi/lib/armv6-m\libcr_c.a(fpprintf.o)
 .ARM.attributes
                0x000004c9       0x31 c:/nxp/lpcxpresso_8.1.4_606/lpcxpresso/tools/bin/../lib/gcc/arm-none-eabi/5.2.1/../../../../arm-none-eabi/lib/armv6-m\libcr_c.a(fseek.o)
 .ARM.attributes
                0x000004fa       0x31 c:/nxp/lpcxpresso_8.1.4_606/lpcxpresso/tools/bin/../lib/gcc/arm-none-eabi/5.2.1/../../../../arm-none-eabi/lib/armv6-m\libcr_c.a(ftell.o)
 .ARM.attributes
                0x0000052b       0x31 c:/nxp/lpcxpresso_8.1.4_606/lpcxpresso/tools/bin/../lib/gcc/arm-none-eabi/5.2.1/../../../../arm-none-eabi/lib/armv6-m\libcr_c.a(initio.o)
 .ARM.attributes
                0x0000055c       0x21 c:/nxp/lpcxpresso_8.1.4_606/lpcxpresso/tools/bin/../lib/gcc/arm-none-eabi/5.2.1/../../../../arm-none-eabi/lib/armv6-m\libcr_c.a(longjmp.o)
 .ARM.attributes
                0x0000057d       0x31 c:/nxp/lpcxpresso_8.1.4_606/lpcxpresso/tools/bin/../lib/gcc/arm-none-eabi/5.2.1/../../../../arm-none-eabi/lib/armv6-m\libcr_c.a(memcmp.o)
 .ARM.attributes
                0x000005ae       0x31 c:/nxp/lpcxpresso_8.1.4_606/lpcxpresso/tools/bin/../lib/gcc/arm-none-eabi/5.2.1/../../../../arm-none-eabi/lib/armv6-m\libcr_c.a(printf.o)
 .ARM.attributes
                0x000005df       0x21 c:/nxp/lpcxpresso_8.1.4_606/lpcxpresso/tools/bin/../lib/gcc/arm-none-eabi/5.2.1/../../../../arm-none-eabi/lib/armv6-m\libcr_c.a(setjmp.o)
 .ARM.attributes
                0x00000600       0x31 c:/nxp/lpcxpresso_8.1.4_606/lpcxpresso/tools/bin/../lib/gcc/arm-none-eabi/5.2.1/../../../../arm-none-eabi/lib/armv6-m\libcr_c.a(setvbuf.o)
 .ARM.attributes
                0x00000631       0x31 c:/nxp/lpcxpresso_8.1.4_606/lpcxpresso/tools/bin/../lib/gcc/arm-none-eabi/5.2.1/../../../../arm-none-eabi/lib/armv6-m\libcr_c.a(stdio.o)
 .ARM.attributes
                0x00000662       0x31 c:/nxp/lpcxpresso_8.1.4_606/lpcxpresso/tools/bin/../lib/gcc/arm-none-eabi/5.2.1/../../../../arm-none-eabi/lib/armv6-m\libcr_c.a(strcmp.o)
 .ARM.attributes
                0x00000693       0x31 c:/nxp/lpcxpresso_8.1.4_606/lpcxpresso/tools/bin/../lib/gcc/arm-none-eabi/5.2.1/../../../../arm-none-eabi/lib/armv6-m\libcr_c.a(strlen.o)
 .ARM.attributes
                0x000006c4       0x31 c:/nxp/lpcxpresso_8.1.4_606/lpcxpresso/tools/bin/../lib/gcc/arm-none-eabi/5.2.1/../../../../arm-none-eabi/lib/armv6-m\libcr_c.a(strstr.o)
 .ARM.attributes
                0x000006f5       0x31 c:/nxp/lpcxpresso_8.1.4_606/lpcxpresso/tools/bin/../lib/gcc/arm-none-eabi/5.2.1/../../../../arm-none-eabi/lib/armv6-m\libcr_c.a(__init_alloc.o)
 .ARM.attributes
                0x00000726       0x31 c:/nxp/lpcxpresso_8.1.4_606/lpcxpresso/tools/bin/../lib/gcc/arm-none-eabi/5.2.1/../../../../arm-none-eabi/lib/armv6-m\libcr_c.a(_cr_sbrk.o)
 .ARM.attributes
                0x00000757       0x31 c:/nxp/lpcxpresso_8.1.4_606/lpcxpresso/tools/bin/../lib/gcc/arm-none-eabi/5.2.1/../../../../arm-none-eabi/lib/armv6-m\libcr_c.a(_do_fflush.o)
 .ARM.attributes
                0x00000788       0x31 c:/nxp/lpcxpresso_8.1.4_606/lpcxpresso/tools/bin/../lib/gcc/arm-none-eabi/5.2.1/../../../../arm-none-eabi/lib/armv6-m\libcr_c.a(_fdopen.o)
 .ARM.attributes
                0x000007b9       0x31 c:/nxp/lpcxpresso_8.1.4_606/lpcxpresso/tools/bin/../lib/gcc/arm-none-eabi/5.2.1/../../../../arm-none-eabi/lib/armv6-m\libcr_c.a(_frexpl.o)
 .ARM.attributes
                0x000007ea       0x31 c:/nxp/lpcxpresso_8.1.4_606/lpcxpresso/tools/bin/../lib/gcc/arm-none-eabi/5.2.1/../../../../arm-none-eabi/lib/armv6-m\libcr_c.a(_ldexpl.o)
 .ARM.attributes
                0x0000081b       0x31 c:/nxp/lpcxpresso_8.1.4_606/lpcxpresso/tools/bin/../lib/gcc/arm-none-eabi/5.2.1/../../../../arm-none-eabi/lib/armv6-m\libcr_c.a(errno.o)
 .ARM.attributes
                0x0000084c       0x31 c:/nxp/lpcxpresso_8.1.4_606/lpcxpresso/tools/bin/../lib/gcc/arm-none-eabi/5.2.1/../../../../arm-none-eabi/lib/armv6-m\libcr_c.a(fclose.o)
 .ARM.attributes
                0x0000087d       0x31 c:/nxp/lpcxpresso_8.1.4_606/lpcxpresso/tools/bin/../lib/gcc/arm-none-eabi/5.2.1/../../../../arm-none-eabi/lib/armv6-m\libcr_c.a(remove.o)
 .ARM.attributes
                0x000008ae       0x31 c:/nxp/lpcxpresso_8.1.4_606/lpcxpresso/tools/bin/../lib/gcc/arm-none-eabi/5.2.1/../../../../arm-none-eabi/lib/armv6-m\libcr_c.a(_cr_check_heap.o)
 .ARM.attributes
                0x000008df       0x31 c:/nxp/lpcxpresso_8.1.4_606/lpcxpresso/tools/bin/../lib/gcc/arm-none-eabi/5.2.1/../../../../arm-none-eabi/lib/armv6-m\libcr_c.a(_hugeval.o)
 .ARM.attributes
                0x00000910       0x21 c:/nxp/lpcxpresso_8.1.4_606/lpcxpresso/tools/bin/../lib/gcc/arm-none-eabi/5.2.1/armv6-m\libcr_eabihelpers.a(division_32.o)
 .ARM.attributes
                0x00000931       0x21 c:/nxp/lpcxpresso_8.1.4_606/lpcxpresso/tools/bin/../lib/gcc/arm-none-eabi/5.2.1/armv6-m\libcr_eabihelpers.a(division_idiv0.o)
 .ARM.attributes
                0x00000952       0x31 c:/nxp/lpcxpresso_8.1.4_606/lpcxpresso/tools/bin/../lib/gcc/arm-none-eabi/5.2.1/armv6-m\libcr_eabihelpers.a(double.o)
 .ARM.attributes
                0x00000983       0x21 c:/nxp/lpcxpresso_8.1.4_606/lpcxpresso/tools/bin/../lib/gcc/arm-none-eabi/5.2.1/armv6-m\libcr_eabihelpers.a(llong.o)
 .ARM.attributes
                0x000009a4       0x21 c:/nxp/lpcxpresso_8.1.4_606/lpcxpresso/tools/bin/../lib/gcc/arm-none-eabi/5.2.1/armv6-m\libcr_eabihelpers.a(memcpy.o)
 .ARM.attributes
                0x000009c5       0x21 c:/nxp/lpcxpresso_8.1.4_606/lpcxpresso/tools/bin/../lib/gcc/arm-none-eabi/5.2.1/../../../../arm-none-eabi/lib/armv6-m\libcr_semihost.a(__sys_appexit.o)
 .ARM.attributes
                0x000009e6       0x21 c:/nxp/lpcxpresso_8.1.4_606/lpcxpresso/tools/bin/../lib/gcc/arm-none-eabi/5.2.1/../../../../arm-none-eabi/lib/armv6-m\libcr_semihost.a(__sys_close.o)
 .ARM.attributes
                0x00000a07       0x21 c:/nxp/lpcxpresso_8.1.4_606/lpcxpresso/tools/bin/../lib/gcc/arm-none-eabi/5.2.1/../../../../arm-none-eabi/lib/armv6-m\libcr_semihost.a(__sys_flen.o)
 .ARM.attributes
                0x00000a28       0x21 c:/nxp/lpcxpresso_8.1.4_606/lpcxpresso/tools/bin/../lib/gcc/arm-none-eabi/5.2.1/../../../../arm-none-eabi/lib/armv6-m\libcr_semihost.a(__sys_istty.o)
 .ARM.attributes
                0x00000a49       0x21 c:/nxp/lpcxpresso_8.1.4_606/lpcxpresso/tools/bin/../lib/gcc/arm-none-eabi/5.2.1/../../../../arm-none-eabi/lib/armv6-m\libcr_semihost.a(__sys_remove.o)
 .ARM.attributes
                0x00000a6a       0x21 c:/nxp/lpcxpresso_8.1.4_606/lpcxpresso/tools/bin/../lib/gcc/arm-none-eabi/5.2.1/../../../../arm-none-eabi/lib/armv6-m\libcr_semihost.a(__sys_seek.o)
 .ARM.attributes
                0x00000a8b       0x21 c:/nxp/lpcxpresso_8.1.4_606/lpcxpresso/tools/bin/../lib/gcc/arm-none-eabi/5.2.1/../../../../arm-none-eabi/lib/armv6-m\libcr_semihost.a(__sys_tmpnam.o)
 .ARM.attributes
                0x00000aac       0x21 c:/nxp/lpcxpresso_8.1.4_606/lpcxpresso/tools/bin/../lib/gcc/arm-none-eabi/5.2.1/../../../../arm-none-eabi/lib/armv6-m\libcr_semihost.a(__sys_write.o)

.debug_frame    0x00000000     0x20d0
 .debug_frame   0x00000000       0x8c ./src/Device_Task_Test.o
 .debug_frame   0x0000008c       0x2c ./src/Device_Task_Test_Runner.o
 .debug_frame   0x000000b8       0x4c ./src/FH310_m0_unitest.o
 .debug_frame   0x00000104       0xfc ./src/cr_startup_lpc43xx-m0app.o
 .debug_frame   0x00000200       0xa4 ./freertos/src/FreeRTOSCommonHooks.o
 .debug_frame   0x000002a4      0x174 ./freertos/src/port.o
 .debug_frame   0x00000418      0x560 ./freertos/src/tasks.o
 .debug_frame   0x00000978      0x43c ./ceedling/src/unity.o
 .debug_frame   0x00000db4      0x29c ./ceedling/extras/fixture/src/unity_fixture.o
 .debug_frame   0x00001050       0xc8 ./DeviceTask/device_task.o
 .debug_frame   0x00001118      0x1d8 ./DeviceTask/ipc_msg.o
 .debug_frame   0x000012f0      0x530 D:\Metran_Project\FH-310\workspace\lpc_board_ea_oem_4357_m0\Debug\liblpc_board_ea_oem_4357_m0.a(board.o)
 .debug_frame   0x00001820      0x1ac D:\Metran_Project\FH-310\workspace\lpc_board_ea_oem_4357_m0\Debug\liblpc_board_ea_oem_4357_m0.a(pca9532.o)
 .debug_frame   0x000019cc       0x9c D:\Metran_Project\FH-310\workspace\lpc_chip_43xx_m0\Debug\liblpc_chip_43xx_m0.a(chip_18xx_43xx.o)
 .debug_frame   0x00001a68      0x438 D:\Metran_Project\FH-310\workspace\lpc_chip_43xx_m0\Debug\liblpc_chip_43xx_m0.a(clock_18xx_43xx.o)
 .debug_frame   0x00001ea0      0x230 D:\Metran_Project\FH-310\workspace\lpc_chip_43xx_m0\Debug\liblpc_chip_43xx_m0.a(i2cm_18xx_43xx.o)
